Archive member included to satisfy reference by file (symbol)

c:/program files (x86)/gnu arm embedded toolchain/10 2021.10/bin/../lib/gcc/arm-none-eabi/10.3.1\libgcc.a(_udivsi3.o)
                              C:/dev/System23/freetribe/build/bootloader/obj/cpu/lib/keyboard.c.o (__aeabi_uidiv)
c:/program files (x86)/gnu arm embedded toolchain/10 2021.10/bin/../lib/gcc/arm-none-eabi/10.3.1\libgcc.a(_divsi3.o)
                              C:/dev/System23/freetribe/build/bootloader/obj/cpu/lib/UGUI/ugui.c.o (__aeabi_idiv)
c:/program files (x86)/gnu arm embedded toolchain/10 2021.10/bin/../lib/gcc/arm-none-eabi/10.3.1\libgcc.a(_dvmd_tls.o)
                              c:/program files (x86)/gnu arm embedded toolchain/10 2021.10/bin/../lib/gcc/arm-none-eabi/10.3.1\libgcc.a(_udivsi3.o) (__aeabi_idiv0)
c:/program files (x86)/gnu arm embedded toolchain/10 2021.10/bin/../lib/gcc/arm-none-eabi/10.3.1\libgcc.a(_aeabi_uldivmod.o)
                              C:/dev/System23/freetribe/build/bootloader/obj/cpu/lib/tinyprintf/tinyprintf.c.o (__aeabi_uldivmod)
c:/program files (x86)/gnu arm embedded toolchain/10 2021.10/bin/../lib/gcc/arm-none-eabi/10.3.1\libgcc.a(_udivmoddi4.o)
                              c:/program files (x86)/gnu arm embedded toolchain/10 2021.10/bin/../lib/gcc/arm-none-eabi/10.3.1\libgcc.a(_aeabi_uldivmod.o) (__udivmoddi4)
c:/program files (x86)/gnu arm embedded toolchain/10 2021.10/bin/../lib/gcc/arm-none-eabi/10.3.1\libgcc.a(_clzdi2.o)
                              c:/program files (x86)/gnu arm embedded toolchain/10 2021.10/bin/../lib/gcc/arm-none-eabi/10.3.1\libgcc.a(_udivmoddi4.o) (__clzdi2)
c:/program files (x86)/gnu arm embedded toolchain/10 2021.10/bin/../lib/gcc/arm-none-eabi/10.3.1\libgcc.a(_clzsi2.o)
                              c:/program files (x86)/gnu arm embedded toolchain/10 2021.10/bin/../lib/gcc/arm-none-eabi/10.3.1\libgcc.a(_clzdi2.o) (__clzsi2)
c:/program files (x86)/gnu arm embedded toolchain/10 2021.10/bin/../lib/gcc/arm-none-eabi/10.3.1/../../../../arm-none-eabi/lib\libc.a(lib_a-exit.o)
                              c:/program files (x86)/gnu arm embedded toolchain/10 2021.10/bin/../lib/gcc/arm-none-eabi/10.3.1/../../../../arm-none-eabi/lib/crt0.o (exit)
c:/program files (x86)/gnu arm embedded toolchain/10 2021.10/bin/../lib/gcc/arm-none-eabi/10.3.1/../../../../arm-none-eabi/lib\libc.a(lib_a-impure.o)
                              c:/program files (x86)/gnu arm embedded toolchain/10 2021.10/bin/../lib/gcc/arm-none-eabi/10.3.1/../../../../arm-none-eabi/lib\libc.a(lib_a-exit.o) (_global_impure_ptr)
c:/program files (x86)/gnu arm embedded toolchain/10 2021.10/bin/../lib/gcc/arm-none-eabi/10.3.1/../../../../arm-none-eabi/lib\libc.a(lib_a-init.o)
                              c:/program files (x86)/gnu arm embedded toolchain/10 2021.10/bin/../lib/gcc/arm-none-eabi/10.3.1/../../../../arm-none-eabi/lib/crt0.o (__libc_init_array)
c:/program files (x86)/gnu arm embedded toolchain/10 2021.10/bin/../lib/gcc/arm-none-eabi/10.3.1/../../../../arm-none-eabi/lib\libc.a(lib_a-memcmp.o)
                              C:/dev/System23/freetribe/build/bootloader/obj/cpu/lib/FatFS/ff.c.o (memcmp)
c:/program files (x86)/gnu arm embedded toolchain/10 2021.10/bin/../lib/gcc/arm-none-eabi/10.3.1/../../../../arm-none-eabi/lib\libc.a(lib_a-memcpy-stub.o)
                              C:/dev/System23/freetribe/build/bootloader/obj/common/ring_buffer.c.o (memcpy)
c:/program files (x86)/gnu arm embedded toolchain/10 2021.10/bin/../lib/gcc/arm-none-eabi/10.3.1/../../../../arm-none-eabi/lib\libc.a(lib_a-memmove.o)
                              C:/dev/System23/freetribe/build/bootloader/obj/cpu/src/bootloader/file_browser.c.o (memmove)
c:/program files (x86)/gnu arm embedded toolchain/10 2021.10/bin/../lib/gcc/arm-none-eabi/10.3.1/../../../../arm-none-eabi/lib\libc.a(lib_a-memset.o)
                              c:/program files (x86)/gnu arm embedded toolchain/10 2021.10/bin/../lib/gcc/arm-none-eabi/10.3.1/../../../../arm-none-eabi/lib/crt0.o (memset)
c:/program files (x86)/gnu arm embedded toolchain/10 2021.10/bin/../lib/gcc/arm-none-eabi/10.3.1/../../../../arm-none-eabi/lib\libc.a(lib_a-strchr.o)
                              C:/dev/System23/freetribe/build/bootloader/obj/cpu/lib/FatFS/ff.c.o (strchr)
c:/program files (x86)/gnu arm embedded toolchain/10 2021.10/bin/../lib/gcc/arm-none-eabi/10.3.1/../../../../arm-none-eabi/lib\libc.a(lib_a-strcmp.o)
                              C:/dev/System23/freetribe/build/bootloader/obj/cpu/src/bootloader/file_browser.c.o (strcmp)
c:/program files (x86)/gnu arm embedded toolchain/10 2021.10/bin/../lib/gcc/arm-none-eabi/10.3.1/../../../../arm-none-eabi/lib\libc.a(lib_a-strlen-stub.o)
                              C:/dev/System23/freetribe/build/bootloader/obj/cpu/src/bootloader/file_browser.c.o (strlen)
c:/program files (x86)/gnu arm embedded toolchain/10 2021.10/bin/../lib/gcc/arm-none-eabi/10.3.1/../../../../arm-none-eabi/lib\libc.a(lib_a-strncat.o)
[...]
Memory Configuration

Name             Origin             Length             Attributes
OC_RAM           0x80000000         0x00020000         xrw
ARM_RAM          0xffff0000         0x00002000         xrw
DDR2_RAM         0xc0000000         0x04000000         rw
*default*        0x00000000         0xffffffff

Linker script and memory map

LOAD c:/program files (x86)/gnu arm embedded toolchain/10 2021.10/bin/../lib/gcc/arm-none-eabi/10.3.1/crti.o
LOAD c:/program files (x86)/gnu arm embedded toolchain/10 2021.10/bin/../lib/gcc/arm-none-eabi/10.3.1/crtbegin.o
LOAD c:/program files (x86)/gnu arm embedded toolchain/10 2021.10/bin/../lib/gcc/arm-none-eabi/10.3.1/../../../../arm-none-eabi/lib/crt0.o
LOAD C:/dev/System23/freetribe/build/bootloader/obj/common/ft_error.c.o
LOAD C:/dev/System23/freetribe/build/bootloader/obj/common/ring_buffer.c.o
LOAD C:/dev/System23/freetribe/build/bootloader/obj/common/utils.c.o
LOAD C:/dev/System23/freetribe/build/bootloader/obj/cpu/lib/keyboard.c.o
LOAD C:/dev/System23/freetribe/build/bootloader/obj/cpu/lib/micro_menu.c.o
LOAD C:/dev/System23/freetribe/build/bootloader/obj/cpu/lib/midi_fsm.c.o
LOAD C:/dev/System23/freetribe/build/bootloader/obj/cpu/lib/sysex_codec.c.o
LOAD C:/dev/System23/freetribe/build/bootloader/obj/cpu/lib/am1802-csl/src/csl_cp15.c.o
LOAD C:/dev/System23/freetribe/build/bootloader/obj/cpu/lib/am1802-csl/src/csl_cppi41dma.c.o
LOAD C:/dev/System23/freetribe/build/bootloader/obj/cpu/lib/am1802-csl/src/csl_cpu.c.o
LOAD C:/dev/System23/freetribe/build/bootloader/obj/cpu/lib/am1802-csl/src/csl_edma.c.o
LOAD C:/dev/System23/freetribe/build/bootloader/obj/cpu/lib/am1802-csl/src/csl_emifa.c.o
LOAD C:/dev/System23/freetribe/build/bootloader/obj/cpu/lib/am1802-csl/src/csl_gpio.c.o
LOAD C:/dev/System23/freetribe/build/bootloader/obj/cpu/lib/am1802-csl/src/csl_interrupt.c.o
LOAD C:/dev/System23/freetribe/build/bootloader/obj/cpu/lib/am1802-csl/src/csl_mcasp.c.o
LOAD C:/dev/System23/freetribe/build/bootloader/obj/cpu/lib/am1802-csl/src/csl_psc.c.o
LOAD C:/dev/System23/freetribe/build/bootloader/obj/cpu/lib/am1802-csl/src/csl_rtc.c.o
LOAD C:/dev/System23/freetribe/build/bootloader/obj/cpu/lib/am1802-csl/src/csl_spi.c.o
LOAD C:/dev/System23/freetribe/build/bootloader/obj/cpu/lib/am1802-csl/src/csl_syscfg.c.o
LOAD C:/dev/System23/freetribe/build/bootloader/obj/cpu/lib/am1802-csl/src/csl_timer.c.o
LOAD C:/dev/System23/freetribe/build/bootloader/obj/cpu/lib/am1802-csl/src/csl_uart.c.o
LOAD C:/dev/System23/freetribe/build/bootloader/obj/cpu/lib/am1802-csl/src/csl_usb.c.o
LOAD C:/dev/System23/freetribe/build/bootloader/obj/cpu/lib/am1802-csl/src/csl_usbphyGS60.c.o
LOAD C:/dev/System23/freetribe/build/bootloader/obj/cpu/lib/am1802-csl/src/csl_watchdog.c.o
LOAD C:/dev/System23/freetribe/build/bootloader/obj/cpu/lib/FatFS/ff.c.o
LOAD C:/dev/System23/freetribe/build/bootloader/obj/cpu/lib/FatFS/ffsystem.c.o
LOAD C:/dev/System23/freetribe/build/bootloader/obj/cpu/lib/FatFS/ffunicode.c.o
LOAD C:/dev/System23/freetribe/build/bootloader/obj/cpu/lib/UGUI/Fonts/arial_10X13.c.o
LOAD C:/dev/System23/freetribe/build/bootloader/obj/cpu/lib/UGUI/Fonts/arial_10X13_cyrillic.c.o
LOAD C:/dev/System23/freetribe/build/bootloader/obj/cpu/lib/UGUI/Fonts/arial_12X15.c.o
LOAD C:/dev/System23/freetribe/build/bootloader/obj/cpu/lib/UGUI/Fonts/arial_12X15_cyrillic.c.o
LOAD C:/dev/System23/freetribe/build/bootloader/obj/cpu/lib/UGUI/Fonts/arial_16X18.c.o
LOAD C:/dev/System23/freetribe/build/bootloader/obj/cpu/lib/UGUI/Fonts/arial_16X18_cyrillic.c.o
LOAD C:/dev/System23/freetribe/build/bootloader/obj/cpu/lib/UGUI/Fonts/arial_20X23.c.o
LOAD C:/dev/System23/freetribe/build/bootloader/obj/cpu/lib/UGUI/Fonts/arial_20X23_cyrillic.c.o
LOAD C:/dev/System23/freetribe/build/bootloader/obj/cpu/lib/UGUI/Fonts/arial_25X28.c.o
LOAD C:/dev/System23/freetribe/build/bootloader/obj/cpu/lib/UGUI/Fonts/arial_25X28_cyrillic.c.o
LOAD C:/dev/System23/freetribe/build/bootloader/obj/cpu/lib/UGUI/Fonts/arial_29X35.c.o
LOAD C:/dev/System23/freetribe/build/bootloader/obj/cpu/lib/UGUI/Fonts/arial_29X35_cyrillic.c.o
LOAD C:/dev/System23/freetribe/build/bootloader/obj/cpu/lib/UGUI/Fonts/arial_35X40.c.o
LOAD C:/dev/System23/freetribe/build/bootloader/obj/cpu/lib/UGUI/Fonts/arial_35X40_cyrillic.c.o
LOAD C:/dev/System23/freetribe/build/bootloader/obj/cpu/lib/UGUI/Fonts/arial_39X45.c.o
LOAD C:/dev/System23/freetribe/build/bootloader/obj/cpu/lib/UGUI/Fonts/arial_39X45_cyrillic.c.o
LOAD C:/dev/System23/freetribe/build/bootloader/obj/cpu/lib/UGUI/Fonts/arial_45X52.c.o
LOAD C:/dev/System23/freetribe/build/bootloader/obj/cpu/lib/UGUI/Fonts/arial_45X52_cyrillic.c.o
LOAD C:/dev/System23/freetribe/build/bootloader/obj/cpu/lib/UGUI/Fonts/arial_49X57.c.o
LOAD C:/dev/System23/freetribe/build/bootloader/obj/cpu/lib/UGUI/Fonts/arial_49X57_cyrillic.c.o
LOAD C:/dev/System23/freetribe/build/bootloader/obj/cpu/lib/UGUI/Fonts/arial_6X6.c.o
LOAD C:/dev/System23/freetribe/build/bootloader/obj/cpu/lib/UGUI/Fonts/arial_6X6_cyrillic.c.o
LOAD C:/dev/System23/freetribe/build/bootloader/obj/cpu/lib/UGUI/Fonts/arial_9X10.c.o
LOAD C:/dev/System23/freetribe/build/bootloader/obj/cpu/lib/UGUI/Fonts/arial_9X10_cyrillic.c.o
LOAD C:/dev/System23/freetribe/build/bootloader/obj/cpu/lib/UGUI/Fonts/font_10x16.c.o
LOAD C:/dev/System23/freetribe/build/bootloader/obj/cpu/lib/UGUI/Fonts/font_12x16.c.o
LOAD C:/dev/System23/freetribe/build/bootloader/obj/cpu/lib/UGUI/Fonts/font_12x20.c.o
LOAD C:/dev/System23/freetribe/build/bootloader/obj/cpu/lib/UGUI/Fonts/font_16x26.c.o
LOAD C:/dev/System23/freetribe/build/bootloader/obj/cpu/lib/UGUI/Fonts/font_22x36.c.o
LOAD C:/dev/System23/freetribe/build/bootloader/obj/cpu/lib/UGUI/Fonts/font_24x40.c.o
LOAD C:/dev/System23/freetribe/build/bootloader/obj/cpu/lib/UGUI/Fonts/font_32x53.c.o
LOAD C:/dev/System23/freetribe/build/bootloader/obj/cpu/lib/UGUI/Fonts/font_4x6.c.o
LOAD C:/dev/System23/freetribe/build/bootloader/obj/cpu/lib/UGUI/Fonts/font_5x12.c.o
LOAD C:/dev/System23/freetribe/build/bootloader/obj/cpu/lib/UGUI/Fonts/font_5x8.c.o
LOAD C:/dev/System23/freetribe/build/bootloader/obj/cpu/lib/UGUI/Fonts/font_6x10.c.o
LOAD C:/dev/System23/freetribe/build/bootloader/obj/cpu/lib/UGUI/Fonts/font_6x8.c.o
LOAD C:/dev/System23/freetribe/build/bootloader/obj/cpu/lib/UGUI/Fonts/font_7x12.c.o
LOAD C:/dev/System23/freetribe/build/bootloader/obj/cpu/lib/UGUI/Fonts/font_8x12.c.o
LOAD C:/dev/System23/freetribe/build/bootloader/obj/cpu/lib/UGUI/Fonts/font_8x12_cyrillic.c.o
LOAD C:/dev/System23/freetribe/build/bootloader/obj/cpu/lib/UGUI/Fonts/font_8x14.c.o
LOAD C:/dev/System23/freetribe/build/bootloader/obj/cpu/lib/UGUI/Fonts/font_8x8.c.o
LOAD C:/dev/System23/freetribe/build/bootloader/obj/cpu/lib/UGUI/ugui.c.o
LOAD C:/dev/System23/freetribe/build/bootloader/obj/cpu/lib/UGUI/ugui_button.c.o
LOAD C:/dev/System23/freetribe/build/bootloader/obj/cpu/lib/UGUI/ugui_checkbox.c.o
LOAD C:/dev/System23/freetribe/build/bootloader/obj/cpu/lib/UGUI/ugui_image.c.o
LOAD C:/dev/System23/freetribe/build/bootloader/obj/cpu/lib/UGUI/ugui_progress.c.o
LOAD C:/dev/System23/freetribe/build/bootloader/obj/cpu/lib/UGUI/ugui_textbox.c.o
LOAD C:/dev/System23/freetribe/build/bootloader/obj/cpu/lib/tinyprintf/tinyprintf.c.o
LOAD C:/dev/System23/freetribe/build/bootloader/obj/cpu/lib/tinyusb/src/tusb.c.o
LOAD C:/dev/System23/freetribe/build/bootloader/obj/cpu/lib/tinyusb/src/common/tusb_fifo.c.o
LOAD C:/dev/System23/freetribe/build/bootloader/obj/cpu/lib/tinyusb/src/device/usbd.c.o
LOAD C:/dev/System23/freetribe/build/bootloader/obj/cpu/lib/tinyusb/src/class/cdc/cdc_device.c.o
LOAD C:/dev/System23/freetribe/build/bootloader/obj/cpu/lib/tinyusb/src/class/dfu/dfu_device.c.o
LOAD C:/dev/System23/freetribe/build/bootloader/obj/cpu/lib/tinyusb/src/class/msc/msc_device.c.o
LOAD C:/dev/System23/freetribe/build/bootloader/obj/cpu/lib/tinyusb/src/class/vendor/vendor_device.c.o
LOAD C:/dev/System23/freetribe/build/bootloader/obj/cpu/lib/tinyusb/src/portable/mentor/musb/dcd_musb.c.o
LOAD C:/dev/System23/freetribe/build/bootloader/obj/cpu/src/bootloader/boot_image.c.o
LOAD C:/dev/System23/freetribe/build/bootloader/obj/cpu/src/bootloader/debug.c.o
LOAD C:/dev/System23/freetribe/build/bootloader/obj/cpu/src/bootloader/exceptionhandler.S.o
LOAD C:/dev/System23/freetribe/build/bootloader/obj/cpu/src/bootloader/file_browser.c.o
LOAD C:/dev/System23/freetribe/build/bootloader/obj/cpu/src/bootloader/flash_bootloader.c.o
LOAD C:/dev/System23/freetribe/build/bootloader/obj/cpu/src/bootloader/gui.c.o
LOAD C:/dev/System23/freetribe/build/bootloader/obj/cpu/src/bootloader/handoff.c.o
LOAD C:/dev/System23/freetribe/build/bootloader/obj/cpu/src/bootloader/init.S.o
LOAD C:/dev/System23/freetribe/build/bootloader/obj/cpu/src/bootloader/main.c.o
LOAD C:/dev/System23/freetribe/build/bootloader/obj/cpu/src/bootloader/startup.c.o
LOAD C:/dev/System23/freetribe/build/bootloader/obj/cpu/src/bootloader/usb/boot_dfu.c.o
LOAD C:/dev/System23/freetribe/build/bootloader/obj/cpu/src/bootloader/usb/boot_msc_disk.c.o
LOAD C:/dev/System23/freetribe/build/bootloader/obj/cpu/src/bootloader/usb/boot_usb.c.o
LOAD C:/dev/System23/freetribe/build/bootloader/obj/cpu/src/bootloader/usb/usb_descriptors.c.o
LOAD C:/dev/System23/freetribe/build/bootloader/obj/cpu/src/kernel/peripheral/per_aintc.c.o
LOAD C:/dev/System23/freetribe/build/bootloader/obj/cpu/src/kernel/peripheral/per_ddr.c.o
LOAD C:/dev/System23/freetribe/build/bootloader/obj/cpu/src/kernel/peripheral/per_gpio.c.o
LOAD C:/dev/System23/freetribe/build/bootloader/obj/cpu/src/kernel/peripheral/per_mmcsd.c.o
LOAD C:/dev/System23/freetribe/build/bootloader/obj/cpu/src/kernel/peripheral/per_mmcsd_prot.c.o
LOAD C:/dev/System23/freetribe/build/bootloader/obj/cpu/src/kernel/peripheral/per_pinmux.c.o
LOAD C:/dev/System23/freetribe/build/bootloader/obj/cpu/src/kernel/peripheral/per_spi.c.o
LOAD C:/dev/System23/freetribe/build/bootloader/obj/cpu/src/kernel/peripheral/per_timer.c.o
LOAD C:/dev/System23/freetribe/build/bootloader/obj/cpu/src/kernel/peripheral/per_uart.c.o
LOAD C:/dev/System23/freetribe/build/bootloader/obj/cpu/src/kernel/peripheral/per_usb.c.o
LOAD C:/dev/System23/freetribe/build/bootloader/obj/cpu/src/kernel/device/dev_board.c.o
LOAD C:/dev/System23/freetribe/build/bootloader/obj/cpu/src/kernel/device/dev_flash.c.o
LOAD C:/dev/System23/freetribe/build/bootloader/obj/cpu/src/kernel/device/dev_lcd.c.o
LOAD C:/dev/System23/freetribe/build/bootloader/obj/cpu/src/kernel/device/dev_mcu.c.o
LOAD C:/dev/System23/freetribe/build/bootloader/obj/cpu/src/kernel/device/dev_sdcard.c.o
LOAD C:/dev/System23/freetribe/build/bootloader/obj/cpu/src/kernel/service/svc_fatfs.c.o
LOAD C:/dev/System23/freetribe/build/bootloader/obj/cpu/src/kernel/service/svc_panel.c.o
LOAD C:/dev/System23/freetribe/build/bootloader/obj/cpu/src/kernel/service/svc_delay.c.o
START GROUP
LOAD c:/program files (x86)/gnu arm embedded toolchain/10 2021.10/bin/../lib/gcc/arm-none-eabi/10.3.1\libgcc.a
LOAD c:/program files (x86)/gnu arm embedded toolchain/10 2021.10/bin/../lib/gcc/arm-none-eabi/10.3.1/../../../../arm-none-eabi/lib\libc.a
END GROUP
LOAD c:/program files (x86)/gnu arm embedded toolchain/10 2021.10/bin/../lib/gcc/arm-none-eabi/10.3.1/crtend.o
LOAD c:/program files (x86)/gnu arm embedded toolchain/10 2021.10/bin/../lib/gcc/arm-none-eabi/10.3.1/crtn.o
                0x00001f80                INITIAL_STACK_SIZE = 0x1f80
                0x00200000                DDR_STACK_SIZE = 0x200000
                0x00000080                VECTOR_TABLE_SIZE = 0x80
                0x00004000                MMU_PAGE_TABLE_SIZE = 0x4000
                0x8001c000                MMU_PAGE_TABLE_ADDR = ((ORIGIN (OC_RAM) + LENGTH (OC_RAM)) - MMU_PAGE_TABLE_SIZE)
                0x00800000                FIRMWARE_RESERVED_SIZE = 0x800000
                0x00020000                BOOTSECT_SIZE = 0x20000

.rsthand        0x80000000       0x98
 *init.S.o(.text)
 .text          0x80000000       0x98 C:/dev/System23/freetribe/build/bootloader/obj/cpu/src/bootloader/init.S.o
                0x80000000                start
                0x8000004c                boot_switch_to_ddr_stacks

.text           0x80000098      0x7ac
 *(.text)
 .text          0x80000098      0x154 C:/dev/System23/freetribe/build/bootloader/obj/cpu/src/bootloader/exceptionhandler.S.o
                0x80000098                SWIHandler
                0x800000b8                IRQHandler
                0x80000144                FIQHandler
                0x80000160                AbortHandler
                0x80000168                UndefInstHandler
 .text          0x800001ec      0x114 c:/program files (x86)/gnu arm embedded toolchain/10 2021.10/bin/../lib/gcc/arm-none-eabi/10.3.1\libgcc.a(_udivsi3.o)
                0x800001ec                __aeabi_uidiv
                0x800001ec                __udivsi3
                0x800002e0                __aeabi_uidivmod
 .text          0x80000300      0x148 c:/program files (x86)/gnu arm embedded toolchain/10 2021.10/bin/../lib/gcc/arm-none-eabi/10.3.1\libgcc.a(_divsi3.o)
                0x80000300                __divsi3
                0x80000300                __aeabi_idiv
                0x80000428                __aeabi_idivmod
 .text          0x80000448        0x4 c:/program files (x86)/gnu arm embedded toolchain/10 2021.10/bin/../lib/gcc/arm-none-eabi/10.3.1\libgcc.a(_dvmd_tls.o)
                0x80000448                __aeabi_idiv0
                0x80000448                __aeabi_ldiv0
 .text          0x8000044c       0x3c c:/program files (x86)/gnu arm embedded toolchain/10 2021.10/bin/../lib/gcc/arm-none-eabi/10.3.1\libgcc.a(_aeabi_uldivmod.o)
                0x8000044c                __aeabi_uldivmod
 .text          0x80000488      0x128 c:/program files (x86)/gnu arm embedded toolchain/10 2021.10/bin/../lib/gcc/arm-none-eabi/10.3.1\libgcc.a(_udivmoddi4.o)
                0x80000488                __udivmoddi4
 .text          0x800005b0       0x28 c:/program files (x86)/gnu arm embedded toolchain/10 2021.10/bin/../lib/gcc/arm-none-eabi/10.3.1\libgcc.a(_clzdi2.o)
                0x800005b0                __clzdi2
 .text          0x800005d8       0x48 c:/program files (x86)/gnu arm embedded toolchain/10 2021.10/bin/../lib/gcc/arm-none-eabi/10.3.1\libgcc.a(_clzsi2.o)
                0x800005d8                __clzsi2
 .text          0x80000620      0x224 c:/program files (x86)/gnu arm embedded toolchain/10 2021.10/bin/../lib/gcc/arm-none-eabi/10.3.1/../../../../arm-none-eabi/lib\libc.a(lib_a-strcmp.o)
                0x80000620                strcmp

.glue_7         0x80000844        0x0
 .glue_7        0x80000844        0x0 linker stubs

.glue_7t        0x80000844        0x0
 .glue_7t       0x80000844        0x0 linker stubs

.vfp11_veneer   0x80000844        0x0
 .vfp11_veneer  0x80000844        0x0 linker stubs

.v4_bx          0x80000844        0x0
 .v4_bx         0x80000844        0x0 linker stubs

.init           0x80000844        0xc
 .init          0x80000844        0xc c:/program files (x86)/gnu arm embedded toolchain/10 2021.10/bin/../lib/gcc/arm-none-eabi/10.3.1/crti.o
                0x80000844                _init

.fini           0x80000850        0xc
 .fini          0x80000850        0xc c:/program files (x86)/gnu arm embedded toolchain/10 2021.10/bin/../lib/gcc/arm-none-eabi/10.3.1/crti.o
                0x80000850                _fini

.text.error_check
                0x8000085c       0x64
 .text.error_check
                0x8000085c       0x64 C:/dev/System23/freetribe/build/bootloader/obj/common/ft_error.c.o
                0x8000085c                error_check

.iplt           0x800008c0        0x0
 .iplt          0x800008c0        0x0 C:/dev/System23/freetribe/build/bootloader/obj/common/ft_error.c.o

.text.ring_buffer_init
                0x800008c0       0x90
 .text.ring_buffer_init
                0x800008c0       0x90 C:/dev/System23/freetribe/build/bootloader/obj/common/ring_buffer.c.o
                0x800008c0                ring_buffer_init

.text.ring_buffer_put_force
                0x80000950       0x8c
 .text.ring_buffer_put_force
                0x80000950       0x8c C:/dev/System23/freetribe/build/bootloader/obj/common/ring_buffer.c.o
                0x80000950                ring_buffer_put_force

.text.ring_buffer_get
                0x800009dc       0x7c
 .text.ring_buffer_get
                0x800009dc       0x7c C:/dev/System23/freetribe/build/bootloader/obj/common/ring_buffer.c.o
                0x800009dc                ring_buffer_get

.text.CP15ICacheEnable
                0x80000a58       0x10
 .text.CP15ICacheEnable
                0x80000a58       0x10 C:/dev/System23/freetribe/build/bootloader/obj/cpu/lib/am1802-csl/src/csl_cp15.c.o
                0x80000a58                CP15ICacheEnable

.text.CP15DCacheEnable
                0x80000a68       0x10
 .text.CP15DCacheEnable
                0x80000a68       0x10 C:/dev/System23/freetribe/build/bootloader/obj/cpu/lib/am1802-csl/src/csl_cp15.c.o
                0x80000a68                CP15DCacheEnable

.text.CP15DCacheFlush
                0x80000a78        0xc
 .text.CP15DCacheFlush
                0x80000a78        0xc C:/dev/System23/freetribe/build/bootloader/obj/cpu/lib/am1802-csl/src/csl_cp15.c.o
                0x80000a78                CP15DCacheFlush

.text.CP15ICacheFlush
                0x80000a84        0xc
 .text.CP15ICacheFlush
                0x80000a84        0xc C:/dev/System23/freetribe/build/bootloader/obj/cpu/lib/am1802-csl/src/csl_cp15.c.o
                0x80000a84                CP15ICacheFlush

.text.CP15ICacheFlushBuff
                0x80000a90       0x1c
 .text.CP15ICacheFlushBuff
                0x80000a90       0x1c C:/dev/System23/freetribe/build/bootloader/obj/cpu/lib/am1802-csl/src/csl_cp15.c.o
                0x80000a90                CP15ICacheFlushBuff

.text.CP15DCacheCleanBuff
                0x80000aac       0x1c
 .text.CP15DCacheCleanBuff
                0x80000aac       0x1c C:/dev/System23/freetribe/build/bootloader/obj/cpu/lib/am1802-csl/src/csl_cp15.c.o
                0x80000aac                CP15DCacheCleanBuff

.text.CP15TtbSet
                0x80000ac8        0x8
 .text.CP15TtbSet
                0x80000ac8        0x8 C:/dev/System23/freetribe/build/bootloader/obj/cpu/lib/am1802-csl/src/csl_cp15.c.o
                0x80000ac8                CP15TtbSet

.text.CP15MMUEnable
                0x80000ad0       0x10
 .text.CP15MMUEnable
                0x80000ad0       0x10 C:/dev/System23/freetribe/build/bootloader/obj/cpu/lib/am1802-csl/src/csl_cp15.c.o
                0x80000ad0                CP15MMUEnable

.text.CP15HighVectorDisable
                0x80000ae0       0x10
 .text.CP15HighVectorDisable
                0x80000ae0       0x10 C:/dev/System23/freetribe/build/bootloader/obj/cpu/lib/am1802-csl/src/csl_cp15.c.o
                0x80000ae0                CP15HighVectorDisable

.text.CP15DomainAccessManager
                0x80000af0       0x10
 .text.CP15DomainAccessManager
                0x80000af0       0x10 C:/dev/System23/freetribe/build/bootloader/obj/cpu/lib/am1802-csl/src/csl_cp15.c.o
                0x80000af0                CP15DomainAccessManager

.text.CP15InvalidateTLB
                0x80000b00        0xc
 .text.CP15InvalidateTLB
                0x80000b00        0xc C:/dev/System23/freetribe/build/bootloader/obj/cpu/lib/am1802-csl/src/csl_cp15.c.o
                0x80000b00                CP15InvalidateTLB

.text.CPUirqd   0x80000b0c       0x10
 .text.CPUirqd  0x80000b0c       0x10 C:/dev/System23/freetribe/build/bootloader/obj/cpu/lib/am1802-csl/src/csl_cpu.c.o
                0x80000b0c                CPUirqd

.text.CPUirqe   0x80000b1c       0x10
 .text.CPUirqe  0x80000b1c       0x10 C:/dev/System23/freetribe/build/bootloader/obj/cpu/lib/am1802-csl/src/csl_cpu.c.o
                0x80000b1c                CPUirqe

.text.GPIOPinWrite
                0x80000b2c       0x48
 .text.GPIOPinWrite
                0x80000b2c       0x48 C:/dev/System23/freetribe/build/bootloader/obj/cpu/lib/am1802-csl/src/csl_gpio.c.o
                0x80000b2c                GPIOPinWrite

.text.GPIOPinRead
                0x80000b74       0x2c
 .text.GPIOPinRead
                0x80000b74       0x2c C:/dev/System23/freetribe/build/bootloader/obj/cpu/lib/am1802-csl/src/csl_gpio.c.o
                0x80000b74                GPIOPinRead

.text.GPIOBankDirModeSet
                0x80000ba0       0x14
 .text.GPIOBankDirModeSet
                0x80000ba0       0x14 C:/dev/System23/freetribe/build/bootloader/obj/cpu/lib/am1802-csl/src/csl_gpio.c.o
                0x80000ba0                GPIOBankDirModeSet

.text.GPIOBankOutputDataSet
                0x80000bb4       0x14
 .text.GPIOBankOutputDataSet
                0x80000bb4       0x14 C:/dev/System23/freetribe/build/bootloader/obj/cpu/lib/am1802-csl/src/csl_gpio.c.o
                0x80000bb4                GPIOBankOutputDataSet

.text.IntDefaultHandler
                0x80000bc8        0x4
 .text.IntDefaultHandler
                0x80000bc8        0x4 C:/dev/System23/freetribe/build/bootloader/obj/cpu/lib/am1802-csl/src/csl_interrupt.c.o

.text.IntRegister
                0x80000bcc       0x10
 .text.IntRegister
                0x80000bcc       0x10 C:/dev/System23/freetribe/build/bootloader/obj/cpu/lib/am1802-csl/src/csl_interrupt.c.o
                0x80000bcc                IntRegister

.text.IntUnRegister
                0x80000bdc       0x18
 .text.IntUnRegister
                0x80000bdc       0x18 C:/dev/System23/freetribe/build/bootloader/obj/cpu/lib/am1802-csl/src/csl_interrupt.c.o
                0x80000bdc                IntUnRegister

.text.IntChannelSet
                0x80000bf4        0xc
 .text.IntChannelSet
                0x80000bf4        0xc C:/dev/System23/freetribe/build/bootloader/obj/cpu/lib/am1802-csl/src/csl_interrupt.c.o
                0x80000bf4                IntChannelSet

.text.IntGlobalEnable
                0x80000c00       0x10
 .text.IntGlobalEnable
                0x80000c00       0x10 C:/dev/System23/freetribe/build/bootloader/obj/cpu/lib/am1802-csl/src/csl_interrupt.c.o
                0x80000c00                IntGlobalEnable

.text.IntSystemEnable
                0x80000c10       0x24
 .text.IntSystemEnable
                0x80000c10       0x24 C:/dev/System23/freetribe/build/bootloader/obj/cpu/lib/am1802-csl/src/csl_interrupt.c.o
                0x80000c10                IntSystemEnable

.text.IntSystemDisable
                0x80000c34       0x20
 .text.IntSystemDisable
                0x80000c34       0x20 C:/dev/System23/freetribe/build/bootloader/obj/cpu/lib/am1802-csl/src/csl_interrupt.c.o
                0x80000c34                IntSystemDisable

.text.IntSystemStatusClear
                0x80000c54       0x20
 .text.IntSystemStatusClear
                0x80000c54       0x20 C:/dev/System23/freetribe/build/bootloader/obj/cpu/lib/am1802-csl/src/csl_interrupt.c.o
                0x80000c54                IntSystemStatusClear

.text.IntIRQEnable
                0x80000c74       0x14
 .text.IntIRQEnable
                0x80000c74       0x14 C:/dev/System23/freetribe/build/bootloader/obj/cpu/lib/am1802-csl/src/csl_interrupt.c.o
                0x80000c74                IntIRQEnable

.text.IntAINTCInit
                0x80000c88       0x6c
 .text.IntAINTCInit
                0x80000c88       0x6c C:/dev/System23/freetribe/build/bootloader/obj/cpu/lib/am1802-csl/src/csl_interrupt.c.o
                0x80000c88                IntAINTCInit

.text.IntMasterIRQEnable
                0x80000cf4        0x4
 .text.IntMasterIRQEnable
                0x80000cf4        0x4 C:/dev/System23/freetribe/build/bootloader/obj/cpu/lib/am1802-csl/src/csl_interrupt.c.o
                0x80000cf4                IntMasterIRQEnable

.text.PSCModuleControl
                0x80000cf8       0xe0
 .text.PSCModuleControl
                0x80000cf8       0xe0 C:/dev/System23/freetribe/build/bootloader/obj/cpu/lib/am1802-csl/src/csl_psc.c.o
                0x80000cf8                PSCModuleControl

.text.SPIEnable
                0x80000dd8       0x10
 .text.SPIEnable
                0x80000dd8       0x10 C:/dev/System23/freetribe/build/bootloader/obj/cpu/lib/am1802-csl/src/csl_spi.c.o
                0x80000dd8                SPIEnable

.text.SPIReset  0x80000de8        0xc
 .text.SPIReset
                0x80000de8        0xc C:/dev/System23/freetribe/build/bootloader/obj/cpu/lib/am1802-csl/src/csl_spi.c.o
                0x80000de8                SPIReset

.text.SPIOutOfReset
                0x80000df4        0xc
 .text.SPIOutOfReset
                0x80000df4        0xc C:/dev/System23/freetribe/build/bootloader/obj/cpu/lib/am1802-csl/src/csl_spi.c.o
                0x80000df4                SPIOutOfReset

.text.SPIModeConfigure
                0x80000e00       0x10
 .text.SPIModeConfigure
                0x80000e00       0x10 C:/dev/System23/freetribe/build/bootloader/obj/cpu/lib/am1802-csl/src/csl_spi.c.o
                0x80000e00                SPIModeConfigure

.text.SPISetPinControl
                0x80000e10        0xc
 .text.SPISetPinControl
                0x80000e10        0xc C:/dev/System23/freetribe/build/bootloader/obj/cpu/lib/am1802-csl/src/csl_spi.c.o
                0x80000e10                SPISetPinControl

.text.SPIDefaultCSSet
                0x80000e1c        0x8
 .text.SPIDefaultCSSet
                0x80000e1c        0x8 C:/dev/System23/freetribe/build/bootloader/obj/cpu/lib/am1802-csl/src/csl_spi.c.o
                0x80000e1c                SPIDefaultCSSet

.text.SPIIntLevelSet
                0x80000e24       0x10
 .text.SPIIntLevelSet
                0x80000e24       0x10 C:/dev/System23/freetribe/build/bootloader/obj/cpu/lib/am1802-csl/src/csl_spi.c.o
                0x80000e24                SPIIntLevelSet

.text.SPIIntDisable
                0x80000e34       0x10
 .text.SPIIntDisable
                0x80000e34       0x10 C:/dev/System23/freetribe/build/bootloader/obj/cpu/lib/am1802-csl/src/csl_spi.c.o
                0x80000e34                SPIIntDisable

.text.SPIIntStatus
                0x80000e44        0xc
 .text.SPIIntStatus
                0x80000e44        0xc C:/dev/System23/freetribe/build/bootloader/obj/cpu/lib/am1802-csl/src/csl_spi.c.o
                0x80000e44                SPIIntStatus

.text.SPIDataReceive
                0x80000e50       0x10
 .text.SPIDataReceive
                0x80000e50       0x10 C:/dev/System23/freetribe/build/bootloader/obj/cpu/lib/am1802-csl/src/csl_spi.c.o
                0x80000e50                SPIDataReceive

.text.SPIInterruptVectorGet
                0x80000e60        0xc
 .text.SPIInterruptVectorGet
                0x80000e60        0xc C:/dev/System23/freetribe/build/bootloader/obj/cpu/lib/am1802-csl/src/csl_spi.c.o
                0x80000e60                SPIInterruptVectorGet

.text.SysCfgRegistersUnlock
                0x80000e6c       0x24
 .text.SysCfgRegistersUnlock
                0x80000e6c       0x24 C:/dev/System23/freetribe/build/bootloader/obj/cpu/lib/am1802-csl/src/csl_syscfg.c.o
                0x80000e6c                SysCfgRegistersUnlock

.text.SysCfgRegistersLock
                0x80000e90       0x18
 .text.SysCfgRegistersLock
                0x80000e90       0x18 C:/dev/System23/freetribe/build/bootloader/obj/cpu/lib/am1802-csl/src/csl_syscfg.c.o
                0x80000e90                SysCfgRegistersLock

.text.TimerEmulationModeSet
                0x80000ea8       0x10
 .text.TimerEmulationModeSet
                0x80000ea8       0x10 C:/dev/System23/freetribe/build/bootloader/obj/cpu/lib/am1802-csl/src/csl_timer.c.o
                0x80000ea8                TimerEmulationModeSet

.text.TimerEnable
                0x80000eb8       0x2c
 .text.TimerEnable
                0x80000eb8       0x2c C:/dev/System23/freetribe/build/bootloader/obj/cpu/lib/am1802-csl/src/csl_timer.c.o
                0x80000eb8                TimerEnable

.text.TimerConfigure
                0x80000ee4       0x3c
 .text.TimerConfigure
                0x80000ee4       0x3c C:/dev/System23/freetribe/build/bootloader/obj/cpu/lib/am1802-csl/src/csl_timer.c.o
                0x80000ee4                TimerConfigure

.text.TimerPeriodSet
                0x80000f20       0x2c
 .text.TimerPeriodSet
                0x80000f20       0x2c C:/dev/System23/freetribe/build/bootloader/obj/cpu/lib/am1802-csl/src/csl_timer.c.o
                0x80000f20                TimerPeriodSet

.text.TimerCounterGet
                0x80000f4c       0x18
 .text.TimerCounterGet
                0x80000f4c       0x18 C:/dev/System23/freetribe/build/bootloader/obj/cpu/lib/am1802-csl/src/csl_timer.c.o
                0x80000f4c                TimerCounterGet

.text.TimerIntEnable
                0x80000f64       0x10
 .text.TimerIntEnable
                0x80000f64       0x10 C:/dev/System23/freetribe/build/bootloader/obj/cpu/lib/am1802-csl/src/csl_timer.c.o
                0x80000f64                TimerIntEnable

.text.TimerIntStatusClear
                0x80000f74       0x2c
 .text.TimerIntStatusClear
                0x80000f74       0x2c C:/dev/System23/freetribe/build/bootloader/obj/cpu/lib/am1802-csl/src/csl_timer.c.o
                0x80000f74                TimerIntStatusClear

.text.ld_32     0x80000fa0       0x20
 .text.ld_32    0x80000fa0       0x20 C:/dev/System23/freetribe/build/bootloader/obj/cpu/lib/FatFS/ff.c.o

.text.clst2sect
                0x80000fc0       0x24
 .text.clst2sect
                0x80000fc0       0x24 C:/dev/System23/freetribe/build/bootloader/obj/cpu/lib/FatFS/ff.c.o

.text.sum_sfn   0x80000fe4       0x2c
 .text.sum_sfn  0x80000fe4       0x2c C:/dev/System23/freetribe/build/bootloader/obj/cpu/lib/FatFS/ff.c.o

.text.get_ldnumber
                0x80001010       0x60
 .text.get_ldnumber
                0x80001010       0x60 C:/dev/System23/freetribe/build/bootloader/obj/cpu/lib/FatFS/ff.c.o

.text.validate  0x80001070       0x60
 .text.validate
                0x80001070       0x60 C:/dev/System23/freetribe/build/bootloader/obj/cpu/lib/FatFS/ff.c.o

.text.sync_window
                0x800010d0       0x84
 .text.sync_window
                0x800010d0       0x84 C:/dev/System23/freetribe/build/bootloader/obj/cpu/lib/FatFS/ff.c.o

.text.move_window
                0x80001154       0x5c
 .text.move_window
                0x80001154       0x5c C:/dev/System23/freetribe/build/bootloader/obj/cpu/lib/FatFS/ff.c.o

.text.check_fs  0x800011b0      0x134
 .text.check_fs
                0x800011b0      0x134 C:/dev/System23/freetribe/build/bootloader/obj/cpu/lib/FatFS/ff.c.o

.text.mount_volume
                0x800012e4      0x404
 .text.mount_volume
                0x800012e4      0x404 C:/dev/System23/freetribe/build/bootloader/obj/cpu/lib/FatFS/ff.c.o

.text.put_fat   0x800016e8      0x180
 .text.put_fat  0x800016e8      0x180 C:/dev/System23/freetribe/build/bootloader/obj/cpu/lib/FatFS/ff.c.o

.text.ld_clust.isra.0
                0x80001868       0x28
 .text.ld_clust.isra.0
                0x80001868       0x28 C:/dev/System23/freetribe/build/bootloader/obj/cpu/lib/FatFS/ff.c.o

.text.get_fat.isra.0
                0x80001890      0x124
 .text.get_fat.isra.0
                0x80001890      0x124 C:/dev/System23/freetribe/build/bootloader/obj/cpu/lib/FatFS/ff.c.o

.text.create_chain
                0x800019b4      0x1b8
 .text.create_chain
                0x800019b4      0x1b8 C:/dev/System23/freetribe/build/bootloader/obj/cpu/lib/FatFS/ff.c.o

.text.dir_next  0x80001b6c      0x194
 .text.dir_next
                0x80001b6c      0x194 C:/dev/System23/freetribe/build/bootloader/obj/cpu/lib/FatFS/ff.c.o

.text.dir_sdi   0x80001d00       0xfc
 .text.dir_sdi  0x80001d00       0xfc C:/dev/System23/freetribe/build/bootloader/obj/cpu/lib/FatFS/ff.c.o

.text.dir_find  0x80001dfc      0x224
 .text.dir_find
                0x80001dfc      0x224 C:/dev/System23/freetribe/build/bootloader/obj/cpu/lib/FatFS/ff.c.o

.text.follow_path
                0x80002020      0x408
 .text.follow_path
                0x80002020      0x408 C:/dev/System23/freetribe/build/bootloader/obj/cpu/lib/FatFS/ff.c.o

.text.f_mount   0x80002428       0x94
 .text.f_mount  0x80002428       0x94 C:/dev/System23/freetribe/build/bootloader/obj/cpu/lib/FatFS/ff.c.o
                0x80002428                f_mount

.text.f_open    0x800024bc      0x6d0
 .text.f_open   0x800024bc      0x6d0 C:/dev/System23/freetribe/build/bootloader/obj/cpu/lib/FatFS/ff.c.o
                0x800024bc                f_open

.text.f_read    0x80002b8c      0x1f4
 .text.f_read   0x80002b8c      0x1f4 C:/dev/System23/freetribe/build/bootloader/obj/cpu/lib/FatFS/ff.c.o
                0x80002b8c                f_read

.text.f_write   0x80002d80      0x274
 .text.f_write  0x80002d80      0x274 C:/dev/System23/freetribe/build/bootloader/obj/cpu/lib/FatFS/ff.c.o
                0x80002d80                f_write

.text.f_sync    0x80002ff4      0x1dc
 .text.f_sync   0x80002ff4      0x1dc C:/dev/System23/freetribe/build/bootloader/obj/cpu/lib/FatFS/ff.c.o
                0x80002ff4                f_sync

.text.f_close   0x800031d0       0x30
 .text.f_close  0x800031d0       0x30 C:/dev/System23/freetribe/build/bootloader/obj/cpu/lib/FatFS/ff.c.o
                0x800031d0                f_close

.text.f_lseek   0x80003200      0x1e8
 .text.f_lseek  0x80003200      0x1e8 C:/dev/System23/freetribe/build/bootloader/obj/cpu/lib/FatFS/ff.c.o
                0x80003200                f_lseek

.text.f_opendir
                0x800033e8       0xc0
 .text.f_opendir
                0x800033e8       0xc0 C:/dev/System23/freetribe/build/bootloader/obj/cpu/lib/FatFS/ff.c.o
                0x800033e8                f_opendir

.text.f_closedir
                0x800034a8       0x20
 .text.f_closedir
                0x800034a8       0x20 C:/dev/System23/freetribe/build/bootloader/obj/cpu/lib/FatFS/ff.c.o
                0x800034a8                f_closedir

.text.f_readdir
                0x800034c8      0x42c
 .text.f_readdir
                0x800034c8      0x42c C:/dev/System23/freetribe/build/bootloader/obj/cpu/lib/FatFS/ff.c.o
                0x800034c8                f_readdir

.text.ff_uni2oem
                0x800038f4       0x6c
 .text.ff_uni2oem
                0x800038f4       0x6c C:/dev/System23/freetribe/build/bootloader/obj/cpu/lib/FatFS/ffunicode.c.o
                0x800038f4                ff_uni2oem

.text.ff_oem2uni
                0x80003960       0x4c
 .text.ff_oem2uni
                0x80003960       0x4c C:/dev/System23/freetribe/build/bootloader/obj/cpu/lib/FatFS/ffunicode.c.o
                0x80003960                ff_oem2uni

.text.ff_wtoupper
                0x800039ac      0x110
 .text.ff_wtoupper
                0x800039ac      0x110 C:/dev/System23/freetribe/build/bootloader/obj/cpu/lib/FatFS/ffunicode.c.o
                0x800039ac                ff_wtoupper

.text._UG_GetCharData
                0x80003abc      0x1e8
 .text._UG_GetCharData
                0x80003abc      0x1e8 C:/dev/System23/freetribe/build/bootloader/obj/cpu/lib/UGUI/ugui.c.o

.text._UG_FontSelect
                0x80003ca4       0xc8
 .text._UG_FontSelect
                0x80003ca4       0xc8 C:/dev/System23/freetribe/build/bootloader/obj/cpu/lib/UGUI/ugui.c.o

.text._UG_PutChar
                0x80003d6c      0x59c
 .text._UG_PutChar
                0x80003d6c      0x59c C:/dev/System23/freetribe/build/bootloader/obj/cpu/lib/UGUI/ugui.c.o

.text.UG_Init   0x80004308       0xb8
 .text.UG_Init  0x80004308       0xb8 C:/dev/System23/freetribe/build/bootloader/obj/cpu/lib/UGUI/ugui.c.o
                0x80004308                UG_Init

.text.UG_FontSelect
                0x800043c0       0x14
 .text.UG_FontSelect
                0x800043c0       0x14 C:/dev/System23/freetribe/build/bootloader/obj/cpu/lib/UGUI/ugui.c.o
                0x800043c0                UG_FontSelect

.text.UG_FillFrame
                0x800043d4       0xc8
 .text.UG_FillFrame
                0x800043d4       0xc8 C:/dev/System23/freetribe/build/bootloader/obj/cpu/lib/UGUI/ugui.c.o
                0x800043d4                UG_FillFrame

.text.UG_FillScreen
                0x8000449c       0x4c
 .text.UG_FillScreen
                0x8000449c       0x4c C:/dev/System23/freetribe/build/bootloader/obj/cpu/lib/UGUI/ugui.c.o
                0x8000449c                UG_FillScreen

.text.UG_DrawLine
                0x800044e8      0x200
 .text.UG_DrawLine
                0x800044e8      0x200 C:/dev/System23/freetribe/build/bootloader/obj/cpu/lib/UGUI/ugui.c.o
                0x800044e8                UG_DrawLine

.text.UG_DrawFrame
                0x800046e8       0x74
 .text.UG_DrawFrame
                0x800046e8       0x74 C:/dev/System23/freetribe/build/bootloader/obj/cpu/lib/UGUI/ugui.c.o
                0x800046e8                UG_DrawFrame

.text.UG_PutString
                0x8000475c      0x104
 .text.UG_PutString
                0x8000475c      0x104 C:/dev/System23/freetribe/build/bootloader/obj/cpu/lib/UGUI/ugui.c.o
                0x8000475c                UG_PutString

.text.UG_ConsoleSetArea
                0x80004860       0x20
 .text.UG_ConsoleSetArea
                0x80004860       0x20 C:/dev/System23/freetribe/build/bootloader/obj/cpu/lib/UGUI/ugui.c.o
                0x80004860                UG_ConsoleSetArea

.text.UG_ConsoleSetForecolor
                0x80004880       0x14
 .text.UG_ConsoleSetForecolor
                0x80004880       0x14 C:/dev/System23/freetribe/build/bootloader/obj/cpu/lib/UGUI/ugui.c.o
                0x80004880                UG_ConsoleSetForecolor

.text.UG_ConsoleSetBackcolor
                0x80004894       0x14
 .text.UG_ConsoleSetBackcolor
                0x80004894       0x14 C:/dev/System23/freetribe/build/bootloader/obj/cpu/lib/UGUI/ugui.c.o
                0x80004894                UG_ConsoleSetBackcolor

.text.UG_SetForecolor
                0x800048a8       0x14
 .text.UG_SetForecolor
                0x800048a8       0x14 C:/dev/System23/freetribe/build/bootloader/obj/cpu/lib/UGUI/ugui.c.o
                0x800048a8                UG_SetForecolor

.text.UG_SetBackcolor
                0x800048bc       0x14
 .text.UG_SetBackcolor
                0x800048bc       0x14 C:/dev/System23/freetribe/build/bootloader/obj/cpu/lib/UGUI/ugui.c.o
                0x800048bc                UG_SetBackcolor

.text._UG_PutText
                0x800048d0      0x1e8
 .text._UG_PutText
                0x800048d0      0x1e8 C:/dev/System23/freetribe/build/bootloader/obj/cpu/lib/UGUI/ugui.c.o
                0x800048d0                _UG_PutText

.text._UG_WindowDrawTitle.isra.0
                0x80004ab8      0x13c
 .text._UG_WindowDrawTitle.isra.0
                0x80004ab8      0x13c C:/dev/System23/freetribe/build/bootloader/obj/cpu/lib/UGUI/ugui.c.o

.text._UG_DrawObjectFrame
                0x80004bf4      0x22c
 .text._UG_DrawObjectFrame
                0x80004bf4      0x22c C:/dev/System23/freetribe/build/bootloader/obj/cpu/lib/UGUI/ugui.c.o
                0x80004bf4                _UG_DrawObjectFrame

.text.UG_Update
                0x80004e20      0x318
 .text.UG_Update
                0x80004e20      0x318 C:/dev/System23/freetribe/build/bootloader/obj/cpu/lib/UGUI/ugui.c.o
                0x80004e20                UG_Update

.text.ulli2a    0x80005138      0x108
 .text.ulli2a   0x80005138      0x108 C:/dev/System23/freetribe/build/bootloader/obj/cpu/lib/tinyprintf/tinyprintf.c.o

.text.uli2a     0x80005240       0xc4
 .text.uli2a    0x80005240       0xc4 C:/dev/System23/freetribe/build/bootloader/obj/cpu/lib/tinyprintf/tinyprintf.c.o

.text.putchw    0x80005304      0x17c
 .text.putchw   0x80005304      0x17c C:/dev/System23/freetribe/build/bootloader/obj/cpu/lib/tinyprintf/tinyprintf.c.o

.text._vsnprintf_putcf
                0x80005480       0x24
 .text._vsnprintf_putcf
                0x80005480       0x24 C:/dev/System23/freetribe/build/bootloader/obj/cpu/lib/tinyprintf/tinyprintf.c.o

.text.tfp_format
                0x800054a4      0x36c
 .text.tfp_format
                0x800054a4      0x36c C:/dev/System23/freetribe/build/bootloader/obj/cpu/lib/tinyprintf/tinyprintf.c.o
                0x800054a4                tfp_format

.text.tfp_vsnprintf
                0x80005810       0x58
 .text.tfp_vsnprintf
                0x80005810       0x58 C:/dev/System23/freetribe/build/bootloader/obj/cpu/lib/tinyprintf/tinyprintf.c.o
                0x80005810                tfp_vsnprintf

.text.tusb_rhport_init
                0x80005868       0x84
 .text.tusb_rhport_init
                0x80005868       0x84 C:/dev/System23/freetribe/build/bootloader/obj/cpu/lib/tinyusb/src/tusb.c.o
                0x80005868                tusb_rhport_init

.text.tusb_int_handler
                0x800058ec       0x20
 .text.tusb_int_handler
                0x800058ec       0x20 C:/dev/System23/freetribe/build/bootloader/obj/cpu/lib/tinyusb/src/tusb.c.o
                0x800058ec                tusb_int_handler

.text.tu_bind_driver_to_ep_itf
                0x8000590c       0x84
 .text.tu_bind_driver_to_ep_itf
                0x8000590c       0x84 C:/dev/System23/freetribe/build/bootloader/obj/cpu/lib/tinyusb/src/tusb.c.o
                0x8000590c                tu_bind_driver_to_ep_itf

.text.advance_index
                0x80005990       0x34
 .text.advance_index
                0x80005990       0x34 C:/dev/System23/freetribe/build/bootloader/obj/cpu/lib/tinyusb/src/common/tusb_fifo.c.o

.text.ff_peek_local
                0x800059c4       0x7c
 .text.ff_peek_local
                0x800059c4       0x7c C:/dev/System23/freetribe/build/bootloader/obj/cpu/lib/tinyusb/src/common/tusb_fifo.c.o

.text.tu_fifo_clear
                0x80005a40       0x10
 .text.tu_fifo_clear
                0x80005a40       0x10 C:/dev/System23/freetribe/build/bootloader/obj/cpu/lib/tinyusb/src/common/tusb_fifo.c.o
                0x80005a40                tu_fifo_clear

.text.tu_hwfifo_write
                0x80005a50       0x90
 .text.tu_hwfifo_write
                0x80005a50       0x90 C:/dev/System23/freetribe/build/bootloader/obj/cpu/lib/tinyusb/src/common/tusb_fifo.c.o
                0x80005a50                tu_hwfifo_write

.text.tu_hwfifo_read
                0x80005ae0       0x90
 .text.tu_hwfifo_read
                0x80005ae0       0x90 C:/dev/System23/freetribe/build/bootloader/obj/cpu/lib/tinyusb/src/common/tusb_fifo.c.o
                0x80005ae0                tu_hwfifo_read

.text.tu_fifo_peek_n_access_mode
                0x80005b70      0x1ec
 .text.tu_fifo_peek_n_access_mode
                0x80005b70      0x1ec C:/dev/System23/freetribe/build/bootloader/obj/cpu/lib/tinyusb/src/common/tusb_fifo.c.o
                0x80005b70                tu_fifo_peek_n_access_mode

.text.tu_fifo_read_n_access_mode
                0x80005d5c       0x40
 .text.tu_fifo_read_n_access_mode
                0x80005d5c       0x40 C:/dev/System23/freetribe/build/bootloader/obj/cpu/lib/tinyusb/src/common/tusb_fifo.c.o
                0x80005d5c                tu_fifo_read_n_access_mode

.text.tu_fifo_write_n_access_mode
                0x80005d9c      0x264
 .text.tu_fifo_write_n_access_mode
                0x80005d9c      0x264 C:/dev/System23/freetribe/build/bootloader/obj/cpu/lib/tinyusb/src/common/tusb_fifo.c.o
                0x80005d9c                tu_fifo_write_n_access_mode

.text.tu_fifo_read
                0x80006000       0x38
 .text.tu_fifo_read
                0x80006000       0x38 C:/dev/System23/freetribe/build/bootloader/obj/cpu/lib/tinyusb/src/common/tusb_fifo.c.o
                0x80006000                tu_fifo_read

.text.tu_fifo_write
                0x80006038       0x88
 .text.tu_fifo_write
                0x80006038       0x88 C:/dev/System23/freetribe/build/bootloader/obj/cpu/lib/tinyusb/src/common/tusb_fifo.c.o
                0x80006038                tu_fifo_write

.text.tud_vendor_control_xfer_cb
                0x800060c0        0x8
 .text.tud_vendor_control_xfer_cb
                0x800060c0        0x8 C:/dev/System23/freetribe/build/bootloader/obj/cpu/lib/tinyusb/src/device/usbd.c.o
                0x800060c0                tud_vendor_control_xfer_cb

.text.configuration_reset
                0x800060c8       0xb8
 .text.configuration_reset
                0x800060c8       0xb8 C:/dev/System23/freetribe/build/bootloader/obj/cpu/lib/tinyusb/src/device/usbd.c.o

.text.usbd_int_set
                0x80006180       0x20
 .text.usbd_int_set
                0x80006180       0x20 C:/dev/System23/freetribe/build/bootloader/obj/cpu/lib/tinyusb/src/device/usbd.c.o
                0x80006180                usbd_int_set

.text.invoke_class_control.constprop.0.isra.0
                0x800061a0       0x18
 .text.invoke_class_control.constprop.0.isra.0
                0x800061a0       0x18 C:/dev/System23/freetribe/build/bootloader/obj/cpu/lib/tinyusb/src/device/usbd.c.o

.text.tud_event_hook_cb
                0x800061b8        0x4
 .text.tud_event_hook_cb
                0x800061b8        0x4 C:/dev/System23/freetribe/build/bootloader/obj/cpu/lib/tinyusb/src/device/usbd.c.o
                0x800061b8                tud_event_hook_cb

.text.tud_sof_cb
                0x800061bc        0x4
 .text.tud_sof_cb
                0x800061bc        0x4 C:/dev/System23/freetribe/build/bootloader/obj/cpu/lib/tinyusb/src/device/usbd.c.o
                0x800061bc                tud_sof_cb

.text.tud_descriptor_bos_cb
                0x800061c0        0x8
 .text.tud_descriptor_bos_cb
                0x800061c0        0x8 C:/dev/System23/freetribe/build/bootloader/obj/cpu/lib/tinyusb/src/device/usbd.c.o
                0x800061c0                tud_descriptor_bos_cb

.text.tud_mount_cb
                0x800061c8        0x4
 .text.tud_mount_cb
                0x800061c8        0x4 C:/dev/System23/freetribe/build/bootloader/obj/cpu/lib/tinyusb/src/device/usbd.c.o
                0x800061c8                tud_mount_cb

.text.tud_umount_cb
                0x800061cc        0x4
 .text.tud_umount_cb
                0x800061cc        0x4 C:/dev/System23/freetribe/build/bootloader/obj/cpu/lib/tinyusb/src/device/usbd.c.o
                0x800061cc                tud_umount_cb

.text.tud_suspend_cb
                0x800061d0        0x4
 .text.tud_suspend_cb
                0x800061d0        0x4 C:/dev/System23/freetribe/build/bootloader/obj/cpu/lib/tinyusb/src/device/usbd.c.o
                0x800061d0                tud_suspend_cb

.text.tud_resume_cb
                0x800061d4        0x4
 .text.tud_resume_cb
                0x800061d4        0x4 C:/dev/System23/freetribe/build/bootloader/obj/cpu/lib/tinyusb/src/device/usbd.c.o
                0x800061d4                tud_resume_cb

.text.usbd_app_driver_get_cb
                0x800061d8       0x10
 .text.usbd_app_driver_get_cb
                0x800061d8       0x10 C:/dev/System23/freetribe/build/bootloader/obj/cpu/lib/tinyusb/src/device/usbd.c.o
                0x800061d8                usbd_app_driver_get_cb

.text.tud_speed_get
                0x800061e8       0x10
 .text.tud_speed_get
                0x800061e8       0x10 C:/dev/System23/freetribe/build/bootloader/obj/cpu/lib/tinyusb/src/device/usbd.c.o
                0x800061e8                tud_speed_get

.text.tud_rhport_init
                0x800061f8      0x124
 .text.tud_rhport_init
                0x800061f8      0x124 C:/dev/System23/freetribe/build/bootloader/obj/cpu/lib/tinyusb/src/device/usbd.c.o
                0x800061f8                tud_rhport_init

.text.dcd_edpt0_status_complete
                0x8000631c        0x4
 .text.dcd_edpt0_status_complete
                0x8000631c        0x4 C:/dev/System23/freetribe/build/bootloader/obj/cpu/lib/tinyusb/src/device/usbd.c.o
                0x8000631c                dcd_edpt0_status_complete

.text.dcd_event_handler
                0x80006320      0x34c
 .text.dcd_event_handler
                0x80006320      0x34c C:/dev/System23/freetribe/build/bootloader/obj/cpu/lib/tinyusb/src/device/usbd.c.o
                0x80006320                dcd_event_handler

.text.usbd_edpt_xfer
                0x8000666c       0x64
 .text.usbd_edpt_xfer
                0x8000666c       0x64 C:/dev/System23/freetribe/build/bootloader/obj/cpu/lib/tinyusb/src/device/usbd.c.o
                0x8000666c                usbd_edpt_xfer

.text.tud_control_status
                0x800066d0       0x44
 .text.tud_control_status
                0x800066d0       0x44 C:/dev/System23/freetribe/build/bootloader/obj/cpu/lib/tinyusb/src/device/usbd.c.o
                0x800066d0                tud_control_status

.text.data_stage_xact
                0x80006714       0xbc
 .text.data_stage_xact
                0x80006714       0xbc C:/dev/System23/freetribe/build/bootloader/obj/cpu/lib/tinyusb/src/device/usbd.c.o

.text.tud_control_xfer
                0x800067d0       0x70
 .text.tud_control_xfer
                0x800067d0       0x70 C:/dev/System23/freetribe/build/bootloader/obj/cpu/lib/tinyusb/src/device/usbd.c.o
                0x800067d0                tud_control_xfer

.text.usbd_edpt_stall
                0x80006840       0x3c
 .text.usbd_edpt_stall
                0x80006840       0x3c C:/dev/System23/freetribe/build/bootloader/obj/cpu/lib/tinyusb/src/device/usbd.c.o
                0x80006840                usbd_edpt_stall

.text.usbd_edpt_clear_stall
                0x8000687c       0x3c
 .text.usbd_edpt_clear_stall
                0x8000687c       0x3c C:/dev/System23/freetribe/build/bootloader/obj/cpu/lib/tinyusb/src/device/usbd.c.o
                0x8000687c                usbd_edpt_clear_stall

.text.usbd_edpt_stalled
                0x800068b8       0x24
 .text.usbd_edpt_stalled
                0x800068b8       0x24 C:/dev/System23/freetribe/build/bootloader/obj/cpu/lib/tinyusb/src/device/usbd.c.o
                0x800068b8                usbd_edpt_stalled

.text.tud_task_ext
                0x800068dc      0x8d4
 .text.tud_task_ext
                0x800068dc      0x8d4 C:/dev/System23/freetribe/build/bootloader/obj/cpu/lib/tinyusb/src/device/usbd.c.o
                0x800068dc                tud_task_ext

.text.reset_state
                0x800071b0       0x1c
 .text.reset_state
                0x800071b0       0x1c C:/dev/System23/freetribe/build/bootloader/obj/cpu/lib/tinyusb/src/class/dfu/dfu_device.c.o

.text.reply_getstatus
                0x800071cc       0x40
 .text.reply_getstatus
                0x800071cc       0x40 C:/dev/System23/freetribe/build/bootloader/obj/cpu/lib/tinyusb/src/class/dfu/dfu_device.c.o

.text.tud_dfu_upload_cb
                0x8000720c        0x8
 .text.tud_dfu_upload_cb
                0x8000720c        0x8 C:/dev/System23/freetribe/build/bootloader/obj/cpu/lib/tinyusb/src/class/dfu/dfu_device.c.o
                0x8000720c                tud_dfu_upload_cb

.text.dfu_moded_reset
                0x80007214       0x14
 .text.dfu_moded_reset
                0x80007214       0x14 C:/dev/System23/freetribe/build/bootloader/obj/cpu/lib/tinyusb/src/class/dfu/dfu_device.c.o
                0x80007214                dfu_moded_reset

.text.dfu_moded_init
                0x80007228        0x8
 .text.dfu_moded_init
                0x80007228        0x8 C:/dev/System23/freetribe/build/bootloader/obj/cpu/lib/tinyusb/src/class/dfu/dfu_device.c.o
                0x80007228                dfu_moded_init

.text.dfu_moded_deinit
                0x80007230        0x8
 .text.dfu_moded_deinit
                0x80007230        0x8 C:/dev/System23/freetribe/build/bootloader/obj/cpu/lib/tinyusb/src/class/dfu/dfu_device.c.o
                0x80007230                dfu_moded_deinit

.text.dfu_moded_open
                0x80007238       0xb8
 .text.dfu_moded_open
                0x80007238       0xb8 C:/dev/System23/freetribe/build/bootloader/obj/cpu/lib/tinyusb/src/class/dfu/dfu_device.c.o
                0x80007238                dfu_moded_open

.text.dfu_moded_control_xfer_cb
                0x800072f0      0x330
 .text.dfu_moded_control_xfer_cb
                0x800072f0      0x330 C:/dev/System23/freetribe/build/bootloader/obj/cpu/lib/tinyusb/src/class/dfu/dfu_device.c.o
                0x800072f0                dfu_moded_control_xfer_cb

.text.tud_dfu_finish_flashing
                0x80007620       0x58
 .text.tud_dfu_finish_flashing
                0x80007620       0x58 C:/dev/System23/freetribe/build/bootloader/obj/cpu/lib/tinyusb/src/class/dfu/dfu_device.c.o
                0x80007620                tud_dfu_finish_flashing

.text.musb_am1802_otg_int_enable
                0x80007678       0x20
 .text.musb_am1802_otg_int_enable
                0x80007678       0x20 C:/dev/System23/freetribe/build/bootloader/obj/cpu/lib/tinyusb/src/portable/mentor/musb/dcd_musb.c.o

.text.pipe0_start_setup
                0x80007698       0xd8
 .text.pipe0_start_setup
                0x80007698       0xd8 C:/dev/System23/freetribe/build/bootloader/obj/cpu/lib/tinyusb/src/portable/mentor/musb/dcd_musb.c.o

.text.pipe0_try_deferred_setup
                0x80007770       0x28
 .text.pipe0_try_deferred_setup
                0x80007770       0x28 C:/dev/System23/freetribe/build/bootloader/obj/cpu/lib/tinyusb/src/portable/mentor/musb/dcd_musb.c.o

.text.pipe0_process_xfer_state_isr.constprop.0
                0x80007798      0x138
 .text.pipe0_process_xfer_state_isr.constprop.0
                0x80007798      0x138 C:/dev/System23/freetribe/build/bootloader/obj/cpu/lib/tinyusb/src/portable/mentor/musb/dcd_musb.c.o

.text.pipe0_read_setup.constprop.0
                0x800078d0       0x6c
 .text.pipe0_read_setup.constprop.0
                0x800078d0       0x6c C:/dev/System23/freetribe/build/bootloader/obj/cpu/lib/tinyusb/src/portable/mentor/musb/dcd_musb.c.o

.text.pipe_write.constprop.0
                0x8000793c      0x10c
 .text.pipe_write.constprop.0
                0x8000793c      0x10c C:/dev/System23/freetribe/build/bootloader/obj/cpu/lib/tinyusb/src/portable/mentor/musb/dcd_musb.c.o

.text.process_epout_isr.constprop.0
                0x80007a48      0x208
 .text.process_epout_isr.constprop.0
                0x80007a48      0x208 C:/dev/System23/freetribe/build/bootloader/obj/cpu/lib/tinyusb/src/portable/mentor/musb/dcd_musb.c.o

.text.edpt_n_xfer
                0x80007c50       0xa4
 .text.edpt_n_xfer
                0x80007c50       0xa4 C:/dev/System23/freetribe/build/bootloader/obj/cpu/lib/tinyusb/src/portable/mentor/musb/dcd_musb.c.o

.text.dcd_int_enable
                0x80007cf4       0x24
 .text.dcd_int_enable
                0x80007cf4       0x24 C:/dev/System23/freetribe/build/bootloader/obj/cpu/lib/tinyusb/src/portable/mentor/musb/dcd_musb.c.o
                0x80007cf4                dcd_int_enable

.text.dcd_int_disable
                0x80007d18       0x30
 .text.dcd_int_disable
                0x80007d18       0x30 C:/dev/System23/freetribe/build/bootloader/obj/cpu/lib/tinyusb/src/portable/mentor/musb/dcd_musb.c.o
                0x80007d18                dcd_int_disable

.text.dcd_set_address
                0x80007d48       0x3c
 .text.dcd_set_address
                0x80007d48       0x3c C:/dev/System23/freetribe/build/bootloader/obj/cpu/lib/tinyusb/src/portable/mentor/musb/dcd_musb.c.o
                0x80007d48                dcd_set_address

.text.dcd_connect
                0x80007d84       0x24
 .text.dcd_connect
                0x80007d84       0x24 C:/dev/System23/freetribe/build/bootloader/obj/cpu/lib/tinyusb/src/portable/mentor/musb/dcd_musb.c.o
                0x80007d84                dcd_connect

.text.dcd_init  0x80007da8       0xd8
 .text.dcd_init
                0x80007da8       0xd8 C:/dev/System23/freetribe/build/bootloader/obj/cpu/lib/tinyusb/src/portable/mentor/musb/dcd_musb.c.o
                0x80007da8                dcd_init

.text.dcd_sof_enable
                0x80007e80        0x4
 .text.dcd_sof_enable
                0x80007e80        0x4 C:/dev/System23/freetribe/build/bootloader/obj/cpu/lib/tinyusb/src/portable/mentor/musb/dcd_musb.c.o
                0x80007e80                dcd_sof_enable

.text.dcd_edpt_close_all
                0x80007e84       0xdc
 .text.dcd_edpt_close_all
                0x80007e84       0xdc C:/dev/System23/freetribe/build/bootloader/obj/cpu/lib/tinyusb/src/portable/mentor/musb/dcd_musb.c.o
                0x80007e84                dcd_edpt_close_all

.text.dcd_edpt_xfer
                0x80007f60      0x25c
 .text.dcd_edpt_xfer
                0x80007f60      0x25c C:/dev/System23/freetribe/build/bootloader/obj/cpu/lib/tinyusb/src/portable/mentor/musb/dcd_musb.c.o
                0x80007f60                dcd_edpt_xfer

.text.dcd_edpt_stall
                0x800081bc       0xf0
 .text.dcd_edpt_stall
                0x800081bc       0xf0 C:/dev/System23/freetribe/build/bootloader/obj/cpu/lib/tinyusb/src/portable/mentor/musb/dcd_musb.c.o
                0x800081bc                dcd_edpt_stall

.text.dcd_edpt_clear_stall
                0x800082ac       0x78
 .text.dcd_edpt_clear_stall
                0x800082ac       0x78 C:/dev/System23/freetribe/build/bootloader/obj/cpu/lib/tinyusb/src/portable/mentor/musb/dcd_musb.c.o
                0x800082ac                dcd_edpt_clear_stall

.text.dcd_int_handler
                0x80008324      0x440
 .text.dcd_int_handler
                0x80008324      0x440 C:/dev/System23/freetribe/build/bootloader/obj/cpu/lib/tinyusb/src/portable/mentor/musb/dcd_musb.c.o
                0x80008324                dcd_int_handler

.text.boot_image_classify_parts
                0x80008764      0x15c
 .text.boot_image_classify_parts
                0x80008764      0x15c C:/dev/System23/freetribe/build/bootloader/obj/cpu/src/bootloader/boot_image.c.o
                0x80008764                boot_image_classify_parts

.text.boot_image_classify_memory
                0x800088c0       0x60
 .text.boot_image_classify_memory
                0x800088c0       0x60 C:/dev/System23/freetribe/build/bootloader/obj/cpu/src/bootloader/boot_image.c.o
                0x800088c0                boot_image_classify_memory

.text.boot_image_type_name
                0x80008920       0x34
 .text.boot_image_type_name
                0x80008920       0x34 C:/dev/System23/freetribe/build/bootloader/obj/cpu/src/bootloader/boot_image.c.o
                0x80008920                boot_image_type_name

.text.boot_image_handoff
                0x80008954       0x6c
 .text.boot_image_handoff
                0x80008954       0x6c C:/dev/System23/freetribe/build/bootloader/obj/cpu/src/bootloader/boot_image.c.o
                0x80008954                boot_image_handoff

.text.ft_printf
                0x800089c0       0x48
 .text.ft_printf
                0x800089c0       0x48 C:/dev/System23/freetribe/build/bootloader/obj/cpu/src/bootloader/debug.c.o
                0x800089c0                ft_printf

.text.error     0x80008a08       0x4c
 .text.error    0x80008a08       0x4c C:/dev/System23/freetribe/build/bootloader/obj/cpu/src/bootloader/debug.c.o
                0x80008a08                error

.text._move_last_item_before_files
                0x80008a54       0xdc
 .text._move_last_item_before_files
                0x80008a54       0xdc C:/dev/System23/freetribe/build/bootloader/obj/cpu/src/bootloader/file_browser.c.o

.text._refresh_view
                0x80008b30       0xd0
 .text._refresh_view
                0x80008b30       0xd0 C:/dev/System23/freetribe/build/bootloader/obj/cpu/src/bootloader/file_browser.c.o

.text._set_error
                0x80008c00       0x34
 .text._set_error
                0x80008c00       0x34 C:/dev/System23/freetribe/build/bootloader/obj/cpu/src/bootloader/file_browser.c.o

.text._seek_file
                0x80008c34       0x2c
 .text._seek_file
                0x80008c34       0x2c C:/dev/System23/freetribe/build/bootloader/obj/cpu/src/bootloader/file_browser.c.o

.text._build_child_path.constprop.0
                0x80008c60       0xac
 .text._build_child_path.constprop.0
                0x80008c60       0xac C:/dev/System23/freetribe/build/bootloader/obj/cpu/src/bootloader/file_browser.c.o

.text._append_cached_item.isra.0
                0x80008d0c       0x68
 .text._append_cached_item.isra.0
                0x80008d0c       0x68 C:/dev/System23/freetribe/build/bootloader/obj/cpu/src/bootloader/file_browser.c.o

.text._has_extension
                0x80008d74       0x9c
 .text._has_extension
                0x80008d74       0x9c C:/dev/System23/freetribe/build/bootloader/obj/cpu/src/bootloader/file_browser.c.o

.text._show_flash_only_view
                0x80008e10       0x98
 .text._show_flash_only_view
                0x80008e10       0x98 C:/dev/System23/freetribe/build/bootloader/obj/cpu/src/bootloader/file_browser.c.o

.text._unmount_sdcard
                0x80008ea8       0x3c
 .text._unmount_sdcard
                0x80008ea8       0x3c C:/dev/System23/freetribe/build/bootloader/obj/cpu/src/bootloader/file_browser.c.o

.text._load_current_dir
                0x80008ee4      0x1a0
 .text._load_current_dir
                0x80008ee4      0x1a0 C:/dev/System23/freetribe/build/bootloader/obj/cpu/src/bootloader/file_browser.c.o

.text._set_current_dir
                0x80009084       0x30
 .text._set_current_dir
                0x80009084       0x30 C:/dev/System23/freetribe/build/bootloader/obj/cpu/src/bootloader/file_browser.c.o

.text._mount_sdcard
                0x800090b4       0x84
 .text._mount_sdcard
                0x800090b4       0x84 C:/dev/System23/freetribe/build/bootloader/obj/cpu/src/bootloader/file_browser.c.o

.text._action_open
                0x80009138      0x5dc
 .text._action_open
                0x80009138      0x5dc C:/dev/System23/freetribe/build/bootloader/obj/cpu/src/bootloader/file_browser.c.o

.text._button_callback
                0x80009714       0x18
 .text._button_callback
                0x80009714       0x18 C:/dev/System23/freetribe/build/bootloader/obj/cpu/src/bootloader/file_browser.c.o

.text._encoder_callback
                0x8000972c       0x74
 .text._encoder_callback
                0x8000972c       0x74 C:/dev/System23/freetribe/build/bootloader/obj/cpu/src/bootloader/file_browser.c.o

.text.file_browser_init
                0x800097a0       0x5c
 .text.file_browser_init
                0x800097a0       0x5c C:/dev/System23/freetribe/build/bootloader/obj/cpu/src/bootloader/file_browser.c.o
                0x800097a0                file_browser_init

.text.file_browser_get_view
                0x800097fc        0xc
 .text.file_browser_get_view
                0x800097fc        0xc C:/dev/System23/freetribe/build/bootloader/obj/cpu/src/bootloader/file_browser.c.o
                0x800097fc                file_browser_get_view

.text.file_browser_tick
                0x80009808       0x94
 .text.file_browser_tick
                0x80009808       0x94 C:/dev/System23/freetribe/build/bootloader/obj/cpu/src/bootloader/file_browser.c.o
                0x80009808                file_browser_tick

.text.create_bootloader_ddr_mirror
                0x8000989c       0x18
 .text.create_bootloader_ddr_mirror
                0x8000989c       0x18 C:/dev/System23/freetribe/build/bootloader/obj/cpu/src/bootloader/flash_bootloader.c.o
                0x8000989c                create_bootloader_ddr_mirror

.text.install_bootloader_to_flash
                0x800098b4      0x13c
 .text.install_bootloader_to_flash
                0x800098b4      0x13c C:/dev/System23/freetribe/build/bootloader/obj/cpu/src/bootloader/flash_bootloader.c.o
                0x800098b4                install_bootloader_to_flash

.text._put_pixel
                0x800099f0       0x3c
 .text._put_pixel
                0x800099f0       0x3c C:/dev/System23/freetribe/build/bootloader/obj/cpu/src/bootloader/gui.c.o

.text._boot_effect_rand
                0x80009a2c       0x20
 .text._boot_effect_rand
                0x80009a2c       0x20 C:/dev/System23/freetribe/build/bootloader/obj/cpu/src/bootloader/gui.c.o

.text._xor_framebuffer_column
                0x80009a4c       0x4c
 .text._xor_framebuffer_column
                0x80009a4c       0x4c C:/dev/System23/freetribe/build/bootloader/obj/cpu/src/bootloader/gui.c.o

.text._draw_popup
                0x80009a98      0x1a8
 .text._draw_popup
                0x80009a98      0x1a8 C:/dev/System23/freetribe/build/bootloader/obj/cpu/src/bootloader/gui.c.o

.text._append_text.constprop.0
                0x80009c40       0x34
 .text._append_text.constprop.0
                0x80009c40       0x34 C:/dev/System23/freetribe/build/bootloader/obj/cpu/src/bootloader/gui.c.o

.text.gui_init  0x80009c74       0x6c
 .text.gui_init
                0x80009c74       0x6c C:/dev/System23/freetribe/build/bootloader/obj/cpu/src/bootloader/gui.c.o
                0x80009c74                gui_init

.text.gui_tick  0x80009ce0      0x228
 .text.gui_tick
                0x80009ce0      0x228 C:/dev/System23/freetribe/build/bootloader/obj/cpu/src/bootloader/gui.c.o
                0x80009ce0                gui_tick

.text.gui_show_message_box
                0x80009f08       0x1c
 .text.gui_show_message_box
                0x80009f08       0x1c C:/dev/System23/freetribe/build/bootloader/obj/cpu/src/bootloader/gui.c.o
                0x80009f08                gui_show_message_box

.text.gui_boot_effect_begin
                0x80009f24       0x18
 .text.gui_boot_effect_begin
                0x80009f24       0x18 C:/dev/System23/freetribe/build/bootloader/obj/cpu/src/bootloader/gui.c.o
                0x80009f24                gui_boot_effect_begin

.text.gui_boot_effect_step
                0x80009f3c      0x180
 .text.gui_boot_effect_step
                0x80009f3c      0x180 C:/dev/System23/freetribe/build/bootloader/obj/cpu/src/bootloader/gui.c.o
                0x80009f3c                gui_boot_effect_step

.text.handoff_factory_firmware
                0x8000a0bc       0x88
 .text.handoff_factory_firmware
                0x8000a0bc       0x88 C:/dev/System23/freetribe/build/bootloader/obj/cpu/src/bootloader/handoff.c.o
                0x8000a0bc                handoff_factory_firmware

.text.handoff_freetribe_kernel
                0x8000a144       0x28
 .text.handoff_freetribe_kernel
                0x8000a144       0x28 C:/dev/System23/freetribe/build/bootloader/obj/cpu/src/bootloader/handoff.c.o
                0x8000a144                handoff_freetribe_kernel

.text.startup.main
                0x8000a16c       0xf4
 .text.startup.main
                0x8000a16c       0xf4 C:/dev/System23/freetribe/build/bootloader/obj/cpu/src/bootloader/main.c.o
                0x8000a16c                main

.text.delay     0x8000a260        0xc
 .text.delay    0x8000a260        0xc C:/dev/System23/freetribe/build/bootloader/obj/cpu/src/bootloader/startup.c.o
                0x8000a260                delay

.text.start_boot
                0x8000a26c      0x5a4
 .text.start_boot
                0x8000a26c      0x5a4 C:/dev/System23/freetribe/build/bootloader/obj/cpu/src/bootloader/startup.c.o
                0x8000a26c                start_boot

.text.tud_dfu_get_timeout_cb
                0x8000a810        0x8
 .text.tud_dfu_get_timeout_cb
                0x8000a810        0x8 C:/dev/System23/freetribe/build/bootloader/obj/cpu/src/bootloader/usb/boot_dfu.c.o
                0x8000a810                tud_dfu_get_timeout_cb

.text.tud_dfu_download_cb
                0x8000a818       0xac
 .text.tud_dfu_download_cb
                0x8000a818       0xac C:/dev/System23/freetribe/build/bootloader/obj/cpu/src/bootloader/usb/boot_dfu.c.o
                0x8000a818                tud_dfu_download_cb

.text.tud_dfu_manifest_cb
                0x8000a8c4       0xd0
 .text.tud_dfu_manifest_cb
                0x8000a8c4       0xd0 C:/dev/System23/freetribe/build/bootloader/obj/cpu/src/bootloader/usb/boot_dfu.c.o
                0x8000a8c4                tud_dfu_manifest_cb

.text.tud_dfu_abort_cb
                0x8000a994       0x14
 .text.tud_dfu_abort_cb
                0x8000a994       0x14 C:/dev/System23/freetribe/build/bootloader/obj/cpu/src/bootloader/usb/boot_dfu.c.o
                0x8000a994                tud_dfu_abort_cb

.text.tud_dfu_detach_cb
                0x8000a9a8        0x4
 .text.tud_dfu_detach_cb
                0x8000a9a8        0x4 C:/dev/System23/freetribe/build/bootloader/obj/cpu/src/bootloader/usb/boot_dfu.c.o
                0x8000a9a8                tud_dfu_detach_cb

.text._usb0_isr
                0x8000a9ac        0xc
 .text._usb0_isr
                0x8000a9ac        0xc C:/dev/System23/freetribe/build/bootloader/obj/cpu/src/bootloader/usb/boot_usb.c.o

.text.boot_usb_init
                0x8000a9b8       0x70
 .text.boot_usb_init
                0x8000a9b8       0x70 C:/dev/System23/freetribe/build/bootloader/obj/cpu/src/bootloader/usb/boot_usb.c.o
                0x8000a9b8                boot_usb_init

.text.boot_usb_task
                0x8000aa28        0xc
 .text.boot_usb_task
                0x8000aa28        0xc C:/dev/System23/freetribe/build/bootloader/obj/cpu/src/bootloader/usb/boot_usb.c.o
                0x8000aa28                boot_usb_task

.text.boot_usb_terminate
                0x8000aa34       0x30
 .text.boot_usb_terminate
                0x8000aa34       0x30 C:/dev/System23/freetribe/build/bootloader/obj/cpu/src/bootloader/usb/boot_usb.c.o
                0x8000aa34                boot_usb_terminate

.text.tud_descriptor_device_cb
                0x8000aa64        0xc
 .text.tud_descriptor_device_cb
                0x8000aa64        0xc C:/dev/System23/freetribe/build/bootloader/obj/cpu/src/bootloader/usb/usb_descriptors.c.o
                0x8000aa64                tud_descriptor_device_cb

.text.tud_descriptor_device_qualifier_cb
                0x8000aa70        0xc
 .text.tud_descriptor_device_qualifier_cb
                0x8000aa70        0xc C:/dev/System23/freetribe/build/bootloader/obj/cpu/src/bootloader/usb/usb_descriptors.c.o
                0x8000aa70                tud_descriptor_device_qualifier_cb

.text.tud_descriptor_configuration_cb
                0x8000aa7c       0x28
 .text.tud_descriptor_configuration_cb
                0x8000aa7c       0x28 C:/dev/System23/freetribe/build/bootloader/obj/cpu/src/bootloader/usb/usb_descriptors.c.o
                0x8000aa7c                tud_descriptor_configuration_cb

.text.tud_descriptor_other_speed_configuration_cb
                0x8000aaa4       0x30
 .text.tud_descriptor_other_speed_configuration_cb
                0x8000aaa4       0x30 C:/dev/System23/freetribe/build/bootloader/obj/cpu/src/bootloader/usb/usb_descriptors.c.o
                0x8000aaa4                tud_descriptor_other_speed_configuration_cb

.text.tud_descriptor_string_cb
                0x8000aad4       0x88
 .text.tud_descriptor_string_cb
                0x8000aad4       0x88 C:/dev/System23/freetribe/build/bootloader/obj/cpu/src/bootloader/usb/usb_descriptors.c.o
                0x8000aad4                tud_descriptor_string_cb

.text.per_aintc_init
                0x8000ab5c       0x18
 .text.per_aintc_init
                0x8000ab5c       0x18 C:/dev/System23/freetribe/build/bootloader/obj/cpu/src/kernel/peripheral/per_aintc.c.o
                0x8000ab5c                per_aintc_init

.text.per_ddr_init
                0x8000ab74      0x134
 .text.per_ddr_init
                0x8000ab74      0x134 C:/dev/System23/freetribe/build/bootloader/obj/cpu/src/kernel/peripheral/per_ddr.c.o
                0x8000ab74                per_ddr_init

.text.per_gpio_init
                0x8000aca8       0x9c
 .text.per_gpio_init
                0x8000aca8       0x9c C:/dev/System23/freetribe/build/bootloader/obj/cpu/src/kernel/peripheral/per_gpio.c.o
                0x8000aca8                per_gpio_init

.text.per_gpio_get_indexed
                0x8000ad44       0x20
 .text.per_gpio_get_indexed
                0x8000ad44       0x20 C:/dev/System23/freetribe/build/bootloader/obj/cpu/src/kernel/peripheral/per_gpio.c.o
                0x8000ad44                per_gpio_get_indexed

.text.per_gpio_get
                0x8000ad64       0x10
 .text.per_gpio_get
                0x8000ad64       0x10 C:/dev/System23/freetribe/build/bootloader/obj/cpu/src/kernel/peripheral/per_gpio.c.o
                0x8000ad64                per_gpio_get

.text.per_gpio_set_indexed
                0x8000ad74       0x14
 .text.per_gpio_set_indexed
                0x8000ad74       0x14 C:/dev/System23/freetribe/build/bootloader/obj/cpu/src/kernel/peripheral/per_gpio.c.o
                0x8000ad74                per_gpio_set_indexed

.text.per_gpio_set
                0x8000ad88       0x14
 .text.per_gpio_set
                0x8000ad88       0x14 C:/dev/System23/freetribe/build/bootloader/obj/cpu/src/kernel/peripheral/per_gpio.c.o
                0x8000ad88                per_gpio_set

.text.mmcsd_set_freq
                0x8000ad9c       0x58
 .text.mmcsd_set_freq
                0x8000ad9c       0x58 C:/dev/System23/freetribe/build/bootloader/obj/cpu/src/kernel/peripheral/per_mmcsd.c.o
                0x8000ad9c                mmcsd_set_freq

.text.mmcsd_con_init
                0x8000adf4       0x8c
 .text.mmcsd_con_init
                0x8000adf4       0x8c C:/dev/System23/freetribe/build/bootloader/obj/cpu/src/kernel/peripheral/per_mmcsd.c.o
                0x8000adf4                mmcsd_con_init

.text.mmcsd_send_cmd
                0x8000ae80       0xac
 .text.mmcsd_send_cmd
                0x8000ae80       0xac C:/dev/System23/freetribe/build/bootloader/obj/cpu/src/kernel/peripheral/per_mmcsd.c.o
                0x8000ae80                mmcsd_send_cmd

.text.mmcsd_trigger_data_transfer
                0x8000af2c       0x14
 .text.mmcsd_trigger_data_transfer
                0x8000af2c       0x14 C:/dev/System23/freetribe/build/bootloader/obj/cpu/src/kernel/peripheral/per_mmcsd.c.o
                0x8000af2c                mmcsd_trigger_data_transfer

.text.mmcsd_cmd_state
                0x8000af40       0x34
 .text.mmcsd_cmd_state
                0x8000af40       0x34 C:/dev/System23/freetribe/build/bootloader/obj/cpu/src/kernel/peripheral/per_mmcsd.c.o
                0x8000af40                mmcsd_cmd_state

.text.mmcsd_busy_state
                0x8000af74       0x44
 .text.mmcsd_busy_state
                0x8000af74       0x44 C:/dev/System23/freetribe/build/bootloader/obj/cpu/src/kernel/peripheral/per_mmcsd.c.o
                0x8000af74                mmcsd_busy_state

.text.mmcsd_rd_state
                0x8000afb8       0x44
 .text.mmcsd_rd_state
                0x8000afb8       0x44 C:/dev/System23/freetribe/build/bootloader/obj/cpu/src/kernel/peripheral/per_mmcsd.c.o
                0x8000afb8                mmcsd_rd_state

.text.mmcsd_wr_state
                0x8000affc       0x40
 .text.mmcsd_wr_state
                0x8000affc       0x40 C:/dev/System23/freetribe/build/bootloader/obj/cpu/src/kernel/peripheral/per_mmcsd.c.o
                0x8000affc                mmcsd_wr_state

.text.mmcsd_get_resp
                0x8000b03c       0x38
 .text.mmcsd_get_resp
                0x8000b03c       0x38 C:/dev/System23/freetribe/build/bootloader/obj/cpu/src/kernel/peripheral/per_mmcsd.c.o
                0x8000b03c                mmcsd_get_resp

.text.mmcsd_cntl_misc
                0x8000b074       0x78
 .text.mmcsd_cntl_misc
                0x8000b074       0x78 C:/dev/System23/freetribe/build/bootloader/obj/cpu/src/kernel/peripheral/per_mmcsd.c.o
                0x8000b074                mmcsd_cntl_misc

.text.mmcsd_read
                0x8000b0ec        0x8
 .text.mmcsd_read
                0x8000b0ec        0x8 C:/dev/System23/freetribe/build/bootloader/obj/cpu/src/kernel/peripheral/per_mmcsd.c.o
                0x8000b0ec                mmcsd_read

.text.mmcsd_write
                0x8000b0f4        0xc
 .text.mmcsd_write
                0x8000b0f4        0xc C:/dev/System23/freetribe/build/bootloader/obj/cpu/src/kernel/peripheral/per_mmcsd.c.o
                0x8000b0f4                mmcsd_write

.text.__field_xget
                0x8000b100       0x54
 .text.__field_xget
                0x8000b100       0x54 C:/dev/System23/freetribe/build/bootloader/obj/cpu/src/kernel/peripheral/per_mmcsd_prot.c.o

.text.sdprot_next_stat
                0x8000b154       0x24
 .text.sdprot_next_stat
                0x8000b154       0x24 C:/dev/System23/freetribe/build/bootloader/obj/cpu/src/kernel/peripheral/per_mmcsd_prot.c.o
                0x8000b154                sdprot_next_stat

.text.sdprot_resp_type
                0x8000b178       0x64
 .text.sdprot_resp_type
                0x8000b178       0x64 C:/dev/System23/freetribe/build/bootloader/obj/cpu/src/kernel/peripheral/per_mmcsd_prot.c.o
                0x8000b178                sdprot_resp_type

.text.sdprot_resp_crc
                0x8000b1dc       0x18
 .text.sdprot_resp_crc
                0x8000b1dc       0x18 C:/dev/System23/freetribe/build/bootloader/obj/cpu/src/kernel/peripheral/per_mmcsd_prot.c.o
                0x8000b1dc                sdprot_resp_crc

.text.sdprot_need_data
                0x8000b1f4       0xa0
 .text.sdprot_need_data
                0x8000b1f4       0xa0 C:/dev/System23/freetribe/build/bootloader/obj/cpu/src/kernel/peripheral/per_mmcsd_prot.c.o
                0x8000b1f4                sdprot_need_data

.text.sdprot_need_busy
                0x8000b294       0x48
 .text.sdprot_need_busy
                0x8000b294       0x48 C:/dev/System23/freetribe/build/bootloader/obj/cpu/src/kernel/peripheral/per_mmcsd_prot.c.o
                0x8000b294                sdprot_need_busy

.text.sdprot_get_cid
                0x8000b2dc       0xb0
 .text.sdprot_get_cid
                0x8000b2dc       0xb0 C:/dev/System23/freetribe/build/bootloader/obj/cpu/src/kernel/peripheral/per_mmcsd_prot.c.o
                0x8000b2dc                sdprot_get_cid

.text.sdprot_get_csd
                0x8000b38c      0x210
 .text.sdprot_get_csd
                0x8000b38c      0x210 C:/dev/System23/freetribe/build/bootloader/obj/cpu/src/kernel/peripheral/per_mmcsd_prot.c.o
                0x8000b38c                sdprot_get_csd

.text.sdprot_trans_speed
                0x8000b59c       0x8c
 .text.sdprot_trans_speed
                0x8000b59c       0x8c C:/dev/System23/freetribe/build/bootloader/obj/cpu/src/kernel/peripheral/per_mmcsd_prot.c.o
                0x8000b59c                sdprot_trans_speed

.text.per_pinmux_init
                0x8000b628       0xc8
 .text.per_pinmux_init
                0x8000b628       0xc8 C:/dev/System23/freetribe/build/bootloader/obj/cpu/src/kernel/peripheral/per_pinmux.c.o
                0x8000b628                per_pinmux_init

.text._spi_transmit_data1
                0x8000b6f0       0x48
 .text._spi_transmit_data1
                0x8000b6f0       0x48 C:/dev/System23/freetribe/build/bootloader/obj/cpu/src/kernel/peripheral/per_spi.c.o

.text._spi_isr  0x8000b738       0xe0
 .text._spi_isr
                0x8000b738       0xe0 C:/dev/System23/freetribe/build/bootloader/obj/cpu/src/kernel/peripheral/per_spi.c.o

.text._spi1_isr
                0x8000b818        0xc
 .text._spi1_isr
                0x8000b818        0xc C:/dev/System23/freetribe/build/bootloader/obj/cpu/src/kernel/peripheral/per_spi.c.o

.text._spi0_isr
                0x8000b824        0xc
 .text._spi0_isr
                0x8000b824        0xc C:/dev/System23/freetribe/build/bootloader/obj/cpu/src/kernel/peripheral/per_spi.c.o

.text.per_spi_init
                0x8000b830      0x118
 .text.per_spi_init
                0x8000b830      0x118 C:/dev/System23/freetribe/build/bootloader/obj/cpu/src/kernel/peripheral/per_spi.c.o
                0x8000b830                per_spi_init

.text.per_spi_unregister_interrupts
                0x8000b948       0x54
 .text.per_spi_unregister_interrupts
                0x8000b948       0x54 C:/dev/System23/freetribe/build/bootloader/obj/cpu/src/kernel/peripheral/per_spi.c.o
                0x8000b948                per_spi_unregister_interrupts

.text.per_spi_set_data_format
                0x8000b99c       0x60
 .text.per_spi_set_data_format
                0x8000b99c       0x60 C:/dev/System23/freetribe/build/bootloader/obj/cpu/src/kernel/peripheral/per_spi.c.o
                0x8000b99c                per_spi_set_data_format

.text.per_spi_chip_format
                0x8000b9fc       0x48
 .text.per_spi_chip_format
                0x8000b9fc       0x48 C:/dev/System23/freetribe/build/bootloader/obj/cpu/src/kernel/peripheral/per_spi.c.o
                0x8000b9fc                per_spi_chip_format

.text.per_spi_write_blocking
                0x8000ba44       0x68
 .text.per_spi_write_blocking
                0x8000ba44       0x68 C:/dev/System23/freetribe/build/bootloader/obj/cpu/src/kernel/peripheral/per_spi.c.o
                0x8000ba44                per_spi_write_blocking

.text.per_spi_transfer_blocking
                0x8000baac       0xb0
 .text.per_spi_transfer_blocking
                0x8000baac       0xb0 C:/dev/System23/freetribe/build/bootloader/obj/cpu/src/kernel/peripheral/per_spi.c.o
                0x8000baac                per_spi_transfer_blocking

.text.per_spi_transfer_blocking_end
                0x8000bb5c       0xa0
 .text.per_spi_transfer_blocking_end
                0x8000bb5c       0xa0 C:/dev/System23/freetribe/build/bootloader/obj/cpu/src/kernel/peripheral/per_spi.c.o
                0x8000bb5c                per_spi_transfer_blocking_end

.text.timer_init
                0x8000bbfc       0xd4
 .text.timer_init
                0x8000bbfc       0xd4 C:/dev/System23/freetribe/build/bootloader/obj/cpu/src/kernel/peripheral/per_timer.c.o
                0x8000bbfc                timer_init

.text.timer_count_get
                0x8000bcd0        0xc
 .text.timer_count_get
                0x8000bcd0        0xc C:/dev/System23/freetribe/build/bootloader/obj/cpu/src/kernel/peripheral/per_timer.c.o
                0x8000bcd0                timer_count_get

.text._uart_isr
                0x8000bcdc      0x154
 .text._uart_isr
                0x8000bcdc      0x154 C:/dev/System23/freetribe/build/bootloader/obj/cpu/src/kernel/peripheral/per_uart.c.o

.text._uart1_isr
                0x8000be30        0xc
 .text._uart1_isr
                0x8000be30        0xc C:/dev/System23/freetribe/build/bootloader/obj/cpu/src/kernel/peripheral/per_uart.c.o

.text._uart0_isr
                0x8000be3c        0xc
 .text._uart0_isr
                0x8000be3c        0xc C:/dev/System23/freetribe/build/bootloader/obj/cpu/src/kernel/peripheral/per_uart.c.o

.text.per_uart_init
                0x8000be48      0x14c
 .text.per_uart_init
                0x8000be48      0x14c C:/dev/System23/freetribe/build/bootloader/obj/cpu/src/kernel/peripheral/per_uart.c.o
                0x8000be48                per_uart_init

.text.per_uart_terminate
                0x8000bf94       0x44
 .text.per_uart_terminate
                0x8000bf94       0x44 C:/dev/System23/freetribe/build/bootloader/obj/cpu/src/kernel/peripheral/per_uart.c.o
                0x8000bf94                per_uart_terminate

.text.per_uart_transmit_int
                0x8000bfd8       0x38
 .text.per_uart_transmit_int
                0x8000bfd8       0x38 C:/dev/System23/freetribe/build/bootloader/obj/cpu/src/kernel/peripheral/per_uart.c.o
                0x8000bfd8                per_uart_transmit_int

.text.per_uart_receive_int
                0x8000c010       0x38
 .text.per_uart_receive_int
                0x8000c010       0x38 C:/dev/System23/freetribe/build/bootloader/obj/cpu/src/kernel/peripheral/per_uart.c.o
                0x8000c010                per_uart_receive_int

.text.per_uart_register_callback
                0x8000c048       0x54
 .text.per_uart_register_callback
                0x8000c048       0x54 C:/dev/System23/freetribe/build/bootloader/obj/cpu/src/kernel/peripheral/per_uart.c.o
                0x8000c048                per_uart_register_callback

.text._flash_transaction_begin
                0x8000c09c       0x14
 .text._flash_transaction_begin
                0x8000c09c       0x14 C:/dev/System23/freetribe/build/bootloader/obj/cpu/src/kernel/device/dev_flash.c.o

.text._flash_tx_end.part.0
                0x8000c0b0       0x2c
 .text._flash_tx_end.part.0
                0x8000c0b0       0x2c C:/dev/System23/freetribe/build/bootloader/obj/cpu/src/kernel/device/dev_flash.c.o

.text._flash_address
                0x8000c0dc       0x34
 .text._flash_address
                0x8000c0dc       0x34 C:/dev/System23/freetribe/build/bootloader/obj/cpu/src/kernel/device/dev_flash.c.o

.text._flash_command
                0x8000c110       0x24
 .text._flash_command
                0x8000c110       0x24 C:/dev/System23/freetribe/build/bootloader/obj/cpu/src/kernel/device/dev_flash.c.o

.text._read_reg_byte
                0x8000c134       0x48
 .text._read_reg_byte
                0x8000c134       0x48 C:/dev/System23/freetribe/build/bootloader/obj/cpu/src/kernel/device/dev_flash.c.o

.text._flash_busy
                0x8000c17c       0x14
 .text._flash_busy
                0x8000c17c       0x14 C:/dev/System23/freetribe/build/bootloader/obj/cpu/src/kernel/device/dev_flash.c.o

.text._write_enable
                0x8000c190       0x34
 .text._write_enable
                0x8000c190       0x34 C:/dev/System23/freetribe/build/bootloader/obj/cpu/src/kernel/device/dev_flash.c.o

.text._sector_erase
                0x8000c1c4       0x6c
 .text._sector_erase
                0x8000c1c4       0x6c C:/dev/System23/freetribe/build/bootloader/obj/cpu/src/kernel/device/dev_flash.c.o

.text._sector_write
                0x8000c230       0x7c
 .text._sector_write
                0x8000c230       0x7c C:/dev/System23/freetribe/build/bootloader/obj/cpu/src/kernel/device/dev_flash.c.o

.text.dev_flash_init
                0x8000c2ac       0x78
 .text.dev_flash_init
                0x8000c2ac       0x78 C:/dev/System23/freetribe/build/bootloader/obj/cpu/src/kernel/device/dev_flash.c.o
                0x8000c2ac                dev_flash_init

.text.dev_flash_read
                0x8000c324       0x64
 .text.dev_flash_read
                0x8000c324       0x64 C:/dev/System23/freetribe/build/bootloader/obj/cpu/src/kernel/device/dev_flash.c.o
                0x8000c324                dev_flash_read

.text.dev_flash_write
                0x8000c388       0xf0
 .text.dev_flash_write
                0x8000c388       0xf0 C:/dev/System23/freetribe/build/bootloader/obj/cpu/src/kernel/device/dev_flash.c.o
                0x8000c388                dev_flash_write

.text.dev_flash_verify
                0x8000c478       0xa4
 .text.dev_flash_verify
                0x8000c478       0xa4 C:/dev/System23/freetribe/build/bootloader/obj/cpu/src/kernel/device/dev_flash.c.o
                0x8000c478                dev_flash_verify

.text._lcd_tx   0x8000c51c       0x34
 .text._lcd_tx  0x8000c51c       0x34 C:/dev/System23/freetribe/build/bootloader/obj/cpu/src/kernel/device/dev_lcd.c.o

.text.dev_lcd_init
                0x8000c550       0xa0
 .text.dev_lcd_init
                0x8000c550       0xa0 C:/dev/System23/freetribe/build/bootloader/obj/cpu/src/kernel/device/dev_lcd.c.o
                0x8000c550                dev_lcd_init

.text.dev_lcd_reset
                0x8000c5f0       0x10
 .text.dev_lcd_reset
                0x8000c5f0       0x10 C:/dev/System23/freetribe/build/bootloader/obj/cpu/src/kernel/device/dev_lcd.c.o
                0x8000c5f0                dev_lcd_reset

.text.dev_lcd_set_page
                0x8000c600       0x74
 .text.dev_lcd_set_page
                0x8000c600       0x74 C:/dev/System23/freetribe/build/bootloader/obj/cpu/src/kernel/device/dev_lcd.c.o
                0x8000c600                dev_lcd_set_page

.text.dev_lcd_set_frame
                0x8000c674       0x28
 .text.dev_lcd_set_frame
                0x8000c674       0x28 C:/dev/System23/freetribe/build/bootloader/obj/cpu/src/kernel/device/dev_lcd.c.o
                0x8000c674                dev_lcd_set_frame

.text.dev_lcd_set_backlight
                0x8000c69c       0x34
 .text.dev_lcd_set_backlight
                0x8000c69c       0x34 C:/dev/System23/freetribe/build/bootloader/obj/cpu/src/kernel/device/dev_lcd.c.o
                0x8000c69c                dev_lcd_set_backlight

.text._mcu_rx_msg
                0x8000c6d0       0x14
 .text._mcu_rx_msg
                0x8000c6d0       0x14 C:/dev/System23/freetribe/build/bootloader/obj/cpu/src/kernel/device/dev_mcu.c.o

.text._mcu_error_callback
                0x8000c6e4        0x4
 .text._mcu_error_callback
                0x8000c6e4        0x4 C:/dev/System23/freetribe/build/bootloader/obj/cpu/src/kernel/device/dev_mcu.c.o

.text._mcu_rx_callback
                0x8000c6e8       0x3c
 .text._mcu_rx_callback
                0x8000c6e8       0x3c C:/dev/System23/freetribe/build/bootloader/obj/cpu/src/kernel/device/dev_mcu.c.o

.text._mcu_tx_callback
                0x8000c724       0x4c
 .text._mcu_tx_callback
                0x8000c724       0x4c C:/dev/System23/freetribe/build/bootloader/obj/cpu/src/kernel/device/dev_mcu.c.o

.text.dev_mcu_init
                0x8000c770       0xc4
 .text.dev_mcu_init
                0x8000c770       0xc4 C:/dev/System23/freetribe/build/bootloader/obj/cpu/src/kernel/device/dev_mcu.c.o
                0x8000c770                dev_mcu_init

.text.dev_mcu_tx_enqueue
                0x8000c834       0x34
 .text.dev_mcu_tx_enqueue
                0x8000c834       0x34 C:/dev/System23/freetribe/build/bootloader/obj/cpu/src/kernel/device/dev_mcu.c.o
                0x8000c834                dev_mcu_tx_enqueue

.text.dev_mcu_rx_dequeue
                0x8000c868       0x14
 .text.dev_mcu_rx_dequeue
                0x8000c868       0x14 C:/dev/System23/freetribe/build/bootloader/obj/cpu/src/kernel/device/dev_mcu.c.o
                0x8000c868                dev_mcu_rx_dequeue

.text._sdmmc_cmd
                0x8000c87c      0x178
 .text._sdmmc_cmd
                0x8000c87c      0x178 C:/dev/System23/freetribe/build/bootloader/obj/cpu/src/kernel/device/dev_sdcard.c.o

.text._sdmmc_cmd_noarg
                0x8000c9f4        0x8
 .text._sdmmc_cmd_noarg
                0x8000c9f4        0x8 C:/dev/System23/freetribe/build/bootloader/obj/cpu/src/kernel/device/dev_sdcard.c.o

.text._sdmmc_acmd
                0x8000c9fc       0x3c
 .text._sdmmc_acmd
                0x8000c9fc       0x3c C:/dev/System23/freetribe/build/bootloader/obj/cpu/src/kernel/device/dev_sdcard.c.o

.text._sdmmc_read_fail
                0x8000ca38      0x174
 .text._sdmmc_read_fail
                0x8000ca38      0x174 C:/dev/System23/freetribe/build/bootloader/obj/cpu/src/kernel/device/dev_sdcard.c.o

.text._sdmmc_log_write_state
                0x8000cbac       0xc0
 .text._sdmmc_log_write_state
                0x8000cbac       0xc0 C:/dev/System23/freetribe/build/bootloader/obj/cpu/src/kernel/device/dev_sdcard.c.o

.text._sdmmc_resp
                0x8000cc6c       0x20
 .text._sdmmc_resp
                0x8000cc6c       0x20 C:/dev/System23/freetribe/build/bootloader/obj/cpu/src/kernel/device/dev_sdcard.c.o

.text.dev_sdcard_read
                0x8000cc8c      0x2ec
 .text.dev_sdcard_read
                0x8000cc8c      0x2ec C:/dev/System23/freetribe/build/bootloader/obj/cpu/src/kernel/device/dev_sdcard.c.o
                0x8000cc8c                dev_sdcard_read

.text.dev_sdcard_write
                0x8000cf78      0x27c
 .text.dev_sdcard_write
                0x8000cf78      0x27c C:/dev/System23/freetribe/build/bootloader/obj/cpu/src/kernel/device/dev_sdcard.c.o
                0x8000cf78                dev_sdcard_write

.text.dev_sdcard_present
                0x8000d1f4       0x1c
 .text.dev_sdcard_present
                0x8000d1f4       0x1c C:/dev/System23/freetribe/build/bootloader/obj/cpu/src/kernel/device/dev_sdcard.c.o
                0x8000d1f4                dev_sdcard_present

.text.dev_sdcard_init
                0x8000d210      0x2d4
 .text.dev_sdcard_init
                0x8000d210      0x2d4 C:/dev/System23/freetribe/build/bootloader/obj/cpu/src/kernel/device/dev_sdcard.c.o
                0x8000d210                dev_sdcard_init

.text.dev_sdcard_terminate
                0x8000d4e4       0x44
 .text.dev_sdcard_terminate
                0x8000d4e4       0x44 C:/dev/System23/freetribe/build/bootloader/obj/cpu/src/kernel/device/dev_sdcard.c.o
                0x8000d4e4                dev_sdcard_terminate

.text.disk_initialize
                0x8000d528       0x58
 .text.disk_initialize
                0x8000d528       0x58 C:/dev/System23/freetribe/build/bootloader/obj/cpu/src/kernel/service/svc_fatfs.c.o
                0x8000d528                disk_initialize

.text.disk_status
                0x8000d580       0x38
 .text.disk_status
                0x8000d580       0x38 C:/dev/System23/freetribe/build/bootloader/obj/cpu/src/kernel/service/svc_fatfs.c.o
                0x8000d580                disk_status

.text.disk_read
                0x8000d5b8       0x9c
 .text.disk_read
                0x8000d5b8       0x9c C:/dev/System23/freetribe/build/bootloader/obj/cpu/src/kernel/service/svc_fatfs.c.o
                0x8000d5b8                disk_read

.text.disk_write
                0x8000d654       0x9c
 .text.disk_write
                0x8000d654       0x9c C:/dev/System23/freetribe/build/bootloader/obj/cpu/src/kernel/service/svc_fatfs.c.o
                0x8000d654                disk_write

.text.disk_ioctl
                0x8000d6f0       0x54
 .text.disk_ioctl
                0x8000d6f0       0x54 C:/dev/System23/freetribe/build/bootloader/obj/cpu/src/kernel/service/svc_fatfs.c.o
                0x8000d6f0                disk_ioctl

.text._panel_dispatch_event
                0x8000d744      0x16c
 .text._panel_dispatch_event
                0x8000d744      0x16c C:/dev/System23/freetribe/build/bootloader/obj/cpu/src/kernel/service/svc_panel.c.o

.text._panel_parse.isra.0
                0x8000d8b0      0x294
 .text._panel_parse.isra.0
                0x8000d8b0      0x294 C:/dev/System23/freetribe/build/bootloader/obj/cpu/src/kernel/service/svc_panel.c.o

.text.svc_panel_process
                0x8000db44       0xc8
 .text.svc_panel_process
                0x8000db44       0xc8 C:/dev/System23/freetribe/build/bootloader/obj/cpu/src/kernel/service/svc_panel.c.o
                0x8000db44                svc_panel_process

.text.svc_panel_register_callback
                0x8000dc0c       0x90
 .text.svc_panel_register_callback