C:/dev/System23/freetribe/cpu/src/kernel/peripheral/per_uart.c:220:16:_uart_get	0	static
C:/dev/System23/freetribe/cpu/src/kernel/peripheral/per_uart.c:225:13:_uart_reset	0	static
C:/dev/System23/freetribe/cpu/src/kernel/peripheral/per_uart.c:245:12:_uart_word_length	0	static
C:/dev/System23/freetribe/cpu/src/kernel/peripheral/per_uart.c:292:13:_uart_configure_baud_line	16	static
C:/dev/System23/freetribe/cpu/src/kernel/peripheral/per_uart.c:238:13:_uart_configure_line	24	static
C:/dev/System23/freetribe/cpu/src/kernel/peripheral/per_uart.c:311:13:_uart_enable	0	static
C:/dev/System23/freetribe/cpu/src/kernel/peripheral/per_uart.c:317:13:_uart_disable	0	static
C:/dev/System23/freetribe/cpu/src/kernel/peripheral/per_uart.c:324:13:_uart_enable_fifo	0	static
C:/dev/System23/freetribe/cpu/src/kernel/peripheral/per_uart.c:329:13:_uart_set_fifo_rx_level	0	static
C:/dev/System23/freetribe/cpu/src/kernel/peripheral/per_uart.c:263:13:_uart_configure_fifo	8	static
C:/dev/System23/freetribe/cpu/src/kernel/peripheral/per_uart.c:334:13:_uart_enable_interrupts	0	static
C:/dev/System23/freetribe/cpu/src/kernel/peripheral/per_uart.c:339:13:_uart_disable_interrupts	0	static
C:/dev/System23/freetribe/cpu/src/kernel/peripheral/per_uart.c:344:11:_uart_get_interrupt_id	0	static
C:/dev/System23/freetribe/cpu/src/kernel/peripheral/per_uart.c:350:12:_uart_rx_errors	0	static
C:/dev/System23/freetribe/cpu/src/kernel/peripheral/per_uart.c:357:13:_uart_put_char	0	static
C:/dev/System23/freetribe/cpu/src/kernel/peripheral/per_uart.c:367:12:_uart_get_char	0	static
C:/dev/System23/freetribe/cpu/src/kernel/peripheral/per_uart.c:375:12:_uart_get_char_nonblocking	0	static
C:/dev/System23/freetribe/cpu/src/kernel/peripheral/per_uart.c:384:13:_uart_wait_for_empty	0	static
C:/dev/System23/freetribe/cpu/src/kernel/peripheral/per_uart.c:392:13:_uart_start_tx	8	static
C:/dev/System23/freetribe/cpu/src/kernel/peripheral/per_uart.c:404:13:_uart_start_rx	8	static
C:/dev/System23/freetribe/cpu/src/kernel/peripheral/per_uart.c:426:13:_uart_handle_tx_empty	16	static
C:/dev/System23/freetribe/cpu/src/kernel/peripheral/per_uart.c:447:13:_uart_handle_rx_data	8	static
C:/dev/System23/freetribe/cpu/src/kernel/peripheral/per_uart.c:467:13:_uart_handle_rx_error	8	static
C:/dev/System23/freetribe/cpu/src/kernel/peripheral/per_uart.c:488:13:_uart_dispatch_interrupt	8	static
C:/dev/System23/freetribe/cpu/src/kernel/peripheral/per_uart.c:275:13:_uart_configure_interrupts	16	static
C:/dev/System23/freetribe/cpu/src/kernel/peripheral/per_uart.c:417:13:_uart_ack_system_interrupt	8	static
C:/dev/System23/freetribe/cpu/src/kernel/peripheral/per_uart.c:540:13:_uart0_isr	8	static
C:/dev/System23/freetribe/cpu/src/kernel/peripheral/per_uart.c:542:13:_uart1_isr	8	static
C:/dev/System23/freetribe/cpu/src/kernel/peripheral/per_uart.c:149:6:per_uart_init	16	static
C:/dev/System23/freetribe/cpu/src/kernel/peripheral/per_uart.c:161:6:per_uart_terminate	8	static
C:/dev/System23/freetribe/cpu/src/kernel/peripheral/per_uart.c:169:6:per_uart_transmit	16	static
C:/dev/System23/freetribe/cpu/src/kernel/peripheral/per_uart.c:178:6:per_uart_receive	16	static
C:/dev/System23/freetribe/cpu/src/kernel/peripheral/per_uart.c:187:6:per_uart_transmit_int	16	static
C:/dev/System23/freetribe/cpu/src/kernel/peripheral/per_uart.c:192:6:per_uart_receive_int	16	static
C:/dev/System23/freetribe/cpu/src/kernel/peripheral/per_uart.c:197:6:per_uart_register_callback	0	static
