C:/dev/System23/freetribe/cpu/src/kernel/peripheral/per_uart.c:222:16:_uart_get	0	static
C:/dev/System23/freetribe/cpu/src/kernel/peripheral/per_uart.c:227:13:_uart_reset	0	static
C:/dev/System23/freetribe/cpu/src/kernel/peripheral/per_uart.c:247:17:_uart_word_length	0	static
C:/dev/System23/freetribe/cpu/src/kernel/peripheral/per_uart.c:294:13:_uart_configure_baud_line	16	static
C:/dev/System23/freetribe/cpu/src/kernel/peripheral/per_uart.c:240:13:_uart_configure_line	24	static
C:/dev/System23/freetribe/cpu/src/kernel/peripheral/per_uart.c:313:13:_uart_enable	0	static
C:/dev/System23/freetribe/cpu/src/kernel/peripheral/per_uart.c:319:13:_uart_disable	0	static
C:/dev/System23/freetribe/cpu/src/kernel/peripheral/per_uart.c:326:13:_uart_enable_fifo	0	static
C:/dev/System23/freetribe/cpu/src/kernel/peripheral/per_uart.c:331:13:_uart_set_fifo_rx_level	0	static
C:/dev/System23/freetribe/cpu/src/kernel/peripheral/per_uart.c:265:13:_uart_configure_fifo	8	static
C:/dev/System23/freetribe/cpu/src/kernel/peripheral/per_uart.c:336:13:_uart_enable_interrupts	0	static
C:/dev/System23/freetribe/cpu/src/kernel/peripheral/per_uart.c:341:13:_uart_disable_interrupts	0	static
C:/dev/System23/freetribe/cpu/src/kernel/peripheral/per_uart.c:346:16:_uart_get_interrupt_id	0	static
C:/dev/System23/freetribe/cpu/src/kernel/peripheral/per_uart.c:352:17:_uart_rx_errors	0	static
C:/dev/System23/freetribe/cpu/src/kernel/peripheral/per_uart.c:359:13:_uart_put_char	0	static
C:/dev/System23/freetribe/cpu/src/kernel/peripheral/per_uart.c:369:12:_uart_get_char	0	static
C:/dev/System23/freetribe/cpu/src/kernel/peripheral/per_uart.c:377:12:_uart_get_char_nonblocking	0	static
C:/dev/System23/freetribe/cpu/src/kernel/peripheral/per_uart.c:386:13:_uart_wait_for_empty	0	static
C:/dev/System23/freetribe/cpu/src/kernel/peripheral/per_uart.c:394:13:_uart_start_tx	8	static
C:/dev/System23/freetribe/cpu/src/kernel/peripheral/per_uart.c:406:13:_uart_start_rx	8	static
C:/dev/System23/freetribe/cpu/src/kernel/peripheral/per_uart.c:428:13:_uart_handle_tx_empty	16	static
C:/dev/System23/freetribe/cpu/src/kernel/peripheral/per_uart.c:449:13:_uart_handle_rx_data	8	static
C:/dev/System23/freetribe/cpu/src/kernel/peripheral/per_uart.c:469:13:_uart_handle_rx_error	8	static
C:/dev/System23/freetribe/cpu/src/kernel/peripheral/per_uart.c:490:13:_uart_dispatch_interrupt	8	static
C:/dev/System23/freetribe/cpu/src/kernel/peripheral/per_uart.c:277:13:_uart_configure_interrupts	16	static
C:/dev/System23/freetribe/cpu/src/kernel/peripheral/per_uart.c:419:13:_uart_ack_system_interrupt	8	static
C:/dev/System23/freetribe/cpu/src/kernel/peripheral/per_uart.c:542:13:_uart0_isr	8	static
C:/dev/System23/freetribe/cpu/src/kernel/peripheral/per_uart.c:544:13:_uart1_isr	8	static
C:/dev/System23/freetribe/cpu/src/kernel/peripheral/per_uart.c:151:6:per_uart_init	16	static
C:/dev/System23/freetribe/cpu/src/kernel/peripheral/per_uart.c:163:6:per_uart_terminate	8	static
C:/dev/System23/freetribe/cpu/src/kernel/peripheral/per_uart.c:171:6:per_uart_transmit	16	static
C:/dev/System23/freetribe/cpu/src/kernel/peripheral/per_uart.c:180:6:per_uart_receive	16	static
C:/dev/System23/freetribe/cpu/src/kernel/peripheral/per_uart.c:189:6:per_uart_transmit_int	16	static
C:/dev/System23/freetribe/cpu/src/kernel/peripheral/per_uart.c:194:6:per_uart_receive_int	16	static
C:/dev/System23/freetribe/cpu/src/kernel/peripheral/per_uart.c:199:6:per_uart_register_callback	0	static
