C:/dev/System23/freetribe/cpu/src/kernel/peripheral/per_emifa.c:301:6:_handle_off	0	static
C:/dev/System23/freetribe/cpu/src/kernel/peripheral/per_emifa.c:360:6:_handle_host_read_done	16	static
C:/dev/System23/freetribe/cpu/src/kernel/peripheral/per_emifa.c:400:6:_handle_host_write_done	8	static
C:/dev/System23/freetribe/cpu/src/kernel/peripheral/per_emifa.c:549:13:_hostdma_config	0	static
C:/dev/System23/freetribe/cpu/src/kernel/peripheral/per_emifa.c:375:6:_handle_host_write_header_config	8	static
C:/dev/System23/freetribe/cpu/src/kernel/peripheral/per_emifa.c:347:6:_handle_host_read_config	8	static
C:/dev/System23/freetribe/cpu/src/kernel/peripheral/per_emifa.c:387:6:_handle_host_write_config	8	static
C:/dev/System23/freetribe/cpu/src/kernel/peripheral/per_emifa.c:313:6:_handle_idle	8	static
C:/dev/System23/freetribe/cpu/src/kernel/peripheral/per_emifa.c:565:13:_request_hostdp_status_interrupt	0	static
C:/dev/System23/freetribe/cpu/src/kernel/peripheral/per_emifa.c:333:6:_handle_error	40	static
C:/dev/System23/freetribe/cpu/src/kernel/peripheral/per_emifa.c:584:13:_catch_dma_errors	0	static
C:/dev/System23/freetribe/cpu/src/kernel/peripheral/per_emifa.c:522:13:_host_ack_isr	48	static
C:/dev/System23/freetribe/cpu/src/kernel/peripheral/per_emifa.c:198:6:per_emifa_init	24	static
C:/dev/System23/freetribe/cpu/src/kernel/peripheral/per_emifa.c:247:16:per_emifa_transfer	16	static
C:/dev/System23/freetribe/cpu/src/kernel/peripheral/per_emifa.c:279:6:per_emifa_task	8	static
