C:/dev/System23/freetribe/cpu/src/kernel/peripheral/per_mmcsd_prot.c:164:16:sdprot_next_stat	0	static
C:/dev/System23/freetribe/cpu/src/kernel/peripheral/per_mmcsd_prot.c:170:13:sdprot_stat_name	0	static
C:/dev/System23/freetribe/cpu/src/kernel/peripheral/per_mmcsd_prot.c:180:19:sdprot_resp_type	0	static
C:/dev/System23/freetribe/cpu/src/kernel/peripheral/per_mmcsd_prot.c:199:5:sdprot_resp_crc	0	static
C:/dev/System23/freetribe/cpu/src/kernel/peripheral/per_mmcsd_prot.c:207:18:sdprot_need_data	0	static
C:/dev/System23/freetribe/cpu/src/kernel/peripheral/per_mmcsd_prot.c:228:5:sdprot_need_busy	0	static
C:/dev/System23/freetribe/cpu/src/kernel/peripheral/per_mmcsd_prot.c:243:5:sdprot_get_cid	16	static
C:/dev/System23/freetribe/cpu/src/kernel/peripheral/per_mmcsd_prot.c:258:5:sdprot_print_cid	0	static
C:/dev/System23/freetribe/cpu/src/kernel/peripheral/per_mmcsd_prot.c:273:5:sdprot_get_csd	0	static
C:/dev/System23/freetribe/cpu/src/kernel/peripheral/per_mmcsd_prot.c:318:5:sdprot_print_csd	0	static
C:/dev/System23/freetribe/cpu/src/kernel/peripheral/per_mmcsd_prot.c:353:5:sdprot_trans_speed	72	static
C:/dev/System23/freetribe/cpu/src/kernel/peripheral/per_mmcsd_prot.c:415:5:sdprot_sector_count	4	static
C:/dev/System23/freetribe/cpu/src/kernel/peripheral/per_mmcsd_prot.c:394:5:sdprot_device_size	8	static
C:/dev/System23/freetribe/cpu/src/kernel/peripheral/per_mmcsd_prot.c:442:5:sdprot_print_r1_stat	0	static
