C:/dev/System23/freetribe/cpu/src/kernel/peripheral/per_spi.c:278:21:_has_rx_data	0	static
C:/dev/System23/freetribe/cpu/src/kernel/peripheral/per_spi.c:429:13:_spi_set_format_register	16	static
C:/dev/System23/freetribe/cpu/src/kernel/peripheral/per_spi.c:448:13:_spi_set_dat1_control	0	static
C:/dev/System23/freetribe/cpu/src/kernel/peripheral/per_spi.c:466:12:_spi_dat1_control	0	static
C:/dev/System23/freetribe/cpu/src/kernel/peripheral/per_spi.c:477:13:_spi_transmit_data1	16	static
C:/dev/System23/freetribe/cpu/src/kernel/peripheral/per_spi.c:501:13:_spi_wait_transmit_buffer_ready	0	static
C:/dev/System23/freetribe/cpu/src/kernel/peripheral/per_spi.c:507:13:_spi_wait_receive_ready	8	static
C:/dev/System23/freetribe/cpu/src/kernel/peripheral/per_spi.c:513:13:_spi_drain_receive_data	8	static
C:/dev/System23/freetribe/cpu/src/kernel/peripheral/per_spi.c:422:13:_spi0_isr	8	static
C:/dev/System23/freetribe/cpu/src/kernel/peripheral/per_spi.c:484:13:_spi_wait_transmit_ready	8	static
C:/dev/System23/freetribe/cpu/src/kernel/peripheral/per_spi.c:490:13:_spi_wait_transmit_ready_bounded	16	static
C:/dev/System23/freetribe/cpu/src/kernel/peripheral/per_spi.c:424:13:_spi1_isr	8	static
C:/dev/System23/freetribe/cpu/src/kernel/peripheral/per_spi.c:113:6:per_spi_init	24	static
C:/dev/System23/freetribe/cpu/src/kernel/peripheral/per_spi.c:154:6:per_spi_unregister_interrupts	24	static
C:/dev/System23/freetribe/cpu/src/kernel/peripheral/per_spi.c:171:6:per_spi_set_data_format	16	static
C:/dev/System23/freetribe/cpu/src/kernel/peripheral/per_spi.c:190:6:per_spi_initialised	0	static
C:/dev/System23/freetribe/cpu/src/kernel/peripheral/per_spi.c:196:6:per_spi_chip_format	8	static
C:/dev/System23/freetribe/cpu/src/kernel/peripheral/per_spi.c:210:6:per_spi_write_isr	8	static
C:/dev/System23/freetribe/cpu/src/kernel/peripheral/per_spi.c:219:6:per_spi_write_blocking	24	static
C:/dev/System23/freetribe/cpu/src/kernel/peripheral/per_spi.c:238:6:per_spi_write_blocking_bounded	24	static
C:/dev/System23/freetribe/cpu/src/kernel/peripheral/per_spi.c:259:6:per_spi_transfer_isr	8	static
C:/dev/System23/freetribe/cpu/src/kernel/peripheral/per_spi.c:282:6:per_spi_transfer_blocking	32	static
C:/dev/System23/freetribe/cpu/src/kernel/peripheral/per_spi.c:309:6:per_spi_transfer_blocking_end	24	static
C:/dev/System23/freetribe/cpu/src/kernel/peripheral/per_spi.c:328:6:per_spi_register_callback	0	static
