C:/dev/System23/freetribe/cpu/src/kernel/peripheral/per_emifa.c:302:6:_handle_off	0	static
C:/dev/System23/freetribe/cpu/src/kernel/peripheral/per_emifa.c:361:6:_handle_host_read_done	16	static
C:/dev/System23/freetribe/cpu/src/kernel/peripheral/per_emifa.c:401:6:_handle_host_write_done	8	static
C:/dev/System23/freetribe/cpu/src/kernel/peripheral/per_emifa.c:550:13:_hostdma_config	0	static
C:/dev/System23/freetribe/cpu/src/kernel/peripheral/per_emifa.c:376:6:_handle_host_write_header_config	8	static
C:/dev/System23/freetribe/cpu/src/kernel/peripheral/per_emifa.c:348:6:_handle_host_read_config	8	static
C:/dev/System23/freetribe/cpu/src/kernel/peripheral/per_emifa.c:388:6:_handle_host_write_config	8	static
C:/dev/System23/freetribe/cpu/src/kernel/peripheral/per_emifa.c:314:6:_handle_idle	8	static
C:/dev/System23/freetribe/cpu/src/kernel/peripheral/per_emifa.c:566:13:_request_hostdp_status_interrupt	0	static
C:/dev/System23/freetribe/cpu/src/kernel/peripheral/per_emifa.c:334:6:_handle_error	40	static
C:/dev/System23/freetribe/cpu/src/kernel/peripheral/per_emifa.c:585:13:_catch_dma_errors	0	static
C:/dev/System23/freetribe/cpu/src/kernel/peripheral/per_emifa.c:523:13:_host_ack_isr	48	static
C:/dev/System23/freetribe/cpu/src/kernel/peripheral/per_emifa.c:199:6:per_emifa_init	24	static
C:/dev/System23/freetribe/cpu/src/kernel/peripheral/per_emifa.c:248:16:per_emifa_transfer	16	static
C:/dev/System23/freetribe/cpu/src/kernel/peripheral/per_emifa.c:280:6:per_emifa_task	8	static
