C:/dev/System23/freetribe/cpu/lib/tinyusb/src/tusb.c:346:13:stream_claim	8	static
C:/dev/System23/freetribe/cpu/lib/tinyusb/src/tusb.c:360:13:stream_xfer	16	static
C:/dev/System23/freetribe/cpu/lib/tinyusb/src/tusb.c:377:13:stream_release	8	static
C:/dev/System23/freetribe/cpu/lib/tinyusb/src/tusb.c:55:23:tusb_time_millis_api	8	static
C:/dev/System23/freetribe/cpu/lib/tinyusb/src/tusb.c:59:19:tusb_time_delay_ms_api	8	static
C:/dev/System23/freetribe/cpu/lib/tinyusb/src/tusb.c:73:20:tusb_app_virt_to_phys	0	static
C:/dev/System23/freetribe/cpu/lib/tinyusb/src/tusb.c:77:20:tusb_app_phys_to_virt	0	static
C:/dev/System23/freetribe/cpu/lib/tinyusb/src/tusb.c:84:6:tusb_rhport_init	16	static
C:/dev/System23/freetribe/cpu/lib/tinyusb/src/tusb.c:131:6:tusb_inited	8	static
C:/dev/System23/freetribe/cpu/lib/tinyusb/src/tusb.c:149:6:tusb_int_handler	8	static
C:/dev/System23/freetribe/cpu/lib/tinyusb/src/tusb.c:166:6:tusb_deinit	8	static
C:/dev/System23/freetribe/cpu/lib/tinyusb/src/tusb.c:193:16:tu_desc_find	0	static
C:/dev/System23/freetribe/cpu/lib/tinyusb/src/tusb.c:203:16:tu_desc_find2	0	static
C:/dev/System23/freetribe/cpu/lib/tinyusb/src/tusb.c:213:16:tu_desc_find3	4	static
C:/dev/System23/freetribe/cpu/lib/tinyusb/src/tusb.c:227:6:tu_edpt_claim	16	static
C:/dev/System23/freetribe/cpu/lib/tinyusb/src/tusb.c:244:6:tu_edpt_release	16	static
C:/dev/System23/freetribe/cpu/lib/tinyusb/src/tusb.c:295:6:tu_bind_driver_to_ep_itf	12	static
C:/dev/System23/freetribe/cpu/lib/tinyusb/src/tusb.c:323:6:tu_edpt_stream_init	24	static
C:/dev/System23/freetribe/cpu/lib/tinyusb/src/tusb.c:393:6:tu_edpt_stream_write_zlp_if_needed	8	static
C:/dev/System23/freetribe/cpu/lib/tinyusb/src/tusb.c:401:10:tu_edpt_stream_write_xfer	16	static
C:/dev/System23/freetribe/cpu/lib/tinyusb/src/tusb.c:425:10:tu_edpt_stream_write	16	static
C:/dev/System23/freetribe/cpu/lib/tinyusb/src/tusb.c:437:10:tu_edpt_stream_write_available	0	static
C:/dev/System23/freetribe/cpu/lib/tinyusb/src/tusb.c:444:10:tu_edpt_stream_read_xfer	16	static
C:/dev/System23/freetribe/cpu/lib/tinyusb/src/tusb.c:468:10:tu_edpt_stream_read	16	static
