C:/dev/System23/freetribe/cpu/lib/LEAF/leaf/Src/leaf-effects.c:1329:13:pitchup	80	static
C:/dev/System23/freetribe/cpu/lib/LEAF/leaf/Src/leaf-effects.c:1211:13:pitchdown	72	static
C:/dev/System23/freetribe/cpu/lib/LEAF/leaf/Src/leaf-effects.c:73:6:tTalkbox_free	8	static
C:/dev/System23/freetribe/cpu/lib/LEAF/leaf/Src/leaf-effects.c:89:6:tTalkbox_update	24	static
C:/dev/System23/freetribe/cpu/lib/LEAF/leaf/Src/leaf-effects.c:122:6:tTalkbox_suspend	0	static
C:/dev/System23/freetribe/cpu/lib/LEAF/leaf/Src/leaf-effects.c:40:6:tTalkbox_initToPool	24	static
C:/dev/System23/freetribe/cpu/lib/LEAF/leaf/Src/leaf-effects.c:35:6:tTalkbox_init	8	static
C:/dev/System23/freetribe/cpu/lib/LEAF/leaf/Src/leaf-effects.c:145:6:tTalkbox_warpedAutocorrelate	72	static
C:/dev/System23/freetribe/cpu/lib/LEAF/leaf/Src/leaf-effects.c:183:6:tTalkbox_lpcDurbin	320	static
C:/dev/System23/freetribe/cpu/lib/LEAF/leaf/Src/leaf-effects.c:265:6:tTalkbox_lpc	336	static
C:/dev/System23/freetribe/cpu/lib/LEAF/leaf/Src/leaf-effects.c:216:8:tTalkbox_tick	80	static
C:/dev/System23/freetribe/cpu/lib/LEAF/leaf/Src/leaf-effects.c:322:6:tTalkbox_setQuality	8	static
C:/dev/System23/freetribe/cpu/lib/LEAF/leaf/Src/leaf-effects.c:334:6:tTalkbox_setWarpFactor	0	static
C:/dev/System23/freetribe/cpu/lib/LEAF/leaf/Src/leaf-effects.c:341:6:tTalkbox_setWarpOn	8	static
C:/dev/System23/freetribe/cpu/lib/LEAF/leaf/Src/leaf-effects.c:348:6:tTalkbox_setFreeze	8	static
C:/dev/System23/freetribe/cpu/lib/LEAF/leaf/Src/leaf-effects.c:355:6:tTalkbox_setSampleRate	8	static
C:/dev/System23/freetribe/cpu/lib/LEAF/leaf/Src/leaf-effects.c:411:6:tTalkboxLfloat_free	8	static
C:/dev/System23/freetribe/cpu/lib/LEAF/leaf/Src/leaf-effects.c:427:6:tTalkboxLfloat_update	24	static
C:/dev/System23/freetribe/cpu/lib/LEAF/leaf/Src/leaf-effects.c:460:6:tTalkboxLfloat_suspend	0	static
C:/dev/System23/freetribe/cpu/lib/LEAF/leaf/Src/leaf-effects.c:378:6:tTalkboxLfloat_initToPool	24	static
C:/dev/System23/freetribe/cpu/lib/LEAF/leaf/Src/leaf-effects.c:373:6:tTalkboxLfloat_init	8	static
C:/dev/System23/freetribe/cpu/lib/LEAF/leaf/Src/leaf-effects.c:483:6:tTalkboxLfloat_warpedAutocorrelate	48	static
C:/dev/System23/freetribe/cpu/lib/LEAF/leaf/Src/leaf-effects.c:521:6:tTalkboxLfloat_lpcDurbin	320	static
C:/dev/System23/freetribe/cpu/lib/LEAF/leaf/Src/leaf-effects.c:604:6:tTalkboxLfloat_lpc	336	static
C:/dev/System23/freetribe/cpu/lib/LEAF/leaf/Src/leaf-effects.c:555:8:tTalkboxLfloat_tick	80	static
C:/dev/System23/freetribe/cpu/lib/LEAF/leaf/Src/leaf-effects.c:664:6:tTalkboxLfloat_setQuality	8	static
C:/dev/System23/freetribe/cpu/lib/LEAF/leaf/Src/leaf-effects.c:676:6:tTalkboxLfloat_setWarpFactor	0	static
C:/dev/System23/freetribe/cpu/lib/LEAF/leaf/Src/leaf-effects.c:683:6:tTalkboxLfloat_setWarpOn	0	static
C:/dev/System23/freetribe/cpu/lib/LEAF/leaf/Src/leaf-effects.c:690:6:tTalkboxLfloat_setFreeze	0	static
C:/dev/System23/freetribe/cpu/lib/LEAF/leaf/Src/leaf-effects.c:697:6:tTalkboxLfloat_setSampleRate	8	static
C:/dev/System23/freetribe/cpu/lib/LEAF/leaf/Src/leaf-effects.c:734:6:tVocoder_free	8	static
C:/dev/System23/freetribe/cpu/lib/LEAF/leaf/Src/leaf-effects.c:741:13:tVocoder_update	48	static
C:/dev/System23/freetribe/cpu/lib/LEAF/leaf/Src/leaf-effects.c:713:6:tVocoder_initToPool	16	static
C:/dev/System23/freetribe/cpu/lib/LEAF/leaf/Src/leaf-effects.c:708:6:tVocoder_init	8	static
C:/dev/System23/freetribe/cpu/lib/LEAF/leaf/Src/leaf-effects.c:891:13:tVocoder_suspend	0	static
C:/dev/System23/freetribe/cpu/lib/LEAF/leaf/Src/leaf-effects.c:825:14:tVocoder_tick	80	static
C:/dev/System23/freetribe/cpu/lib/LEAF/leaf/Src/leaf-effects.c:902:9:tVocoder_setSampleRate	16	static
C:/dev/System23/freetribe/cpu/lib/LEAF/leaf/Src/leaf-effects.c:917:6:tRosenbergGlottalPulse_initToPool	16	static
C:/dev/System23/freetribe/cpu/lib/LEAF/leaf/Src/leaf-effects.c:912:6:tRosenbergGlottalPulse_init	8	static
C:/dev/System23/freetribe/cpu/lib/LEAF/leaf/Src/leaf-effects.c:933:6:tRosenbergGlottalPulse_free	8	static
C:/dev/System23/freetribe/cpu/lib/LEAF/leaf/Src/leaf-effects.c:939:10:tRosenbergGlottalPulse_tick	16	static
C:/dev/System23/freetribe/cpu/lib/LEAF/leaf/Src/leaf-effects.c:968:10:tRosenbergGlottalPulse_tickHQ	16	static
C:/dev/System23/freetribe/cpu/lib/LEAF/leaf/Src/leaf-effects.c:996:8:tRosenbergGlottalPulse_setFreq	16	static
C:/dev/System23/freetribe/cpu/lib/LEAF/leaf/Src/leaf-effects.c:1005:8:tRosenbergGlottalPulse_setOpenLength	8	static
C:/dev/System23/freetribe/cpu/lib/LEAF/leaf/Src/leaf-effects.c:1012:8:tRosenbergGlottalPulse_setPulseLength	8	static
C:/dev/System23/freetribe/cpu/lib/LEAF/leaf/Src/leaf-effects.c:1019:8:tRosenbergGlottalPulse_setOpenLengthAndPulseLength	8	static
C:/dev/System23/freetribe/cpu/lib/LEAF/leaf/Src/leaf-effects.c:1027:8:tRosenbergGlottalPulse_setSampleRate	16	static
C:/dev/System23/freetribe/cpu/lib/LEAF/leaf/Src/leaf-effects.c:1056:6:tSOLAD_initToPool	32	static
C:/dev/System23/freetribe/cpu/lib/LEAF/leaf/Src/leaf-effects.c:1051:6:tSOLAD_init	8	static
C:/dev/System23/freetribe/cpu/lib/LEAF/leaf/Src/leaf-effects.c:1076:6:tSOLAD_free	8	static
C:/dev/System23/freetribe/cpu/lib/LEAF/leaf/Src/leaf-effects.c:1119:6:tSOLAD_setPeriod	16	static
C:/dev/System23/freetribe/cpu/lib/LEAF/leaf/Src/leaf-effects.c:1129:6:tSOLAD_setPitchFactor	16	static
C:/dev/System23/freetribe/cpu/lib/LEAF/leaf/Src/leaf-effects.c:1141:6:tSOLAD_setReadLag	16	static
C:/dev/System23/freetribe/cpu/lib/LEAF/leaf/Src/leaf-effects.c:1087:6:tSOLAD_ioSamples	48	static
C:/dev/System23/freetribe/cpu/lib/LEAF/leaf/Src/leaf-effects.c:1439:6:tPitchShift_shiftBy	32	static
C:/dev/System23/freetribe/cpu/lib/LEAF/leaf/Src/leaf-effects.c:1455:9:tPitchShift_shiftTo	32	static
C:/dev/System23/freetribe/cpu/lib/LEAF/leaf/Src/leaf-effects.c:1156:6:tSOLAD_resetState	0	static
C:/dev/System23/freetribe/cpu/lib/LEAF/leaf/Src/leaf-effects.c:1172:6:tSOLAD_setSampleRate	16	static
C:/dev/System23/freetribe/cpu/lib/LEAF/leaf/Src/leaf-effects.c:1414:6:tPitchShift_initToPool	24	static
C:/dev/System23/freetribe/cpu/lib/LEAF/leaf/Src/leaf-effects.c:1409:6:tPitchShift_init	8	static
C:/dev/System23/freetribe/cpu/lib/LEAF/leaf/Src/leaf-effects.c:1431:6:tPitchShift_free	8	static
C:/dev/System23/freetribe/cpu/lib/LEAF/leaf/Src/leaf-effects.c:1472:9:tPitchShift_setPickiness	0	static
C:/dev/System23/freetribe/cpu/lib/LEAF/leaf/Src/leaf-effects.c:1478:9:tPitchShift_setSampleRate	8	static
C:/dev/System23/freetribe/cpu/lib/LEAF/leaf/Src/leaf-effects.c:1494:6:tSimpleRetune_initToPool	40	static
C:/dev/System23/freetribe/cpu/lib/LEAF/leaf/Src/leaf-effects.c:1489:6:tSimpleRetune_init	16	static
C:/dev/System23/freetribe/cpu/lib/LEAF/leaf/Src/leaf-effects.c:1524:6:tSimpleRetune_free	16	static
C:/dev/System23/freetribe/cpu/lib/LEAF/leaf/Src/leaf-effects.c:1541:8:tSimpleRetune_tick	16	static
C:/dev/System23/freetribe/cpu/lib/LEAF/leaf/Src/leaf-effects.c:1564:6:tSimpleRetune_setMode	0	static
C:/dev/System23/freetribe/cpu/lib/LEAF/leaf/Src/leaf-effects.c:1572:6:tSimpleRetune_setNumVoices	40	static
C:/dev/System23/freetribe/cpu/lib/LEAF/leaf/Src/leaf-effects.c:1585:6:tSimpleRetune_setPickiness	16	static
C:/dev/System23/freetribe/cpu/lib/LEAF/leaf/Src/leaf-effects.c:1595:6:tSimpleRetune_tuneVoices	0	static
C:/dev/System23/freetribe/cpu/lib/LEAF/leaf/Src/leaf-effects.c:1605:6:tSimpleRetune_tuneVoice	0	static
C:/dev/System23/freetribe/cpu/lib/LEAF/leaf/Src/leaf-effects.c:1612:8:tSimpleRetune_getInputFrequency	8	static
C:/dev/System23/freetribe/cpu/lib/LEAF/leaf/Src/leaf-effects.c:1619:6:tSimpleRetune_setSampleRate	16	static
C:/dev/System23/freetribe/cpu/lib/LEAF/leaf/Src/leaf-effects.c:1638:6:tRetune_initToPool	40	static
C:/dev/System23/freetribe/cpu/lib/LEAF/leaf/Src/leaf-effects.c:1633:6:tRetune_init	16	static
C:/dev/System23/freetribe/cpu/lib/LEAF/leaf/Src/leaf-effects.c:1670:6:tRetune_free	16	static
C:/dev/System23/freetribe/cpu/lib/LEAF/leaf/Src/leaf-effects.c:1689:9:tRetune_tick	16	static
C:/dev/System23/freetribe/cpu/lib/LEAF/leaf/Src/leaf-effects.c:1715:6:tRetune_setMode	0	static
C:/dev/System23/freetribe/cpu/lib/LEAF/leaf/Src/leaf-effects.c:1723:6:tRetune_setPickiness	8	static
C:/dev/System23/freetribe/cpu/lib/LEAF/leaf/Src/leaf-effects.c:1730:6:tRetune_setNumVoices	40	static
C:/dev/System23/freetribe/cpu/lib/LEAF/leaf/Src/leaf-effects.c:1743:6:tRetune_tuneVoices	0	static
C:/dev/System23/freetribe/cpu/lib/LEAF/leaf/Src/leaf-effects.c:1753:6:tRetune_tuneVoice	0	static
C:/dev/System23/freetribe/cpu/lib/LEAF/leaf/Src/leaf-effects.c:1760:8:tRetune_getInputFrequency	8	static
C:/dev/System23/freetribe/cpu/lib/LEAF/leaf/Src/leaf-effects.c:1767:6:tRetune_setSampleRate	16	static
C:/dev/System23/freetribe/cpu/lib/LEAF/leaf/Src/leaf-effects.c:1787:6:tFormantShifter_initToPool	40	static
C:/dev/System23/freetribe/cpu/lib/LEAF/leaf/Src/leaf-effects.c:1782:6:tFormantShifter_init	8	static
C:/dev/System23/freetribe/cpu/lib/LEAF/leaf/Src/leaf-effects.c:1826:6:tFormantShifter_free	16	static
C:/dev/System23/freetribe/cpu/lib/LEAF/leaf/Src/leaf-effects.c:1851:8:tFormantShifter_remove	48	static
C:/dev/System23/freetribe/cpu/lib/LEAF/leaf/Src/leaf-effects.c:1890:8:tFormantShifter_add	64	static
C:/dev/System23/freetribe/cpu/lib/LEAF/leaf/Src/leaf-effects.c:1846:8:tFormantShifter_tick	8	static
C:/dev/System23/freetribe/cpu/lib/LEAF/leaf/Src/leaf-effects.c:1988:6:tFormantShifter_setShiftFactor	0	static
C:/dev/System23/freetribe/cpu/lib/LEAF/leaf/Src/leaf-effects.c:1994:6:tFormantShifter_setIntensity	16	static
C:/dev/System23/freetribe/cpu/lib/LEAF/leaf/Src/leaf-effects.c:2013:6:tFormantShifter_setSampleRate	16	static
