C:/dev/System23/freetribe/cpu/lib/LEAF/leaf/Src/leaf-electrical.c:284:15:get_port_resistance_for_resistor	16	static
C:/dev/System23/freetribe/cpu/lib/LEAF/leaf/Src/leaf-electrical.c:294:15:get_port_resistance_for_capacitor	8	static
C:/dev/System23/freetribe/cpu/lib/LEAF/leaf/Src/leaf-electrical.c:304:15:get_port_resistance_for_inductor	16	static
C:/dev/System23/freetribe/cpu/lib/LEAF/leaf/Src/leaf-electrical.c:314:15:get_port_resistance_for_resistive	16	static
C:/dev/System23/freetribe/cpu/lib/LEAF/leaf/Src/leaf-electrical.c:381:13:set_incident_wave_for_leaf	0	static
C:/dev/System23/freetribe/cpu/lib/LEAF/leaf/Src/leaf-electrical.c:387:13:set_incident_wave_for_leaf_inverted	0	static
C:/dev/System23/freetribe/cpu/lib/LEAF/leaf/Src/leaf-electrical.c:437:15:get_reflected_wave_for_resistor	0	static
C:/dev/System23/freetribe/cpu/lib/LEAF/leaf/Src/leaf-electrical.c:444:15:get_reflected_wave_for_capacitor	0	static
C:/dev/System23/freetribe/cpu/lib/LEAF/leaf/Src/leaf-electrical.c:451:15:get_reflected_wave_for_resistive	0	static
C:/dev/System23/freetribe/cpu/lib/LEAF/leaf/Src/leaf-electrical.c:484:15:get_reflected_wave_for_ideal	8	static
C:/dev/System23/freetribe/cpu/lib/LEAF/leaf/Src/leaf-electrical.c:496:15:wrightOmega3	16	static
C:/dev/System23/freetribe/cpu/lib/LEAF/leaf/Src/leaf-electrical.c:512:15:wrightOmegaApproximation	16	static
C:/dev/System23/freetribe/cpu/lib/LEAF/leaf/Src/leaf-electrical.c:518:15:lambertW	16	static
C:/dev/System23/freetribe/cpu/lib/LEAF/leaf/Src/leaf-electrical.c:534:15:get_reflected_wave_for_diode_pair	24	static
C:/dev/System23/freetribe/cpu/lib/LEAF/leaf/Src/leaf-electrical.c:525:15:get_reflected_wave_for_diode	16	static
C:/dev/System23/freetribe/cpu/lib/LEAF/leaf/Src/leaf-electrical.c:181:9:tWDF_free	8	static
C:/dev/System23/freetribe/cpu/lib/LEAF/leaf/Src/leaf-electrical.c:215:6:tWDF_setValue	0	static
C:/dev/System23/freetribe/cpu/lib/LEAF/leaf/Src/leaf-electrical.c:221:6:tWDF_setSampleRate	8	static
C:/dev/System23/freetribe/cpu/lib/LEAF/leaf/Src/leaf-electrical.c:237:9:tWDF_isLeaf	0	static
C:/dev/System23/freetribe/cpu/lib/LEAF/leaf/Src/leaf-electrical.c:244:8:tWDF_getPortResistance	8	static
C:/dev/System23/freetribe/cpu/lib/LEAF/leaf/Src/leaf-electrical.c:48:13:wdf_init	24	static
C:/dev/System23/freetribe/cpu/lib/LEAF/leaf/Src/leaf-electrical.c:173:9:tWDF_initToPool	32	static
C:/dev/System23/freetribe/cpu/lib/LEAF/leaf/Src/leaf-electrical.c:168:6:tWDF_init	16	static
C:/dev/System23/freetribe/cpu/lib/LEAF/leaf/Src/leaf-electrical.c:364:15:get_port_resistance_for_root	16	static
C:/dev/System23/freetribe/cpu/lib/LEAF/leaf/Src/leaf-electrical.c:349:15:get_port_resistance_for_parallel	24	static
C:/dev/System23/freetribe/cpu/lib/LEAF/leaf/Src/leaf-electrical.c:334:15:get_port_resistance_for_series	24	static
C:/dev/System23/freetribe/cpu/lib/LEAF/leaf/Src/leaf-electrical.c:324:15:get_port_resistance_for_inverter	16	static
C:/dev/System23/freetribe/cpu/lib/LEAF/leaf/Src/leaf-electrical.c:250:6:tWDF_setIncidentWave	8	static
C:/dev/System23/freetribe/cpu/lib/LEAF/leaf/Src/leaf-electrical.c:393:13:set_incident_wave_for_inverter	8	static
C:/dev/System23/freetribe/cpu/lib/LEAF/leaf/Src/leaf-electrical.c:256:8:tWDF_getReflectedWaveUp	8	static
C:/dev/System23/freetribe/cpu/lib/LEAF/leaf/Src/leaf-electrical.c:419:13:set_incident_wave_for_parallel	40	static
C:/dev/System23/freetribe/cpu/lib/LEAF/leaf/Src/leaf-electrical.c:473:15:get_reflected_wave_for_parallel	24	static
C:/dev/System23/freetribe/cpu/lib/LEAF/leaf/Src/leaf-electrical.c:400:13:set_incident_wave_for_series	40	static
C:/dev/System23/freetribe/cpu/lib/LEAF/leaf/Src/leaf-electrical.c:465:15:get_reflected_wave_for_series	16	static
C:/dev/System23/freetribe/cpu/lib/LEAF/leaf/Src/leaf-electrical.c:458:15:get_reflected_wave_for_inverter	8	static
C:/dev/System23/freetribe/cpu/lib/LEAF/leaf/Src/leaf-electrical.c:262:8:tWDF_getReflectedWaveDown	8	static
C:/dev/System23/freetribe/cpu/lib/LEAF/leaf/Src/leaf-electrical.c:268:8:tWDF_getVoltage	16	static
C:/dev/System23/freetribe/cpu/lib/LEAF/leaf/Src/leaf-electrical.c:188:8:tWDF_tick	24	static
C:/dev/System23/freetribe/cpu/lib/LEAF/leaf/Src/leaf-electrical.c:274:8:tWDF_getCurrent	16	static
