C:/dev/System23/freetribe/cpu/lib/LEAF/leaf/Src/leaf-dynamics.c:49:6:tCompressor_initToPool	16	static
C:/dev/System23/freetribe/cpu/lib/LEAF/leaf/Src/leaf-dynamics.c:44:6:tCompressor_init	8	static
C:/dev/System23/freetribe/cpu/lib/LEAF/leaf/Src/leaf-dynamics.c:79:6:tCompressor_free	8	static
C:/dev/System23/freetribe/cpu/lib/LEAF/leaf/Src/leaf-dynamics.c:86:9:tCompressor_tick	48	static
C:/dev/System23/freetribe/cpu/lib/LEAF/leaf/Src/leaf-dynamics.c:141:8:tCompressor_tickWithTable	40	static
C:/dev/System23/freetribe/cpu/lib/LEAF/leaf/Src/leaf-dynamics.c:188:8:tCompressor_tickWithTableHardKnee	32	static
C:/dev/System23/freetribe/cpu/lib/LEAF/leaf/Src/leaf-dynamics.c:228:6:tCompressor_setTables	32	static
C:/dev/System23/freetribe/cpu/lib/LEAF/leaf/Src/leaf-dynamics.c:255:6:tCompressor_setParams	16	static
C:/dev/System23/freetribe/cpu/lib/LEAF/leaf/Src/leaf-dynamics.c:268:6:tCompressor_setSampleRate	0	static
C:/dev/System23/freetribe/cpu/lib/LEAF/leaf/Src/leaf-dynamics.c:280:6:tFeedbackLeveler_initToPool	32	static
C:/dev/System23/freetribe/cpu/lib/LEAF/leaf/Src/leaf-dynamics.c:275:6:tFeedbackLeveler_init	16	static
C:/dev/System23/freetribe/cpu/lib/LEAF/leaf/Src/leaf-dynamics.c:293:6:tFeedbackLeveler_free	8	static
C:/dev/System23/freetribe/cpu/lib/LEAF/leaf/Src/leaf-dynamics.c:301:10:tFeedbackLeveler_setStrength	0	static
C:/dev/System23/freetribe/cpu/lib/LEAF/leaf/Src/leaf-dynamics.c:308:10:tFeedbackLeveler_setFactor	8	static
C:/dev/System23/freetribe/cpu/lib/LEAF/leaf/Src/leaf-dynamics.c:314:10:tFeedbackLeveler_setMode	0	static
C:/dev/System23/freetribe/cpu/lib/LEAF/leaf/Src/leaf-dynamics.c:320:10:tFeedbackLeveler_tick	16	static
C:/dev/System23/freetribe/cpu/lib/LEAF/leaf/Src/leaf-dynamics.c:329:10:tFeedbackLeveler_sample	0	static
C:/dev/System23/freetribe/cpu/lib/LEAF/leaf/Src/leaf-dynamics.c:336:10:tFeedbackLeveler_setTargetLevel	0	static
C:/dev/System23/freetribe/cpu/lib/LEAF/leaf/Src/leaf-dynamics.c:348:6:tThreshold_initToPool	24	static
C:/dev/System23/freetribe/cpu/lib/LEAF/leaf/Src/leaf-dynamics.c:343:6:tThreshold_init	8	static
C:/dev/System23/freetribe/cpu/lib/LEAF/leaf/Src/leaf-dynamics.c:360:6:tThreshold_free	8	static
C:/dev/System23/freetribe/cpu/lib/LEAF/leaf/Src/leaf-dynamics.c:367:5:tThreshold_tick	16	static
C:/dev/System23/freetribe/cpu/lib/LEAF/leaf/Src/leaf-dynamics.c:383:6:tThreshold_setLow	0	static
C:/dev/System23/freetribe/cpu/lib/LEAF/leaf/Src/leaf-dynamics.c:390:6:tThreshold_setHigh	0	static
