C:/dev/System23/freetribe/cpu/lib/LEAF/leaf/Src/leaf-instruments.c:26:13:t808Cowbell_initToPool	32	static
C:/dev/System23/freetribe/cpu/lib/LEAF/leaf/Src/leaf-instruments.c:21:6:t808Cowbell_init	8	static
C:/dev/System23/freetribe/cpu/lib/LEAF/leaf/Src/leaf-instruments.c:57:13:t808Cowbell_free	8	static
C:/dev/System23/freetribe/cpu/lib/LEAF/leaf/Src/leaf-instruments.c:73:6:t808Cowbell_on	16	static
C:/dev/System23/freetribe/cpu/lib/LEAF/leaf/Src/leaf-instruments.c:83:8:t808Cowbell_tick	24	static
C:/dev/System23/freetribe/cpu/lib/LEAF/leaf/Src/leaf-instruments.c:107:6:t808Cowbell_setDecay	8	static
C:/dev/System23/freetribe/cpu/lib/LEAF/leaf/Src/leaf-instruments.c:113:6:t808Cowbell_setHighpassFreq	8	static
C:/dev/System23/freetribe/cpu/lib/LEAF/leaf/Src/leaf-instruments.c:119:6:t808Cowbell_setBandpassFreq	0	static
C:/dev/System23/freetribe/cpu/lib/LEAF/leaf/Src/leaf-instruments.c:125:6:t808Cowbell_setFreq	16	static
C:/dev/System23/freetribe/cpu/lib/LEAF/leaf/Src/leaf-instruments.c:132:6:t808Cowbell_setOscMix	0	static
C:/dev/System23/freetribe/cpu/lib/LEAF/leaf/Src/leaf-instruments.c:138:6:t808Cowbell_setStick	0	static
C:/dev/System23/freetribe/cpu/lib/LEAF/leaf/Src/leaf-instruments.c:144:6:t808Cowbell_setSampleRate	16	static
C:/dev/System23/freetribe/cpu/lib/LEAF/leaf/Src/leaf-instruments.c:162:9:t808Hihat_initToPool	32	static
C:/dev/System23/freetribe/cpu/lib/LEAF/leaf/Src/leaf-instruments.c:157:6:t808Hihat_init	8	static
C:/dev/System23/freetribe/cpu/lib/LEAF/leaf/Src/leaf-instruments.c:197:9:t808Hihat_free	16	static
C:/dev/System23/freetribe/cpu/lib/LEAF/leaf/Src/leaf-instruments.c:220:6:t808Hihat_on	16	static
C:/dev/System23/freetribe/cpu/lib/LEAF/leaf/Src/leaf-instruments.c:227:6:t808Hihat_setOscNoiseMix	0	static
C:/dev/System23/freetribe/cpu/lib/LEAF/leaf/Src/leaf-instruments.c:233:8:t808Hihat_tick	24	static
C:/dev/System23/freetribe/cpu/lib/LEAF/leaf/Src/leaf-instruments.c:269:6:t808Hihat_setDecay	8	static
C:/dev/System23/freetribe/cpu/lib/LEAF/leaf/Src/leaf-instruments.c:275:6:t808Hihat_setHighpassFreq	8	static
C:/dev/System23/freetribe/cpu/lib/LEAF/leaf/Src/leaf-instruments.c:281:6:t808Hihat_setStretch	0	static
C:/dev/System23/freetribe/cpu/lib/LEAF/leaf/Src/leaf-instruments.c:287:6:t808Hihat_setFM	0	static
C:/dev/System23/freetribe/cpu/lib/LEAF/leaf/Src/leaf-instruments.c:293:6:t808Hihat_setOscBandpassFreq	8	static
C:/dev/System23/freetribe/cpu/lib/LEAF/leaf/Src/leaf-instruments.c:299:6:t808Hihat_setOscBandpassQ	8	static
C:/dev/System23/freetribe/cpu/lib/LEAF/leaf/Src/leaf-instruments.c:305:6:t808Hihat_setStickBandPassFreq	8	static
C:/dev/System23/freetribe/cpu/lib/LEAF/leaf/Src/leaf-instruments.c:311:6:t808Hihat_setStickBandPassQ	8	static
C:/dev/System23/freetribe/cpu/lib/LEAF/leaf/Src/leaf-instruments.c:317:6:t808Hihat_setOscFreq	0	static
C:/dev/System23/freetribe/cpu/lib/LEAF/leaf/Src/leaf-instruments.c:323:6:t808Hihat_setSampleRate	16	static
C:/dev/System23/freetribe/cpu/lib/LEAF/leaf/Src/leaf-instruments.c:346:9:t808Snare_initToPool	40	static
C:/dev/System23/freetribe/cpu/lib/LEAF/leaf/Src/leaf-instruments.c:341:6:t808Snare_init	8	static
C:/dev/System23/freetribe/cpu/lib/LEAF/leaf/Src/leaf-instruments.c:376:9:t808Snare_free	16	static
C:/dev/System23/freetribe/cpu/lib/LEAF/leaf/Src/leaf-instruments.c:397:6:t808Snare_on	16	static
C:/dev/System23/freetribe/cpu/lib/LEAF/leaf/Src/leaf-instruments.c:412:6:t808Snare_setTone1Freq	8	static
C:/dev/System23/freetribe/cpu/lib/LEAF/leaf/Src/leaf-instruments.c:419:6:t808Snare_setTone2Freq	8	static
C:/dev/System23/freetribe/cpu/lib/LEAF/leaf/Src/leaf-instruments.c:426:6:t808Snare_setTone1Decay	8	static
C:/dev/System23/freetribe/cpu/lib/LEAF/leaf/Src/leaf-instruments.c:432:6:t808Snare_setTone2Decay	8	static
C:/dev/System23/freetribe/cpu/lib/LEAF/leaf/Src/leaf-instruments.c:438:6:t808Snare_setNoiseDecay	8	static
C:/dev/System23/freetribe/cpu/lib/LEAF/leaf/Src/leaf-instruments.c:444:6:t808Snare_setToneNoiseMix	0	static
C:/dev/System23/freetribe/cpu/lib/LEAF/leaf/Src/leaf-instruments.c:450:6:t808Snare_setNoiseFilterFreq	0	static
C:/dev/System23/freetribe/cpu/lib/LEAF/leaf/Src/leaf-instruments.c:456:6:t808Snare_setNoiseFilterQ	8	static
C:/dev/System23/freetribe/cpu/lib/LEAF/leaf/Src/leaf-instruments.c:462:8:t808Snare_tick	32	static
C:/dev/System23/freetribe/cpu/lib/LEAF/leaf/Src/leaf-instruments.c:484:6:t808Snare_setSampleRate	16	static
C:/dev/System23/freetribe/cpu/lib/LEAF/leaf/Src/leaf-instruments.c:504:9:t808SnareSmall_initToPool	48	static
C:/dev/System23/freetribe/cpu/lib/LEAF/leaf/Src/leaf-instruments.c:499:6:t808SnareSmall_init	8	static
C:/dev/System23/freetribe/cpu/lib/LEAF/leaf/Src/leaf-instruments.c:533:9:t808SnareSmall_free	16	static
C:/dev/System23/freetribe/cpu/lib/LEAF/leaf/Src/leaf-instruments.c:554:6:t808SnareSmall_on	16	static
C:/dev/System23/freetribe/cpu/lib/LEAF/leaf/Src/leaf-instruments.c:569:6:t808SnareSmall_setTone1Freq	8	static
C:/dev/System23/freetribe/cpu/lib/LEAF/leaf/Src/leaf-instruments.c:576:6:t808SnareSmall_setTone2Freq	8	static
C:/dev/System23/freetribe/cpu/lib/LEAF/leaf/Src/leaf-instruments.c:583:6:t808SnareSmall_setTone1Decay	8	static
C:/dev/System23/freetribe/cpu/lib/LEAF/leaf/Src/leaf-instruments.c:589:6:t808SnareSmall_setTone2Decay	8	static
C:/dev/System23/freetribe/cpu/lib/LEAF/leaf/Src/leaf-instruments.c:595:6:t808SnareSmall_setNoiseDecay	8	static
C:/dev/System23/freetribe/cpu/lib/LEAF/leaf/Src/leaf-instruments.c:601:6:t808SnareSmall_setToneNoiseMix	0	static
C:/dev/System23/freetribe/cpu/lib/LEAF/leaf/Src/leaf-instruments.c:607:6:t808SnareSmall_setNoiseFilterFreq	0	static
C:/dev/System23/freetribe/cpu/lib/LEAF/leaf/Src/leaf-instruments.c:613:6:t808SnareSmall_setNoiseFilterQ	8	static
C:/dev/System23/freetribe/cpu/lib/LEAF/leaf/Src/leaf-instruments.c:620:8:t808SnareSmall_tick	32	static
C:/dev/System23/freetribe/cpu/lib/LEAF/leaf/Src/leaf-instruments.c:642:6:t808SnareSmall_setSampleRate	16	static
C:/dev/System23/freetribe/cpu/lib/LEAF/leaf/Src/leaf-instruments.c:661:6:t808Kick_initToPool	32	static
C:/dev/System23/freetribe/cpu/lib/LEAF/leaf/Src/leaf-instruments.c:656:6:t808Kick_init	8	static
C:/dev/System23/freetribe/cpu/lib/LEAF/leaf/Src/leaf-instruments.c:681:9:t808Kick_free	8	static
C:/dev/System23/freetribe/cpu/lib/LEAF/leaf/Src/leaf-instruments.c:696:14:t808Kick_tick	24	static
C:/dev/System23/freetribe/cpu/lib/LEAF/leaf/Src/leaf-instruments.c:708:13:t808Kick_on	16	static
C:/dev/System23/freetribe/cpu/lib/LEAF/leaf/Src/leaf-instruments.c:717:13:t808Kick_setToneFreq	0	static
C:/dev/System23/freetribe/cpu/lib/LEAF/leaf/Src/leaf-instruments.c:724:13:t808Kick_setToneDecay	16	static
C:/dev/System23/freetribe/cpu/lib/LEAF/leaf/Src/leaf-instruments.c:738:13:t808Kick_setSampleRate	16	static
C:/dev/System23/freetribe/cpu/lib/LEAF/leaf/Src/leaf-instruments.c:754:6:t808KickSmall_initToPool	32	static
C:/dev/System23/freetribe/cpu/lib/LEAF/leaf/Src/leaf-instruments.c:749:6:t808KickSmall_init	8	static
C:/dev/System23/freetribe/cpu/lib/LEAF/leaf/Src/leaf-instruments.c:774:9:t808KickSmall_free	8	static
C:/dev/System23/freetribe/cpu/lib/LEAF/leaf/Src/leaf-instruments.c:789:14:t808KickSmall_tick	24	static
C:/dev/System23/freetribe/cpu/lib/LEAF/leaf/Src/leaf-instruments.c:801:13:t808KickSmall_on	16	static
C:/dev/System23/freetribe/cpu/lib/LEAF/leaf/Src/leaf-instruments.c:810:13:t808KickSmall_setToneFreq	0	static
C:/dev/System23/freetribe/cpu/lib/LEAF/leaf/Src/leaf-instruments.c:817:13:t808KickSmall_setToneDecay	16	static
C:/dev/System23/freetribe/cpu/lib/LEAF/leaf/Src/leaf-instruments.c:831:13:t808KickSmall_setSampleRate	16	static
