C:/dev/System23/freetribe/cpu/lib/UGUI/ugui_progress.c:231:13:_UG_ProgressUpdate	48	static
C:/dev/System23/freetribe/cpu/lib/UGUI/ugui_progress.c:14:11:UG_ProgressCreate	24	static
C:/dev/System23/freetribe/cpu/lib/UGUI/ugui_progress.c:49:11:UG_ProgressDelete	0	static
C:/dev/System23/freetribe/cpu/lib/UGUI/ugui_progress.c:54:11:UG_ProgressShow	8	static
C:/dev/System23/freetribe/cpu/lib/UGUI/ugui_progress.c:67:11:UG_ProgressHide	8	static
C:/dev/System23/freetribe/cpu/lib/UGUI/ugui_progress.c:80:11:UG_ProgressSetForeColor	8	static
C:/dev/System23/freetribe/cpu/lib/UGUI/ugui_progress.c:95:11:UG_ProgressSetBackColor	8	static
C:/dev/System23/freetribe/cpu/lib/UGUI/ugui_progress.c:110:11:UG_ProgressSetStyle	8	static
C:/dev/System23/freetribe/cpu/lib/UGUI/ugui_progress.c:148:11:UG_ProgressSetProgress	8	static
C:/dev/System23/freetribe/cpu/lib/UGUI/ugui_progress.c:171:10:UG_ProgressGetForeColor	8	static
C:/dev/System23/freetribe/cpu/lib/UGUI/ugui_progress.c:186:10:UG_ProgressGetBackColor	8	static
C:/dev/System23/freetribe/cpu/lib/UGUI/ugui_progress.c:201:7:UG_ProgressGetStyle	8	static
C:/dev/System23/freetribe/cpu/lib/UGUI/ugui_progress.c:216:7:UG_ProgressGetProgress	8	static
