C:/dev/System23/freetribe/cpu/src/kernel/device/dev_flash.c:562:13:_flash_pack_address	0	static
C:/dev/System23/freetribe/cpu/src/kernel/device/dev_flash.c:525:13:_flash_transaction_begin	8	static
C:/dev/System23/freetribe/cpu/src/kernel/device/dev_flash.c:577:13:_flash_tx	8	static
C:/dev/System23/freetribe/cpu/src/kernel/device/dev_flash.c:530:13:_flash_command	16	static
C:/dev/System23/freetribe/cpu/src/kernel/device/dev_flash.c:538:13:_flash_address	16	static
C:/dev/System23/freetribe/cpu/src/kernel/device/dev_flash.c:608:13:_flash_rx_end	16	static
C:/dev/System23/freetribe/cpu/src/kernel/device/dev_flash.c:415:16:_read_reg_byte	16	static
C:/dev/System23/freetribe/cpu/src/kernel/device/dev_flash.c:439:16:_read_status	8	static
C:/dev/System23/freetribe/cpu/src/kernel/device/dev_flash.c:405:13:_flash_busy	8	static
C:/dev/System23/freetribe/cpu/src/kernel/device/dev_flash.c:443:16:_read_security	8	static
C:/dev/System23/freetribe/cpu/src/kernel/device/dev_flash.c:588:13:_flash_tx_end	16	static
C:/dev/System23/freetribe/cpu/src/kernel/device/dev_flash.c:532:13:_flash_command_end	16	static
C:/dev/System23/freetribe/cpu/src/kernel/device/dev_flash.c:407:13:_write_enable	8	static
C:/dev/System23/freetribe/cpu/src/kernel/device/dev_flash.c:499:13:_gang_block_unlock	8	static
C:/dev/System23/freetribe/cpu/src/kernel/device/dev_flash.c:546:13:_flash_address_end	16	static
C:/dev/System23/freetribe/cpu/src/kernel/device/dev_flash.c:359:13:_sector_erase	8	static
C:/dev/System23/freetribe/cpu/src/kernel/device/dev_flash.c:381:13:_page_program	16	static
C:/dev/System23/freetribe/cpu/src/kernel/device/dev_flash.c:346:13:_sector_write	16	static
C:/dev/System23/freetribe/cpu/src/kernel/device/dev_flash.c:142:10:dev_flash_init	48	static
C:/dev/System23/freetribe/cpu/src/kernel/device/dev_flash.c:183:6:flash_read	16	static
C:/dev/System23/freetribe/cpu/src/kernel/device/dev_flash.c:202:6:flash_write	32	static
C:/dev/System23/freetribe/cpu/src/kernel/device/dev_flash.c:262:6:flash_verify	24	static
C:/dev/System23/freetribe/cpu/src/kernel/device/dev_flash.c:296:6:flash_erase	24	static
C:/dev/System23/freetribe/cpu/src/kernel/device/dev_flash.c:342:6:flash_unlock	8	static
