C:/dev/System23/freetribe/cpu/src/kernel/device/dev_dsp_ipc.c:448:17:_get_op_type	0	static
C:/dev/System23/freetribe/cpu/src/kernel/device/dev_dsp_ipc.c:348:13:_on_hostwr_done	8	static
C:/dev/System23/freetribe/cpu/src/kernel/device/dev_dsp_ipc.c:411:13:_on_error	48	static
C:/dev/System23/freetribe/cpu/src/kernel/device/dev_dsp_ipc.c:324:13:_store_inflight_read	8	static
C:/dev/System23/freetribe/cpu/src/kernel/device/dev_dsp_ipc.c:265:13:_try_immediate_send	32	static
C:/dev/System23/freetribe/cpu/src/kernel/device/dev_dsp_ipc.c:295:21:_enqueue_transfer	8	static
C:/dev/System23/freetribe/cpu/src/kernel/device/dev_dsp_ipc.c:230:21:_transfer	48	static
C:/dev/System23/freetribe/cpu/src/kernel/device/dev_dsp_ipc.c:307:13:_serve_queued_transfer	48	static
C:/dev/System23/freetribe/cpu/src/kernel/device/dev_dsp_ipc.c:365:13:_on_hostrd_done	96	static
C:/dev/System23/freetribe/cpu/src/kernel/device/dev_dsp_ipc.c:339:13:_on_idle	8	static
C:/dev/System23/freetribe/cpu/src/kernel/device/dev_dsp_ipc.c:133:6:dev_dsp_ipc_init	32	static
C:/dev/System23/freetribe/cpu/src/kernel/device/dev_dsp_ipc.c:162:14:dev_dsp_ipc_transfer	88	static
C:/dev/System23/freetribe/cpu/src/kernel/device/dev_dsp_ipc.c:191:14:dev_dsp_ipc_read	72	static
