C:/dev/System23/freetribe/cpu/src/kernel/device/dev_dsp.c:373:14:_ddr_uncached_alias	0	static
C:/dev/System23/freetribe/cpu/src/kernel/device/dev_dsp.c:377:13:_dsp_spi_idle	0	static
C:/dev/System23/freetribe/cpu/src/kernel/device/dev_dsp.c:288:13:_dsp_spi_rx_enqueue	8	static
C:/dev/System23/freetribe/cpu/src/kernel/device/dev_dsp.c:283:12:_dsp_spi_tx_dequeue	8	static
C:/dev/System23/freetribe/cpu/src/kernel/device/dev_dsp.c:323:13:_dsp_spi_tx_byte	16	static
C:/dev/System23/freetribe/cpu/src/kernel/device/dev_dsp.c:338:13:_dsp_spi_tx_next	16	static
C:/dev/System23/freetribe/cpu/src/kernel/device/dev_dsp.c:362:13:_dsp_spi_rx_callback	8	static
C:/dev/System23/freetribe/cpu/src/kernel/device/dev_dsp.c:354:13:_dsp_spi_tx_callback	8	static
C:/dev/System23/freetribe/cpu/src/kernel/device/dev_dsp.c:346:13:_dsp_spi_rx_byte	16	static
C:/dev/System23/freetribe/cpu/src/kernel/device/dev_dsp.c:214:13:_dsp_spi_init	96	static
C:/dev/System23/freetribe/cpu/src/kernel/device/dev_dsp.c:316:13:_dsp_spi_wait_boot_ena	8	static
C:/dev/System23/freetribe/cpu/src/kernel/device/dev_dsp.c:294:13:_dsp_spi_tx_boot_blocking	24	static
C:/dev/System23/freetribe/cpu/src/kernel/device/dev_dsp.c:139:6:dev_dsp_init	8	static
C:/dev/System23/freetribe/cpu/src/kernel/device/dev_dsp.c:148:6:dev_dsp_spi_tx_enqueue	8	static
C:/dev/System23/freetribe/cpu/src/kernel/device/dev_dsp.c:163:5:dev_dsp_spi_rx_dequeue	8	static
C:/dev/System23/freetribe/cpu/src/kernel/device/dev_dsp.c:170:6:dev_dsp_spi_poll	8	static
C:/dev/System23/freetribe/cpu/src/kernel/device/dev_dsp.c:176:6:dev_dsp_spi_tx_boot	16	static
C:/dev/System23/freetribe/cpu/src/kernel/device/dev_dsp.c:185:6:dev_dsp_reset	8	static
