C:/dev/System23/freetribe/cpu/src/kernel/device/dev_sdcard.c:693:26:_sdmmc_rd_done_state	0	static
C:/dev/System23/freetribe/cpu/src/kernel/device/dev_sdcard.c:565:12:_sdmmc_cmd_stat	8	static
C:/dev/System23/freetribe/cpu/src/kernel/device/dev_sdcard.c:576:24:_sdmmc_cmd	32	static
C:/dev/System23/freetribe/cpu/src/kernel/device/dev_sdcard.c:675:24:_sdmmc_acmd	16	static
C:/dev/System23/freetribe/cpu/src/kernel/device/dev_sdcard.c:1057:24:_sdmmc_max_buswidth	16	static
C:/dev/System23/freetribe/cpu/src/kernel/device/dev_sdcard.c:1029:24:_sdmmc_sel_card	8	static
C:/dev/System23/freetribe/cpu/src/kernel/device/dev_sdcard.c:1044:24:_sdmmc_set_blocklen	8	static
C:/dev/System23/freetribe/cpu/src/kernel/device/dev_sdcard.c:757:13:_sdmmc_log_read_state	120	static
C:/dev/System23/freetribe/cpu/src/kernel/device/dev_sdcard.c:710:24:_sdmmc_read_fail	24	static
C:/dev/System23/freetribe/cpu/src/kernel/device/dev_sdcard.c:791:13:_sdmmc_log_write_state	120	static
C:/dev/System23/freetribe/cpu/src/kernel/device/dev_sdcard.c:520:12:_sdmmc_inf_init	24	static
C:/dev/System23/freetribe/cpu/src/kernel/device/dev_sdcard.c:825:24:_ACMD41	24	static
C:/dev/System23/freetribe/cpu/src/kernel/device/dev_sdcard.c:861:24:_CMD1	24	static
C:/dev/System23/freetribe/cpu/src/kernel/device/dev_sdcard.c:555:24:_sdmmc_get_cid	24	static
C:/dev/System23/freetribe/cpu/src/kernel/device/dev_sdcard.c:897:24:_sdmmc_card_init	32	static
C:/dev/System23/freetribe/cpu/src/kernel/device/dev_sdcard.c:981:24:_sdmmc_get_csd	32	static
C:/dev/System23/freetribe/cpu/src/kernel/device/dev_sdcard.c:1001:24:_sdmmc_speed_up	8	static
C:/dev/System23/freetribe/cpu/src/kernel/device/dev_sdcard.c:167:13:dev_sdcard_err_string	0	static
C:/dev/System23/freetribe/cpu/src/kernel/device/dev_sdcard.c:171:17:dev_sdcard_read	64	static
C:/dev/System23/freetribe/cpu/src/kernel/device/dev_sdcard.c:331:17:dev_sdcard_write	56	static
C:/dev/System23/freetribe/cpu/src/kernel/device/dev_sdcard.c:470:6:dev_sdcard_present	8	static
C:/dev/System23/freetribe/cpu/src/kernel/device/dev_sdcard.c:427:17:dev_sdcard_init	8	static
C:/dev/System23/freetribe/cpu/src/kernel/device/dev_sdcard.c:476:5:dev_sdcard_get_sector_count	8	static
C:/dev/System23/freetribe/cpu/src/kernel/device/dev_sdcard.c:481:17:dev_sdcard_terminate	8	static
