C:/dev/System23/freetribe/cpu/src/kernel/device/dev_sdcard.c:699:26:_sdmmc_rd_done_state	0	static
C:/dev/System23/freetribe/cpu/src/kernel/device/dev_sdcard.c:571:17:_sdmmc_cmd_stat	8	static
C:/dev/System23/freetribe/cpu/src/kernel/device/dev_sdcard.c:582:24:_sdmmc_cmd	32	static
C:/dev/System23/freetribe/cpu/src/kernel/device/dev_sdcard.c:681:24:_sdmmc_acmd	16	static
C:/dev/System23/freetribe/cpu/src/kernel/device/dev_sdcard.c:1063:24:_sdmmc_max_buswidth	16	static
C:/dev/System23/freetribe/cpu/src/kernel/device/dev_sdcard.c:1035:24:_sdmmc_sel_card	8	static
C:/dev/System23/freetribe/cpu/src/kernel/device/dev_sdcard.c:1050:24:_sdmmc_set_blocklen	8	static
C:/dev/System23/freetribe/cpu/src/kernel/device/dev_sdcard.c:763:13:_sdmmc_log_read_state	120	static
C:/dev/System23/freetribe/cpu/src/kernel/device/dev_sdcard.c:716:24:_sdmmc_read_fail	24	static
C:/dev/System23/freetribe/cpu/src/kernel/device/dev_sdcard.c:797:13:_sdmmc_log_write_state	120	static
C:/dev/System23/freetribe/cpu/src/kernel/device/dev_sdcard.c:526:12:_sdmmc_inf_init	24	static
C:/dev/System23/freetribe/cpu/src/kernel/device/dev_sdcard.c:831:24:_ACMD41	24	static
C:/dev/System23/freetribe/cpu/src/kernel/device/dev_sdcard.c:867:24:_CMD1	24	static
C:/dev/System23/freetribe/cpu/src/kernel/device/dev_sdcard.c:561:24:_sdmmc_get_cid	24	static
C:/dev/System23/freetribe/cpu/src/kernel/device/dev_sdcard.c:903:24:_sdmmc_card_init	32	static
C:/dev/System23/freetribe/cpu/src/kernel/device/dev_sdcard.c:987:24:_sdmmc_get_csd	32	static
C:/dev/System23/freetribe/cpu/src/kernel/device/dev_sdcard.c:1007:24:_sdmmc_speed_up	8	static
C:/dev/System23/freetribe/cpu/src/kernel/device/dev_sdcard.c:167:13:dev_sdcard_err_string	0	static
C:/dev/System23/freetribe/cpu/src/kernel/device/dev_sdcard.c:171:17:dev_sdcard_read	64	static
C:/dev/System23/freetribe/cpu/src/kernel/device/dev_sdcard.c:331:17:dev_sdcard_write	56	static
C:/dev/System23/freetribe/cpu/src/kernel/device/dev_sdcard.c:470:6:dev_sdcard_present	8	static
C:/dev/System23/freetribe/cpu/src/kernel/device/dev_sdcard.c:427:17:dev_sdcard_init	8	static
C:/dev/System23/freetribe/cpu/src/kernel/device/dev_sdcard.c:482:10:dev_sdcard_get_sector_count	8	static
C:/dev/System23/freetribe/cpu/src/kernel/device/dev_sdcard.c:487:17:dev_sdcard_terminate	8	static
