C:/dev/System23/freetribe/cpu/src/kernel/device/dev_lcd.c:276:13:_lcd_mode	8	static
C:/dev/System23/freetribe/cpu/src/kernel/device/dev_lcd.c:238:13:_lcd_tx	16	static
C:/dev/System23/freetribe/cpu/src/kernel/device/dev_lcd.c:278:13:_lcd_command	16	static
C:/dev/System23/freetribe/cpu/src/kernel/device/dev_lcd.c:250:13:_lcd_tx_bounded	16	static
C:/dev/System23/freetribe/cpu/src/kernel/device/dev_lcd.c:263:13:_lcd_try_set_page	16	static
C:/dev/System23/freetribe/cpu/src/kernel/device/dev_lcd.c:96:6:dev_lcd_init	64	static
C:/dev/System23/freetribe/cpu/src/kernel/device/dev_lcd.c:148:6:dev_lcd_reset	8	static
C:/dev/System23/freetribe/cpu/src/kernel/device/dev_lcd.c:172:6:dev_lcd_try_set_frame	16	static
C:/dev/System23/freetribe/cpu/src/kernel/device/dev_lcd.c:189:6:dev_lcd_set_page	24	static
C:/dev/System23/freetribe/cpu/src/kernel/device/dev_lcd.c:156:6:dev_lcd_set_frame	16	static
C:/dev/System23/freetribe/cpu/src/kernel/device/dev_lcd.c:207:6:dev_lcd_set_contrast	8	static
C:/dev/System23/freetribe/cpu/src/kernel/device/dev_lcd.c:224:6:dev_lcd_set_backlight	16	static
