C:/dev/System23/freetribe/cpu/src/kernel/device/dev_dsp.c:380:14:_ddr_uncached_alias	0	static
C:/dev/System23/freetribe/cpu/src/kernel/device/dev_dsp.c:384:13:_dsp_spi_idle	0	static
C:/dev/System23/freetribe/cpu/src/kernel/device/dev_dsp.c:295:13:_dsp_spi_rx_enqueue	8	static
C:/dev/System23/freetribe/cpu/src/kernel/device/dev_dsp.c:290:12:_dsp_spi_tx_dequeue	8	static
C:/dev/System23/freetribe/cpu/src/kernel/device/dev_dsp.c:330:13:_dsp_spi_tx_byte	16	static
C:/dev/System23/freetribe/cpu/src/kernel/device/dev_dsp.c:345:13:_dsp_spi_tx_next	16	static
C:/dev/System23/freetribe/cpu/src/kernel/device/dev_dsp.c:369:13:_dsp_spi_rx_callback	8	static
C:/dev/System23/freetribe/cpu/src/kernel/device/dev_dsp.c:361:13:_dsp_spi_tx_callback	8	static
C:/dev/System23/freetribe/cpu/src/kernel/device/dev_dsp.c:353:13:_dsp_spi_rx_byte	16	static
C:/dev/System23/freetribe/cpu/src/kernel/device/dev_dsp.c:221:13:_dsp_spi_init	96	static
C:/dev/System23/freetribe/cpu/src/kernel/device/dev_dsp.c:323:13:_dsp_spi_wait_boot_ena	8	static
C:/dev/System23/freetribe/cpu/src/kernel/device/dev_dsp.c:301:13:_dsp_spi_tx_boot_blocking	24	static
C:/dev/System23/freetribe/cpu/src/kernel/device/dev_dsp.c:146:6:dev_dsp_init	8	static
C:/dev/System23/freetribe/cpu/src/kernel/device/dev_dsp.c:155:6:dev_dsp_spi_tx_enqueue	8	static
C:/dev/System23/freetribe/cpu/src/kernel/device/dev_dsp.c:170:5:dev_dsp_spi_rx_dequeue	8	static
C:/dev/System23/freetribe/cpu/src/kernel/device/dev_dsp.c:177:6:dev_dsp_spi_poll	8	static
C:/dev/System23/freetribe/cpu/src/kernel/device/dev_dsp.c:183:6:dev_dsp_spi_tx_boot	16	static
C:/dev/System23/freetribe/cpu/src/kernel/device/dev_dsp.c:192:6:dev_dsp_reset	8	static
