C:/dev/System23/freetribe/cpu/src/kernel/device/dev_dsp_ipc.c:450:17:_get_op_type	0	static
C:/dev/System23/freetribe/cpu/src/kernel/device/dev_dsp_ipc.c:350:13:_on_hostwr_done	8	static
C:/dev/System23/freetribe/cpu/src/kernel/device/dev_dsp_ipc.c:413:13:_on_error	48	static
C:/dev/System23/freetribe/cpu/src/kernel/device/dev_dsp_ipc.c:326:13:_store_inflight_read	8	static
C:/dev/System23/freetribe/cpu/src/kernel/device/dev_dsp_ipc.c:267:13:_try_immediate_send	32	static
C:/dev/System23/freetribe/cpu/src/kernel/device/dev_dsp_ipc.c:297:21:_enqueue_transfer	8	static
C:/dev/System23/freetribe/cpu/src/kernel/device/dev_dsp_ipc.c:232:21:_transfer	48	static
C:/dev/System23/freetribe/cpu/src/kernel/device/dev_dsp_ipc.c:309:13:_serve_queued_transfer	48	static
C:/dev/System23/freetribe/cpu/src/kernel/device/dev_dsp_ipc.c:367:13:_on_hostrd_done	96	static
C:/dev/System23/freetribe/cpu/src/kernel/device/dev_dsp_ipc.c:341:13:_on_idle	8	static
C:/dev/System23/freetribe/cpu/src/kernel/device/dev_dsp_ipc.c:135:6:dev_dsp_ipc_init	32	static
C:/dev/System23/freetribe/cpu/src/kernel/device/dev_dsp_ipc.c:164:14:dev_dsp_ipc_transfer	88	static
C:/dev/System23/freetribe/cpu/src/kernel/device/dev_dsp_ipc.c:193:14:dev_dsp_ipc_read	72	static
