C:/dev/System23/freetribe/cpu/src/kernel/device/dev_mcu.c:166:13:_mcu_rx_enqueue	8	static
C:/dev/System23/freetribe/cpu/src/kernel/device/dev_mcu.c:161:12:_mcu_tx_dequeue	8	static
C:/dev/System23/freetribe/cpu/src/kernel/device/dev_mcu.c:176:13:_mcu_tx_msg	8	static
C:/dev/System23/freetribe/cpu/src/kernel/device/dev_mcu.c:187:13:_mcu_tx_callback	8	static
C:/dev/System23/freetribe/cpu/src/kernel/device/dev_mcu.c:182:13:_mcu_rx_msg	8	static
C:/dev/System23/freetribe/cpu/src/kernel/device/dev_mcu.c:207:13:_mcu_error_callback	8	static
C:/dev/System23/freetribe/cpu/src/kernel/device/dev_mcu.c:200:13:_mcu_rx_callback	8	static
C:/dev/System23/freetribe/cpu/src/kernel/device/dev_mcu.c:97:6:dev_mcu_init	32	static
C:/dev/System23/freetribe/cpu/src/kernel/device/dev_mcu.c:137:6:dev_mcu_tx_enqueue	8	static
C:/dev/System23/freetribe/cpu/src/kernel/device/dev_mcu.c:149:5:dev_mcu_rx_dequeue	8	static
C:/dev/System23/freetribe/cpu/src/kernel/device/dev_mcu.c:154:6:dev_mcu_register_rx_callback	0	static
