C:/dev/System23/freetribe/cpu/lib/tinyusb/src/portable/mentor/musb/musb_am1802.h:87:20:musb_am1802_otg_int_enable	0	static
C:/dev/System23/freetribe/cpu/lib/tinyusb/src/portable/mentor/musb/dcd_musb.c:166:13:pipe0_start_setup	32	static
C:/dev/System23/freetribe/cpu/lib/tinyusb/src/portable/mentor/musb/dcd_musb.c:199:13:pipe0_try_deferred_setup	0	static
C:/dev/System23/freetribe/cpu/lib/tinyusb/src/portable/mentor/musb/dcd_musb.c:592:13:pipe0_process_xfer_state_isr.constprop	32	static
C:/dev/System23/freetribe/cpu/lib/tinyusb/src/portable/mentor/musb/dcd_musb.c:145:13:pipe0_read_setup.constprop	0	static
C:/dev/System23/freetribe/cpu/lib/tinyusb/src/portable/mentor/musb/dcd_musb.c:390:13:pipe_write.constprop	40	static
C:/dev/System23/freetribe/cpu/lib/tinyusb/src/portable/mentor/musb/dcd_musb.c:458:13:process_epout_isr.constprop	64	static
C:/dev/System23/freetribe/cpu/lib/tinyusb/src/portable/mentor/musb/dcd_musb.c:492:13:edpt_n_xfer	16	static
C:/dev/System23/freetribe/cpu/lib/tinyusb/src/portable/mentor/musb/dcd_musb.c:828:6:dcd_int_enable	8	static
C:/dev/System23/freetribe/cpu/lib/tinyusb/src/portable/mentor/musb/dcd_musb.c:832:6:dcd_int_disable	8	static
C:/dev/System23/freetribe/cpu/lib/tinyusb/src/portable/mentor/musb/dcd_musb.c:839:6:dcd_set_address	0	static
C:/dev/System23/freetribe/cpu/lib/tinyusb/src/portable/mentor/musb/dcd_musb.c:855:6:dcd_remote_wakeup	0	static
C:/dev/System23/freetribe/cpu/lib/tinyusb/src/portable/mentor/musb/dcd_musb.c:866:6:dcd_connect	0	static
C:/dev/System23/freetribe/cpu/lib/tinyusb/src/portable/mentor/musb/dcd_musb.c:813:6:dcd_init	8	static
C:/dev/System23/freetribe/cpu/lib/tinyusb/src/portable/mentor/musb/dcd_musb.c:874:6:dcd_disconnect	0	static
C:/dev/System23/freetribe/cpu/lib/tinyusb/src/portable/mentor/musb/dcd_musb.c:880:6:dcd_sof_enable	0	static
C:/dev/System23/freetribe/cpu/lib/tinyusb/src/portable/mentor/musb/dcd_musb.c:893:6:dcd_edpt_open	16	static
C:/dev/System23/freetribe/cpu/lib/tinyusb/src/portable/mentor/musb/dcd_musb.c:931:6:dcd_edpt_iso_alloc	12	static
C:/dev/System23/freetribe/cpu/lib/tinyusb/src/portable/mentor/musb/dcd_musb.c:941:6:dcd_edpt_iso_activate	24	static
C:/dev/System23/freetribe/cpu/lib/tinyusb/src/portable/mentor/musb/dcd_musb.c:983:6:dcd_edpt_close_all	16	static
C:/dev/System23/freetribe/cpu/lib/tinyusb/src/portable/mentor/musb/dcd_musb.c:1010:6:dcd_edpt_xfer	64	static
C:/dev/System23/freetribe/cpu/lib/tinyusb/src/portable/mentor/musb/dcd_musb.c:1033:6:dcd_edpt_xfer_fifo	48	static
C:/dev/System23/freetribe/cpu/lib/tinyusb/src/portable/mentor/musb/dcd_musb.c:1047:6:dcd_edpt_stall	24	static
C:/dev/System23/freetribe/cpu/lib/tinyusb/src/portable/mentor/musb/dcd_musb.c:1083:6:dcd_edpt_clear_stall	16	static
C:/dev/System23/freetribe/cpu/lib/tinyusb/src/portable/mentor/musb/dcd_musb.c:1102:6:dcd_int_handler	48	static
