C:/dev/System23/freetribe/cpu/src/kernel/system/startup.c:205:6:delay	0	static
C:/dev/System23/freetribe/cpu/src/kernel/system/startup.c:230:6:_psc0_init	8	static
C:/dev/System23/freetribe/cpu/src/kernel/system/startup.c:256:6:_psc1_init	8	static
C:/dev/System23/freetribe/cpu/src/kernel/system/startup.c:296:6:_pll0_init	16	static
C:/dev/System23/freetribe/cpu/src/kernel/system/startup.c:410:6:_pll1_init	16	static
C:/dev/System23/freetribe/cpu/src/kernel/system/startup.c:159:6:start_boot	24	static
