C:/dev/System23/freetribe/cpu/lib/tinyusb/src/class/cdc/cdc_device.c:83:19:tud_cdc_rx_isr_cb	0	static
C:/dev/System23/freetribe/cpu/lib/tinyusb/src/class/cdc/cdc_device.c:89:19:tud_cdc_rx_cb	0	static
C:/dev/System23/freetribe/cpu/lib/tinyusb/src/class/cdc/cdc_device.c:93:19:tud_cdc_rx_wanted_cb	0	static
C:/dev/System23/freetribe/cpu/lib/tinyusb/src/class/cdc/cdc_device.c:98:19:tud_cdc_tx_complete_cb	0	static
C:/dev/System23/freetribe/cpu/lib/tinyusb/src/class/cdc/cdc_device.c:102:19:tud_cdc_notify_complete_cb	0	static
C:/dev/System23/freetribe/cpu/lib/tinyusb/src/class/cdc/cdc_device.c:106:19:tud_cdc_line_state_cb	0	static
C:/dev/System23/freetribe/cpu/lib/tinyusb/src/class/cdc/cdc_device.c:112:19:tud_cdc_line_coding_cb	0	static
C:/dev/System23/freetribe/cpu/lib/tinyusb/src/class/cdc/cdc_device.c:117:19:tud_cdc_send_break_cb	0	static
C:/dev/System23/freetribe/cpu/lib/tinyusb/src/class/cdc/cdc_device.c:141:6:tud_cdc_n_ready	8	static
C:/dev/System23/freetribe/cpu/lib/tinyusb/src/class/cdc/cdc_device.c:151:6:tud_cdc_n_connected	8	static
C:/dev/System23/freetribe/cpu/lib/tinyusb/src/class/cdc/cdc_device.c:158:9:tud_cdc_n_get_line_state	0	static
C:/dev/System23/freetribe/cpu/lib/tinyusb/src/class/cdc/cdc_device.c:163:6:tud_cdc_n_get_line_coding	8	static
C:/dev/System23/freetribe/cpu/lib/tinyusb/src/class/cdc/cdc_device.c:188:6:tud_cdc_n_set_wanted_char	0	static
C:/dev/System23/freetribe/cpu/lib/tinyusb/src/class/cdc/cdc_device.c:196:10:tud_cdc_n_available	0	static
C:/dev/System23/freetribe/cpu/lib/tinyusb/src/class/cdc/cdc_device.c:201:10:tud_cdc_n_read	0	static
C:/dev/System23/freetribe/cpu/lib/tinyusb/src/class/cdc/cdc_device.c:207:6:tud_cdc_n_peek	0	static
C:/dev/System23/freetribe/cpu/lib/tinyusb/src/class/cdc/cdc_device.c:212:6:tud_cdc_n_read_flush	8	static
C:/dev/System23/freetribe/cpu/lib/tinyusb/src/class/cdc/cdc_device.c:222:10:tud_cdc_n_write	0	static
C:/dev/System23/freetribe/cpu/lib/tinyusb/src/class/cdc/cdc_device.c:228:10:tud_cdc_n_write_flush	0	static
C:/dev/System23/freetribe/cpu/lib/tinyusb/src/class/cdc/cdc_device.c:234:10:tud_cdc_n_write_available	0	static
C:/dev/System23/freetribe/cpu/lib/tinyusb/src/class/cdc/cdc_device.c:240:6:tud_cdc_n_write_clear	8	static
C:/dev/System23/freetribe/cpu/lib/tinyusb/src/class/cdc/cdc_device.c:250:6:cdcd_init	32	static
C:/dev/System23/freetribe/cpu/lib/tinyusb/src/class/cdc/cdc_device.c:280:6:cdcd_deinit	0	static
C:/dev/System23/freetribe/cpu/lib/tinyusb/src/class/cdc/cdc_device.c:289:6:cdcd_reset	16	static
C:/dev/System23/freetribe/cpu/lib/tinyusb/src/class/cdc/cdc_device.c:302:10:cdcd_open	40	static
C:/dev/System23/freetribe/cpu/lib/tinyusb/src/class/cdc/cdc_device.c:385:6:cdcd_control_xfer_cb	16	static
C:/dev/System23/freetribe/cpu/lib/tinyusb/src/class/cdc/cdc_device.c:467:6:cdcd_xfer_cb	40	static
C:/dev/System23/freetribe/cpu/lib/tinyusb/src/class/cdc/cdc_device.c:541:6:cdcd_xfer_isr	32	static
