C:/dev/System23/freetribe/cpu/src/kernel/service/svc_dsp.c:569:17:_handle_system_ready	0	static
C:/dev/System23/freetribe/cpu/src/kernel/service/svc_dsp.c:616:13:_dispatch_module_param_value	8	static
C:/dev/System23/freetribe/cpu/src/kernel/service/svc_dsp.c:626:13:_dispatch_system_port_state	8	static
C:/dev/System23/freetribe/cpu/src/kernel/service/svc_dsp.c:636:13:_dispatch_system_profile	8	static
C:/dev/System23/freetribe/cpu/src/kernel/service/svc_dsp.c:644:13:_dsp_response_required	0	static
C:/dev/System23/freetribe/cpu/src/kernel/service/svc_dsp.c:646:13:_dsp_response_received	0	static
C:/dev/System23/freetribe/cpu/src/kernel/service/svc_dsp.c:390:17:_dsp_init	8	static
C:/dev/System23/freetribe/cpu/src/kernel/service/svc_dsp.c:401:13:_dsp_boot	8	static
C:/dev/System23/freetribe/cpu/src/kernel/service/svc_dsp.c:653:13:_dsp_signal_ready	16	static
C:/dev/System23/freetribe/cpu/src/kernel/service/svc_dsp.c:544:17:_handle_module_param_value	16	static
C:/dev/System23/freetribe/cpu/src/kernel/service/svc_dsp.c:489:17:_handle_module_message	8	static
C:/dev/System23/freetribe/cpu/src/kernel/service/svc_dsp.c:576:17:_handle_system_port_state	16	static
C:/dev/System23/freetribe/cpu/src/kernel/service/svc_dsp.c:595:17:_handle_system_profile	16	static
C:/dev/System23/freetribe/cpu/src/kernel/service/svc_dsp.c:512:17:_handle_system_message	8	static
C:/dev/System23/freetribe/cpu/src/kernel/service/svc_dsp.c:471:13:_handle_message	8	static
C:/dev/System23/freetribe/cpu/src/kernel/service/svc_dsp.c:415:13:_dsp_receive	8	static
C:/dev/System23/freetribe/cpu/src/kernel/service/svc_dsp.c:375:13:_transmit_message	32	static
C:/dev/System23/freetribe/cpu/src/kernel/service/svc_dsp.c:166:6:svc_dsp_process	8	static
C:/dev/System23/freetribe/cpu/src/kernel/service/svc_dsp.c:156:6:svc_dsp_task	8	static
C:/dev/System23/freetribe/cpu/src/kernel/service/svc_dsp.c:265:6:svc_dsp_set_module_param	16	static
C:/dev/System23/freetribe/cpu/src/kernel/service/svc_dsp.c:281:6:svc_dsp_get_module_param	16	static
C:/dev/System23/freetribe/cpu/src/kernel/service/svc_dsp.c:298:6:svc_dsp_get_port_state	8	static
C:/dev/System23/freetribe/cpu/src/kernel/service/svc_dsp.c:308:6:svc_dsp_get_profile	8	static
C:/dev/System23/freetribe/cpu/src/kernel/service/svc_dsp.c:318:6:svc_dsp_wait_ready	8	static
C:/dev/System23/freetribe/cpu/src/kernel/service/svc_dsp.c:344:6:_register_module_callback	0	static
C:/dev/System23/freetribe/cpu/src/kernel/service/svc_dsp.c:357:6:_register_system_callback	0	static
C:/dev/System23/freetribe/cpu/src/kernel/service/svc_dsp.c:245:6:svc_dsp_register_callback	8	static
