C:/dev/System23/freetribe/cpu/src/kernel/service/svc_midi.c:199:13:_midi_rx_notify_from_isr	16	static
C:/dev/System23/freetribe/cpu/src/kernel/service/svc_midi.c:167:17:_midi_init	8	static
C:/dev/System23/freetribe/cpu/src/kernel/service/svc_midi.c:192:13:_midi_out	16	static
C:/dev/System23/freetribe/cpu/src/kernel/service/svc_midi.c:83:6:svc_midi_process	16	static
C:/dev/System23/freetribe/cpu/src/kernel/service/svc_midi.c:71:6:svc_midi_task	8	static
C:/dev/System23/freetribe/cpu/src/kernel/service/svc_midi.c:123:6:svc_midi_send_note_on	16	static
C:/dev/System23/freetribe/cpu/src/kernel/service/svc_midi.c:129:6:svc_midi_send_note_off	16	static
C:/dev/System23/freetribe/cpu/src/kernel/service/svc_midi.c:135:6:svc_midi_send_cc	16	static
C:/dev/System23/freetribe/cpu/src/kernel/service/svc_midi.c:142:6:svc_midi_send_string	8	static
C:/dev/System23/freetribe/cpu/src/kernel/service/svc_midi.c:155:6:sysex_response	8	static
C:/dev/System23/freetribe/cpu/src/kernel/service/svc_midi.c:163:6:svc_midi_send_byte	8	static
