C:/dev/System23/freetribe/cpu/src/kernel/service/svc_dsp.c:573:17:_handle_system_ready	0	static
C:/dev/System23/freetribe/cpu/src/kernel/service/svc_dsp.c:620:13:_dispatch_module_param_value	8	static
C:/dev/System23/freetribe/cpu/src/kernel/service/svc_dsp.c:630:13:_dispatch_system_port_state	8	static
C:/dev/System23/freetribe/cpu/src/kernel/service/svc_dsp.c:640:13:_dispatch_system_profile	8	static
C:/dev/System23/freetribe/cpu/src/kernel/service/svc_dsp.c:648:13:_dsp_response_required	0	static
C:/dev/System23/freetribe/cpu/src/kernel/service/svc_dsp.c:650:13:_dsp_response_received	0	static
C:/dev/System23/freetribe/cpu/src/kernel/service/svc_dsp.c:394:17:_dsp_init	8	static
C:/dev/System23/freetribe/cpu/src/kernel/service/svc_dsp.c:405:13:_dsp_boot	8	static
C:/dev/System23/freetribe/cpu/src/kernel/service/svc_dsp.c:657:13:_dsp_signal_ready	16	static
C:/dev/System23/freetribe/cpu/src/kernel/service/svc_dsp.c:548:17:_handle_module_param_value	16	static
C:/dev/System23/freetribe/cpu/src/kernel/service/svc_dsp.c:493:17:_handle_module_message	8	static
C:/dev/System23/freetribe/cpu/src/kernel/service/svc_dsp.c:580:17:_handle_system_port_state	16	static
C:/dev/System23/freetribe/cpu/src/kernel/service/svc_dsp.c:599:17:_handle_system_profile	16	static
C:/dev/System23/freetribe/cpu/src/kernel/service/svc_dsp.c:516:17:_handle_system_message	8	static
C:/dev/System23/freetribe/cpu/src/kernel/service/svc_dsp.c:475:13:_handle_message	8	static
C:/dev/System23/freetribe/cpu/src/kernel/service/svc_dsp.c:419:13:_dsp_receive	8	static
C:/dev/System23/freetribe/cpu/src/kernel/service/svc_dsp.c:379:13:_transmit_message	32	static
C:/dev/System23/freetribe/cpu/src/kernel/service/svc_dsp.c:170:6:svc_dsp_process	8	static
C:/dev/System23/freetribe/cpu/src/kernel/service/svc_dsp.c:160:6:svc_dsp_task	8	static
C:/dev/System23/freetribe/cpu/src/kernel/service/svc_dsp.c:269:6:svc_dsp_set_module_param	16	static
C:/dev/System23/freetribe/cpu/src/kernel/service/svc_dsp.c:285:6:svc_dsp_get_module_param	16	static
C:/dev/System23/freetribe/cpu/src/kernel/service/svc_dsp.c:302:6:svc_dsp_get_port_state	8	static
C:/dev/System23/freetribe/cpu/src/kernel/service/svc_dsp.c:312:6:svc_dsp_get_profile	8	static
C:/dev/System23/freetribe/cpu/src/kernel/service/svc_dsp.c:322:6:svc_dsp_wait_ready	8	static
C:/dev/System23/freetribe/cpu/src/kernel/service/svc_dsp.c:348:6:_register_module_callback	0	static
C:/dev/System23/freetribe/cpu/src/kernel/service/svc_dsp.c:361:6:_register_system_callback	0	static
C:/dev/System23/freetribe/cpu/src/kernel/service/svc_dsp.c:249:6:svc_dsp_register_callback	8	static
