C:/dev/System23/freetribe/cpu/lib/tinyusb/src/common/tusb_fifo.c:420:17:advance_index	0	static
C:/dev/System23/freetribe/cpu/lib/tinyusb/src/common/tusb_fifo.c:614:13:ff_peek_local	8	static
C:/dev/System23/freetribe/cpu/lib/tinyusb/src/common/tusb_fifo.c:57:6:tu_fifo_config	0	static
C:/dev/System23/freetribe/cpu/lib/tinyusb/src/common/tusb_fifo.c:81:6:tu_fifo_clear	0	static
C:/dev/System23/freetribe/cpu/lib/tinyusb/src/common/tusb_fifo.c:93:6:tu_fifo_set_overwritable	0	static
C:/dev/System23/freetribe/cpu/lib/tinyusb/src/common/tusb_fifo.c:152:6:tu_hwfifo_write	8	static
C:/dev/System23/freetribe/cpu/lib/tinyusb/src/common/tusb_fifo.c:222:6:tu_hwfifo_read	8	static
C:/dev/System23/freetribe/cpu/lib/tinyusb/src/common/tusb_fifo.c:462:10:tu_fifo_peek_n_access_mode	56	static
C:/dev/System23/freetribe/cpu/lib/tinyusb/src/common/tusb_fifo.c:495:10:tu_fifo_peek_n	16	static
C:/dev/System23/freetribe/cpu/lib/tinyusb/src/common/tusb_fifo.c:505:10:tu_fifo_read_n_access_mode	16	static
C:/dev/System23/freetribe/cpu/lib/tinyusb/src/common/tusb_fifo.c:518:10:tu_fifo_write_n_access_mode	64	static
C:/dev/System23/freetribe/cpu/lib/tinyusb/src/common/tusb_fifo.c:599:10:tu_fifo_discard_n	8	static
C:/dev/System23/freetribe/cpu/lib/tinyusb/src/common/tusb_fifo.c:634:6:tu_fifo_read	8	static
C:/dev/System23/freetribe/cpu/lib/tinyusb/src/common/tusb_fifo.c:649:6:tu_fifo_peek	0	static
C:/dev/System23/freetribe/cpu/lib/tinyusb/src/common/tusb_fifo.c:656:6:tu_fifo_write	8	static
C:/dev/System23/freetribe/cpu/lib/tinyusb/src/common/tusb_fifo.c:696:6:tu_fifo_advance_write_pointer	8	static
C:/dev/System23/freetribe/cpu/lib/tinyusb/src/common/tusb_fifo.c:701:6:tu_fifo_correct_read_pointer	0	static
C:/dev/System23/freetribe/cpu/lib/tinyusb/src/common/tusb_fifo.c:723:6:tu_fifo_advance_read_pointer	8	static
C:/dev/System23/freetribe/cpu/lib/tinyusb/src/common/tusb_fifo.c:742:6:tu_fifo_get_read_info	8	static
C:/dev/System23/freetribe/cpu/lib/tinyusb/src/common/tusb_fifo.c:804:6:tu_fifo_get_write_info	8	static
