C:/dev/System23/freetribe/cpu/src/kernel/peripheral/per_spi.c:477:13:_spi_transmit_data1	0	static
C:/dev/System23/freetribe/cpu/src/kernel/peripheral/per_spi.c:350:20:_spi_isr	8	static
C:/dev/System23/freetribe/cpu/src/kernel/peripheral/per_spi.c:424:13:_spi1_isr	0	static
C:/dev/System23/freetribe/cpu/src/kernel/peripheral/per_spi.c:422:13:_spi0_isr	0	static
C:/dev/System23/freetribe/cpu/src/kernel/peripheral/per_spi.c:113:6:per_spi_init	24	static
C:/dev/System23/freetribe/cpu/src/kernel/peripheral/per_spi.c:154:6:per_spi_unregister_interrupts	8	static
C:/dev/System23/freetribe/cpu/src/kernel/peripheral/per_spi.c:171:6:per_spi_set_data_format	16	static
C:/dev/System23/freetribe/cpu/src/kernel/peripheral/per_spi.c:190:6:per_spi_initialised	0	static
C:/dev/System23/freetribe/cpu/src/kernel/peripheral/per_spi.c:196:6:per_spi_chip_format	0	static
C:/dev/System23/freetribe/cpu/src/kernel/peripheral/per_spi.c:210:6:per_spi_write_isr	0	static
C:/dev/System23/freetribe/cpu/src/kernel/peripheral/per_spi.c:219:6:per_spi_write_blocking	16	static
C:/dev/System23/freetribe/cpu/src/kernel/peripheral/per_spi.c:238:6:per_spi_write_blocking_bounded	32	static
C:/dev/System23/freetribe/cpu/src/kernel/peripheral/per_spi.c:259:6:per_spi_transfer_isr	4	static
C:/dev/System23/freetribe/cpu/src/kernel/peripheral/per_spi.c:282:6:per_spi_transfer_blocking	32	static
C:/dev/System23/freetribe/cpu/src/kernel/peripheral/per_spi.c:309:6:per_spi_transfer_blocking_end	32	static
C:/dev/System23/freetribe/cpu/src/kernel/peripheral/per_spi.c:328:6:per_spi_register_callback	0	static
