C:/dev/System23/freetribe/cpu/src/kernel/peripheral/per_aintc.c:64:6:per_aintc_init	8	static
C:/dev/System23/freetribe/cpu/src/kernel/peripheral/per_aintc.c:84:6:per_aintc_register_gpio_interrupt	32	static
C:/dev/System23/freetribe/cpu/src/kernel/peripheral/per_aintc.c:102:6:per_aintc_clear_status_gpio	8	static
C:/dev/System23/freetribe/cpu/src/kernel/peripheral/per_aintc.c:112:6:per_aintc_change_gpio_int_type	0	static
C:/dev/System23/freetribe/cpu/src/kernel/peripheral/per_aintc.c:116:6:_pic_IrqHandler	0	static
