C:/dev/System23/freetribe/cpu/lib/tinyusb/src/class/msc/msc_device.c:203:13:proc_stage_status.constprop	24	static
C:/dev/System23/freetribe/cpu/lib/tinyusb/src/class/msc/msc_device.c:127:13:fail_scsi_op.constprop	0	static
C:/dev/System23/freetribe/cpu/lib/tinyusb/src/class/msc/msc_device.c:871:13:proc_read_io_data.constprop	32	static
C:/dev/System23/freetribe/cpu/lib/tinyusb/src/class/msc/msc_device.c:852:13:proc_read10_cmd.constprop	32	static
C:/dev/System23/freetribe/cpu/lib/tinyusb/src/class/msc/msc_device.c:47:19:tud_msc_inquiry_cb	0	static
C:/dev/System23/freetribe/cpu/lib/tinyusb/src/class/msc/msc_device.c:50:23:tud_msc_inquiry2_cb	0	static
C:/dev/System23/freetribe/cpu/lib/tinyusb/src/class/msc/msc_device.c:233:19:tud_msc_read10_complete_cb	0	static
C:/dev/System23/freetribe/cpu/lib/tinyusb/src/class/msc/msc_device.c:237:19:tud_msc_write10_complete_cb	0	static
C:/dev/System23/freetribe/cpu/lib/tinyusb/src/class/msc/msc_device.c:241:19:tud_msc_scsi_complete_cb	0	static
C:/dev/System23/freetribe/cpu/lib/tinyusb/src/class/msc/msc_device.c:246:22:tud_msc_get_maxlun_cb	0	static
C:/dev/System23/freetribe/cpu/lib/tinyusb/src/class/msc/msc_device.c:250:19:tud_msc_start_stop_cb	0	static
C:/dev/System23/freetribe/cpu/lib/tinyusb/src/class/msc/msc_device.c:258:19:tud_msc_prevent_allow_medium_removal_cb	0	static
C:/dev/System23/freetribe/cpu/lib/tinyusb/src/class/msc/msc_device.c:265:22:tud_msc_request_sense_cb	0	static
C:/dev/System23/freetribe/cpu/lib/tinyusb/src/class/msc/msc_device.c:272:19:tud_msc_is_writable_cb	0	static
C:/dev/System23/freetribe/cpu/lib/tinyusb/src/class/msc/msc_device.c:895:13:proc_write10_cmd.constprop	16	static
C:/dev/System23/freetribe/cpu/lib/tinyusb/src/class/msc/msc_device.c:931:13:proc_write_io_data.constprop	32	static
C:/dev/System23/freetribe/cpu/lib/tinyusb/src/class/msc/msc_device.c:319:13:proc_async_io_done	8	static
C:/dev/System23/freetribe/cpu/lib/tinyusb/src/class/msc/msc_device.c:306:6:tud_msc_set_sense	0	static
C:/dev/System23/freetribe/cpu/lib/tinyusb/src/class/msc/msc_device.c:344:6:tud_msc_async_io_done	8	static
C:/dev/System23/freetribe/cpu/lib/tinyusb/src/class/msc/msc_device.c:357:6:mscd_init	0	static
C:/dev/System23/freetribe/cpu/lib/tinyusb/src/class/msc/msc_device.c:362:6:mscd_deinit	0	static
C:/dev/System23/freetribe/cpu/lib/tinyusb/src/class/msc/msc_device.c:366:6:mscd_reset	0	static
C:/dev/System23/freetribe/cpu/lib/tinyusb/src/class/msc/msc_device.c:371:10:mscd_open	24	static
C:/dev/System23/freetribe/cpu/lib/tinyusb/src/class/msc/msc_device.c:404:6:mscd_control_xfer_cb	40	static
C:/dev/System23/freetribe/cpu/lib/tinyusb/src/class/msc/msc_device.c:472:6:mscd_xfer_cb	72	static
