C:/dev/System23/freetribe/cpu/lib/midi_fsm.c:200:13:null_event_cb	0	static
C:/dev/System23/freetribe/cpu/lib/midi_fsm.c:206:13:null_sysex_cb	0	static
C:/dev/System23/freetribe/cpu/lib/midi_fsm.c:292:17:rx_status_sys_common_byte	8	static
C:/dev/System23/freetribe/cpu/lib/midi_fsm.c:313:17:rx_status_channel_byte	0	static
C:/dev/System23/freetribe/cpu/lib/midi_fsm.c:254:17:rx_status_sys_realtime_byte	16	static
C:/dev/System23/freetribe/cpu/lib/midi_fsm.c:366:17:rx_data_byte	16	static
C:/dev/System23/freetribe/cpu/lib/midi_fsm.c:479:10:midi_init_fsm	0	static
C:/dev/System23/freetribe/cpu/lib/midi_fsm.c:491:10:midi_register_event_handler	0	static
C:/dev/System23/freetribe/cpu/lib/midi_fsm.c:503:10:midi_register_sysex_handler	0	static
C:/dev/System23/freetribe/cpu/lib/midi_fsm.c:513:10:midi_receive_byte	8	static
