C:/dev/System23/freetribe/cpu/lib/am1802-csl/src/csl_interrupt.c:78:13:IntDefaultHandler	0	static
C:/dev/System23/freetribe/cpu/lib/am1802-csl/src/csl_interrupt.c:97:6:IntRegister	0	static
C:/dev/System23/freetribe/cpu/lib/am1802-csl/src/csl_interrupt.c:112:6:IntUnRegister	0	static
C:/dev/System23/freetribe/cpu/lib/am1802-csl/src/csl_interrupt.c:128:6:IntChannelSet	0	static
C:/dev/System23/freetribe/cpu/lib/am1802-csl/src/csl_interrupt.c:151:15:IntChannelGet	0	static
C:/dev/System23/freetribe/cpu/lib/am1802-csl/src/csl_interrupt.c:174:6:IntGlobalEnable	0	static
C:/dev/System23/freetribe/cpu/lib/am1802-csl/src/csl_interrupt.c:187:6:IntGlobalDisable	0	static
C:/dev/System23/freetribe/cpu/lib/am1802-csl/src/csl_interrupt.c:200:6:IntSystemEnable	0	static
C:/dev/System23/freetribe/cpu/lib/am1802-csl/src/csl_interrupt.c:227:6:IntSystemDisable	0	static
C:/dev/System23/freetribe/cpu/lib/am1802-csl/src/csl_interrupt.c:255:6:IntSystemStatusClear	0	static
C:/dev/System23/freetribe/cpu/lib/am1802-csl/src/csl_interrupt.c:279:14:IntSystemStatusRawGet	0	static
C:/dev/System23/freetribe/cpu/lib/am1802-csl/src/csl_interrupt.c:309:14:IntSystemStatusEnabledGet	0	static
C:/dev/System23/freetribe/cpu/lib/am1802-csl/src/csl_interrupt.c:337:6:IntIRQEnable	0	static
C:/dev/System23/freetribe/cpu/lib/am1802-csl/src/csl_interrupt.c:349:6:IntIRQDisable	0	static
C:/dev/System23/freetribe/cpu/lib/am1802-csl/src/csl_interrupt.c:361:6:IntFIQEnable	0	static
C:/dev/System23/freetribe/cpu/lib/am1802-csl/src/csl_interrupt.c:373:6:IntFIQDisable	0	static
C:/dev/System23/freetribe/cpu/lib/am1802-csl/src/csl_interrupt.c:389:6:IntAINTCInit	0	static
C:/dev/System23/freetribe/cpu/lib/am1802-csl/src/csl_interrupt.c:426:6:IntMasterIRQEnable	8	static
C:/dev/System23/freetribe/cpu/lib/am1802-csl/src/csl_interrupt.c:442:6:IntMasterIRQDisable	8	static
C:/dev/System23/freetribe/cpu/lib/am1802-csl/src/csl_interrupt.c:458:6:IntMasterFIQEnable	8	static
C:/dev/System23/freetribe/cpu/lib/am1802-csl/src/csl_interrupt.c:474:6:IntMasterFIQDisable	8	static
C:/dev/System23/freetribe/cpu/lib/am1802-csl/src/csl_interrupt.c:488:14:IntMasterStatusGet	8	static
C:/dev/System23/freetribe/cpu/lib/am1802-csl/src/csl_interrupt.c:501:15:IntDisable	8	static
C:/dev/System23/freetribe/cpu/lib/am1802-csl/src/csl_interrupt.c:524:6:IntEnable	8	static
C:/dev/System23/freetribe/cpu/lib/am1802-csl/src/csl_interrupt.c:532:6:IntNestModeSet	0	static
