C:/dev/System23/freetribe/cpu/lib/am1802-csl/src/csl_usb.c:91:13:USBIndexWrite	24	static
C:/dev/System23/freetribe/cpu/lib/am1802-csl/src/csl_usb.c:134:21:USBIndexRead	24	static
C:/dev/System23/freetribe/cpu/lib/am1802-csl/src/csl_usb.c:180:6:USBHostSuspend	8	static
C:/dev/System23/freetribe/cpu/lib/am1802-csl/src/csl_usb.c:204:6:USBHostReset	16	static
C:/dev/System23/freetribe/cpu/lib/am1802-csl/src/csl_usb.c:238:6:USBHostResume	16	static
C:/dev/System23/freetribe/cpu/lib/am1802-csl/src/csl_usb.c:262:14:USBHostSpeedGet	8	static
C:/dev/System23/freetribe/cpu/lib/am1802-csl/src/csl_usb.c:303:14:USBIntStatus	8	static
C:/dev/System23/freetribe/cpu/lib/am1802-csl/src/csl_usb.c:362:6:USBIntDisable	16	static
C:/dev/System23/freetribe/cpu/lib/am1802-csl/src/csl_usb.c:428:6:USBIntEnable	16	static
C:/dev/System23/freetribe/cpu/lib/am1802-csl/src/csl_usb.c:481:6:USBIntDisableControl	16	static
C:/dev/System23/freetribe/cpu/lib/am1802-csl/src/csl_usb.c:517:6:USBIntEnableControl	16	static
C:/dev/System23/freetribe/cpu/lib/am1802-csl/src/csl_usb.c:579:14:USBIntStatusControl	8	static
C:/dev/System23/freetribe/cpu/lib/am1802-csl/src/csl_usb.c:625:6:USBIntDisableEndpoint	16	static
C:/dev/System23/freetribe/cpu/lib/am1802-csl/src/csl_usb.c:655:6:USBIntEnableEndpoint	16	static
C:/dev/System23/freetribe/cpu/lib/am1802-csl/src/csl_usb.c:686:14:USBIntStatusEndpoint	8	static
C:/dev/System23/freetribe/cpu/lib/am1802-csl/src/csl_usb.c:719:6:USBIntRegister	8	static
C:/dev/System23/freetribe/cpu/lib/am1802-csl/src/csl_usb.c:756:6:USBIntUnregister	8	static
C:/dev/System23/freetribe/cpu/lib/am1802-csl/src/csl_usb.c:837:14:USBEndpointStatus	16	static
C:/dev/System23/freetribe/cpu/lib/am1802-csl/src/csl_usb.c:877:6:USBHostEndpointStatusClear	16	static
C:/dev/System23/freetribe/cpu/lib/am1802-csl/src/csl_usb.c:915:6:USBDevEndpointStatusClear	16	static
C:/dev/System23/freetribe/cpu/lib/am1802-csl/src/csl_usb.c:980:6:USBHostEndpointDataToggle	24	static
C:/dev/System23/freetribe/cpu/lib/am1802-csl/src/csl_usb.c:1047:6:USBEndpointDataToggleClear	16	static
C:/dev/System23/freetribe/cpu/lib/am1802-csl/src/csl_usb.c:1087:6:USBDevEndpointStall	16	static
C:/dev/System23/freetribe/cpu/lib/am1802-csl/src/csl_usb.c:1134:6:USBDevEndpointStallClear	16	static
C:/dev/System23/freetribe/cpu/lib/am1802-csl/src/csl_usb.c:1183:6:USBDevConnect	8	static
C:/dev/System23/freetribe/cpu/lib/am1802-csl/src/csl_usb.c:1204:6:USBDevDisconnect	8	static
C:/dev/System23/freetribe/cpu/lib/am1802-csl/src/csl_usb.c:1225:6:USBDevAddrSet	16	static
C:/dev/System23/freetribe/cpu/lib/am1802-csl/src/csl_usb.c:1245:14:USBDevAddrGet	8	static
C:/dev/System23/freetribe/cpu/lib/am1802-csl/src/csl_usb.c:1321:6:USBHostEndpointConfig	24	static
C:/dev/System23/freetribe/cpu/lib/am1802-csl/src/csl_usb.c:1506:6:USBDevEndpointConfigSet	24	static
C:/dev/System23/freetribe/cpu/lib/am1802-csl/src/csl_usb.c:1614:6:USBDevEndpointConfigGet	24	static
C:/dev/System23/freetribe/cpu/lib/am1802-csl/src/csl_usb.c:1746:6:USBFIFOConfigSet	32	static
C:/dev/System23/freetribe/cpu/lib/am1802-csl/src/csl_usb.c:1795:6:USBFIFOConfigGet	24	static
C:/dev/System23/freetribe/cpu/lib/am1802-csl/src/csl_usb.c:1842:6:USBEndpointDMAEnable	0	static
C:/dev/System23/freetribe/cpu/lib/am1802-csl/src/csl_usb.c:1869:6:USBEndpointDMADisable	0	static
C:/dev/System23/freetribe/cpu/lib/am1802-csl/src/csl_usb.c:1899:14:USBEndpointDataAvail	16	static
C:/dev/System23/freetribe/cpu/lib/am1802-csl/src/csl_usb.c:1952:5:USBEndpointDataGet	24	static
C:/dev/System23/freetribe/cpu/lib/am1802-csl/src/csl_usb.c:2025:6:USBDevEndpointDataAck	16	static
C:/dev/System23/freetribe/cpu/lib/am1802-csl/src/csl_usb.c:2065:6:USBHostEndpointDataAck	16	static
C:/dev/System23/freetribe/cpu/lib/am1802-csl/src/csl_usb.c:2104:5:USBEndpointDataPut	24	static
C:/dev/System23/freetribe/cpu/lib/am1802-csl/src/csl_usb.c:2167:5:USBEndpointDataSend	16	static
C:/dev/System23/freetribe/cpu/lib/am1802-csl/src/csl_usb.c:2215:6:USBFIFOFlush	16	static
C:/dev/System23/freetribe/cpu/lib/am1802-csl/src/csl_usb.c:2272:6:USBHostRequestIN	16	static
C:/dev/System23/freetribe/cpu/lib/am1802-csl/src/csl_usb.c:2310:6:USBHostRequestStatus	8	static
C:/dev/System23/freetribe/cpu/lib/am1802-csl/src/csl_usb.c:2337:6:USBHostAddrSet	24	static
C:/dev/System23/freetribe/cpu/lib/am1802-csl/src/csl_usb.c:2375:14:USBHostAddrGet	16	static
C:/dev/System23/freetribe/cpu/lib/am1802-csl/src/csl_usb.c:2414:6:USBHostHubAddrSet	24	static
C:/dev/System23/freetribe/cpu/lib/am1802-csl/src/csl_usb.c:2453:14:USBHostHubAddrGet	16	static
C:/dev/System23/freetribe/cpu/lib/am1802-csl/src/csl_usb.c:2540:6:USBHostPwrConfig	16	static
C:/dev/System23/freetribe/cpu/lib/am1802-csl/src/csl_usb.c:2570:6:USBHostPwrFaultEnable	8	static
C:/dev/System23/freetribe/cpu/lib/am1802-csl/src/csl_usb.c:2589:6:USBHostPwrFaultDisable	8	static
C:/dev/System23/freetribe/cpu/lib/am1802-csl/src/csl_usb.c:2609:6:USBHostPwrEnable	8	static
C:/dev/System23/freetribe/cpu/lib/am1802-csl/src/csl_usb.c:2629:6:USBHostPwrDisable	8	static
C:/dev/System23/freetribe/cpu/lib/am1802-csl/src/csl_usb.c:2646:14:USBFrameNumberGet	8	static
C:/dev/System23/freetribe/cpu/lib/am1802-csl/src/csl_usb.c:2666:6:USBOTGSessionRequest	16	static
C:/dev/System23/freetribe/cpu/lib/am1802-csl/src/csl_usb.c:2691:14:USBFIFOAddrGet	0	static
C:/dev/System23/freetribe/cpu/lib/am1802-csl/src/csl_usb.c:2745:14:USBModeGet	8	static
C:/dev/System23/freetribe/cpu/lib/am1802-csl/src/csl_usb.c:2782:6:USBEndpointDMAChannel	16	static
C:/dev/System23/freetribe/cpu/lib/am1802-csl/src/csl_usb.c:2826:6:USBHostMode	8	static
C:/dev/System23/freetribe/cpu/lib/am1802-csl/src/csl_usb.c:2841:6:USBEnableOtgIntr	8	static
C:/dev/System23/freetribe/cpu/lib/am1802-csl/src/csl_usb.c:2860:6:USBReset	0	static
C:/dev/System23/freetribe/cpu/lib/am1802-csl/src/csl_usb.c:2874:6:USBClearOtgIntr	8	static
