C:/dev/System23/freetribe/cpu/lib/am1802-csl/src/csl_mcasp.c:61:6:McASPTxReset	0	static
C:/dev/System23/freetribe/cpu/lib/am1802-csl/src/csl_mcasp.c:73:6:McASPRxReset	0	static
C:/dev/System23/freetribe/cpu/lib/am1802-csl/src/csl_mcasp.c:90:6:McASPWriteFifoEnable	0	static
C:/dev/System23/freetribe/cpu/lib/am1802-csl/src/csl_mcasp.c:112:6:McASPReadFifoEnable	0	static
C:/dev/System23/freetribe/cpu/lib/am1802-csl/src/csl_mcasp.c:133:6:McASPTxFmtMaskSet	0	static
C:/dev/System23/freetribe/cpu/lib/am1802-csl/src/csl_mcasp.c:149:6:McASPRxFmtMaskSet	0	static
C:/dev/System23/freetribe/cpu/lib/am1802-csl/src/csl_mcasp.c:207:6:McASPTxFmtSet	0	static
C:/dev/System23/freetribe/cpu/lib/am1802-csl/src/csl_mcasp.c:265:6:McASPRxFmtSet	0	static
C:/dev/System23/freetribe/cpu/lib/am1802-csl/src/csl_mcasp.c:286:6:McASPTxFmtI2SSet	24	static
C:/dev/System23/freetribe/cpu/lib/am1802-csl/src/csl_mcasp.c:315:6:McASPRxFmtI2SSet	24	static
C:/dev/System23/freetribe/cpu/lib/am1802-csl/src/csl_mcasp.c:353:6:McASPTxFrameSyncCfg	0	static
C:/dev/System23/freetribe/cpu/lib/am1802-csl/src/csl_mcasp.c:385:6:McASPRxFrameSyncCfg	0	static
C:/dev/System23/freetribe/cpu/lib/am1802-csl/src/csl_mcasp.c:413:6:McASPTxClkCfg	8	static
C:/dev/System23/freetribe/cpu/lib/am1802-csl/src/csl_mcasp.c:449:6:McASPRxClkCfg	8	static
C:/dev/System23/freetribe/cpu/lib/am1802-csl/src/csl_mcasp.c:479:6:McASPTxClkPolaritySet	0	static
C:/dev/System23/freetribe/cpu/lib/am1802-csl/src/csl_mcasp.c:500:6:McASPRxClkPolaritySet	0	static
C:/dev/System23/freetribe/cpu/lib/am1802-csl/src/csl_mcasp.c:519:6:McASPTxHFClkPolaritySet	0	static
C:/dev/System23/freetribe/cpu/lib/am1802-csl/src/csl_mcasp.c:538:6:McASPRxHFClkPolaritySet	0	static
C:/dev/System23/freetribe/cpu/lib/am1802-csl/src/csl_mcasp.c:551:6:McASPTxRxClkSyncEnable	0	static
C:/dev/System23/freetribe/cpu/lib/am1802-csl/src/csl_mcasp.c:563:6:McASPTxRxClkSyncDisable	0	static
C:/dev/System23/freetribe/cpu/lib/am1802-csl/src/csl_mcasp.c:576:6:McASPSerializerTxSet	0	static
C:/dev/System23/freetribe/cpu/lib/am1802-csl/src/csl_mcasp.c:590:6:McASPSerializerRxSet	0	static
C:/dev/System23/freetribe/cpu/lib/am1802-csl/src/csl_mcasp.c:604:6:McASPSerializerInactivate	0	static
C:/dev/System23/freetribe/cpu/lib/am1802-csl/src/csl_mcasp.c:626:6:McASPPinGPIOSet	0	static
C:/dev/System23/freetribe/cpu/lib/am1802-csl/src/csl_mcasp.c:648:6:McASPPinMcASPSet	0	static
C:/dev/System23/freetribe/cpu/lib/am1802-csl/src/csl_mcasp.c:670:6:McASPPinDirOutputSet	0	static
C:/dev/System23/freetribe/cpu/lib/am1802-csl/src/csl_mcasp.c:692:6:McASPPinDirInputSet	0	static
C:/dev/System23/freetribe/cpu/lib/am1802-csl/src/csl_mcasp.c:707:6:McASPTxTimeSlotSet	0	static
C:/dev/System23/freetribe/cpu/lib/am1802-csl/src/csl_mcasp.c:722:6:McASPRxTimeSlotSet	0	static
C:/dev/System23/freetribe/cpu/lib/am1802-csl/src/csl_mcasp.c:748:6:McASPAMuteEnable	0	static
C:/dev/System23/freetribe/cpu/lib/am1802-csl/src/csl_mcasp.c:761:6:McASPAMuteDisable	0	static
C:/dev/System23/freetribe/cpu/lib/am1802-csl/src/csl_mcasp.c:788:6:McASPTxClkCheckConfig	0	static
C:/dev/System23/freetribe/cpu/lib/am1802-csl/src/csl_mcasp.c:816:6:McASPRxClkCheckConfig	0	static
C:/dev/System23/freetribe/cpu/lib/am1802-csl/src/csl_mcasp.c:836:6:McASPAMUTEINActivate	0	static
C:/dev/System23/freetribe/cpu/lib/am1802-csl/src/csl_mcasp.c:860:6:McASPTxIntEnable	0	static
C:/dev/System23/freetribe/cpu/lib/am1802-csl/src/csl_mcasp.c:881:6:McASPRxIntEnable	0	static
C:/dev/System23/freetribe/cpu/lib/am1802-csl/src/csl_mcasp.c:902:6:McASPTxIntDisable	0	static
C:/dev/System23/freetribe/cpu/lib/am1802-csl/src/csl_mcasp.c:923:6:McASPRxIntDisable	0	static
C:/dev/System23/freetribe/cpu/lib/am1802-csl/src/csl_mcasp.c:935:6:McASPTxSerActivate	0	static
C:/dev/System23/freetribe/cpu/lib/am1802-csl/src/csl_mcasp.c:953:6:McASPRxSerActivate	0	static
C:/dev/System23/freetribe/cpu/lib/am1802-csl/src/csl_mcasp.c:977:6:McASPTxClkStart	0	static
C:/dev/System23/freetribe/cpu/lib/am1802-csl/src/csl_mcasp.c:1007:6:McASPRxClkStart	0	static
C:/dev/System23/freetribe/cpu/lib/am1802-csl/src/csl_mcasp.c:1034:6:McASPTxEnable	0	static
C:/dev/System23/freetribe/cpu/lib/am1802-csl/src/csl_mcasp.c:1059:6:McASPRxEnable	0	static
C:/dev/System23/freetribe/cpu/lib/am1802-csl/src/csl_mcasp.c:1082:14:McASPRxBufRead	0	static
C:/dev/System23/freetribe/cpu/lib/am1802-csl/src/csl_mcasp.c:1096:6:McASPTxBufWrite	0	static
C:/dev/System23/freetribe/cpu/lib/am1802-csl/src/csl_mcasp.c:1117:6:McASPDITEnable	0	static
C:/dev/System23/freetribe/cpu/lib/am1802-csl/src/csl_mcasp.c:1129:6:McASPDITDisable	0	static
C:/dev/System23/freetribe/cpu/lib/am1802-csl/src/csl_mcasp.c:1156:6:McASPDITChanStatWrite	0	static
C:/dev/System23/freetribe/cpu/lib/am1802-csl/src/csl_mcasp.c:1192:6:McASPDITChanUsrDataWrite	0	static
C:/dev/System23/freetribe/cpu/lib/am1802-csl/src/csl_mcasp.c:1226:14:McASPDITChanStatRead	0	static
C:/dev/System23/freetribe/cpu/lib/am1802-csl/src/csl_mcasp.c:1265:14:McASPDITChanUsrDataRead	0	static
C:/dev/System23/freetribe/cpu/lib/am1802-csl/src/csl_mcasp.c:1303:14:McASPTxStatusGet	0	static
C:/dev/System23/freetribe/cpu/lib/am1802-csl/src/csl_mcasp.c:1327:14:McASPRxStatusGet	0	static
C:/dev/System23/freetribe/cpu/lib/am1802-csl/src/csl_mcasp.c:1346:6:McASPContextSave	0	static
C:/dev/System23/freetribe/cpu/lib/am1802-csl/src/csl_mcasp.c:1400:6:McASPContextRestore	0	static
