C:/dev/System23/freetribe/cpu/lib/am1802-csl/src/csl_watchdog.c:114:14:WatchdogTimerRevisionIDGet	0	static
C:/dev/System23/freetribe/cpu/lib/am1802-csl/src/csl_watchdog.c:127:6:WatchdogTimerReset	0	static
C:/dev/System23/freetribe/cpu/lib/am1802-csl/src/csl_watchdog.c:149:6:WatchdogTimerEmulationModeConfigure	0	static
C:/dev/System23/freetribe/cpu/lib/am1802-csl/src/csl_watchdog.c:240:14:WatchdogTimerCounterGet	0	static
C:/dev/System23/freetribe/cpu/lib/am1802-csl/src/csl_watchdog.c:273:14:WatchdogTimerReloadGet	0	static
C:/dev/System23/freetribe/cpu/lib/am1802-csl/src/csl_watchdog.c:329:14:WatchdogTimerDelayGet	0	static
C:/dev/System23/freetribe/cpu/lib/am1802-csl/src/csl_watchdog.c:347:6:WatchdogTimerIntRawStatusSet	0	static
C:/dev/System23/freetribe/cpu/lib/am1802-csl/src/csl_watchdog.c:361:14:WatchdogTimerIntRawStatusGet	0	static
C:/dev/System23/freetribe/cpu/lib/am1802-csl/src/csl_watchdog.c:374:14:WatchdogTimerIntStatusGet	0	static
C:/dev/System23/freetribe/cpu/lib/am1802-csl/src/csl_watchdog.c:392:6:WatchdogTimerIntStatusClear	0	static
C:/dev/System23/freetribe/cpu/lib/am1802-csl/src/csl_watchdog.c:411:6:WatchdogTimerIntEnable	0	static
C:/dev/System23/freetribe/cpu/lib/am1802-csl/src/csl_watchdog.c:426:14:WatchdogTimerIntEnableStatusGet	0	static
C:/dev/System23/freetribe/cpu/lib/am1802-csl/src/csl_watchdog.c:444:6:WatchdogTimerIntDisable	0	static
C:/dev/System23/freetribe/cpu/lib/am1802-csl/src/csl_watchdog.c:467:14:WatchdogTimerWritePostedStatusGet	0	static
C:/dev/System23/freetribe/cpu/lib/am1802-csl/src/csl_watchdog.c:66:6:WatchdogTimerEnable	8	static
C:/dev/System23/freetribe/cpu/lib/am1802-csl/src/csl_watchdog.c:90:6:WatchdogTimerDisable	8	static
C:/dev/System23/freetribe/cpu/lib/am1802-csl/src/csl_watchdog.c:177:6:WatchdogTimerPreScalerClkEnable	16	static
C:/dev/System23/freetribe/cpu/lib/am1802-csl/src/csl_watchdog.c:204:6:WatchdogTimerPreScalerClkDisable	8	static
C:/dev/System23/freetribe/cpu/lib/am1802-csl/src/csl_watchdog.c:222:6:WatchdogTimerCounterSet	8	static
C:/dev/System23/freetribe/cpu/lib/am1802-csl/src/csl_watchdog.c:256:6:WatchdogTimerReloadSet	8	static
C:/dev/System23/freetribe/cpu/lib/am1802-csl/src/csl_watchdog.c:293:6:WatchdogTimerTriggerSet	8	static
C:/dev/System23/freetribe/cpu/lib/am1802-csl/src/csl_watchdog.c:311:6:WatchdogTimerDelaySet	8	static
