C:/dev/System23/freetribe/cpu/lib/am1802-csl/src/csl_timer.c:63:6:TimerEmulationModeSet	0	static
C:/dev/System23/freetribe/cpu/lib/am1802-csl/src/csl_timer.c:90:6:TimerEnable	0	static
C:/dev/System23/freetribe/cpu/lib/am1802-csl/src/csl_timer.c:114:6:TimerDisable	0	static
C:/dev/System23/freetribe/cpu/lib/am1802-csl/src/csl_timer.c:150:6:TimerConfigure	0	static
C:/dev/System23/freetribe/cpu/lib/am1802-csl/src/csl_timer.c:189:6:TimerWatchdogActivate	0	static
C:/dev/System23/freetribe/cpu/lib/am1802-csl/src/csl_timer.c:209:6:TimerWatchdogReactivate	0	static
C:/dev/System23/freetribe/cpu/lib/am1802-csl/src/csl_timer.c:234:6:TimerPeriodSet	0	static
C:/dev/System23/freetribe/cpu/lib/am1802-csl/src/csl_timer.c:260:14:TimerPeriodGet	0	static
C:/dev/System23/freetribe/cpu/lib/am1802-csl/src/csl_timer.c:281:6:TimerCounterSet	0	static
C:/dev/System23/freetribe/cpu/lib/am1802-csl/src/csl_timer.c:307:14:TimerCounterGet	0	static
C:/dev/System23/freetribe/cpu/lib/am1802-csl/src/csl_timer.c:328:6:TimerReloadSet	0	static
C:/dev/System23/freetribe/cpu/lib/am1802-csl/src/csl_timer.c:354:14:TimerReloadGet	0	static
C:/dev/System23/freetribe/cpu/lib/am1802-csl/src/csl_timer.c:373:14:TimerCaptureGet	0	static
C:/dev/System23/freetribe/cpu/lib/am1802-csl/src/csl_timer.c:392:6:TimerCompareSet	0	static
C:/dev/System23/freetribe/cpu/lib/am1802-csl/src/csl_timer.c:410:14:TimerCompareGet	0	static
C:/dev/System23/freetribe/cpu/lib/am1802-csl/src/csl_timer.c:431:6:TimerIntEnable	0	static
C:/dev/System23/freetribe/cpu/lib/am1802-csl/src/csl_timer.c:451:6:TimerIntDisable	0	static
C:/dev/System23/freetribe/cpu/lib/am1802-csl/src/csl_timer.c:475:14:TimerIntStatusGet	0	static
C:/dev/System23/freetribe/cpu/lib/am1802-csl/src/csl_timer.c:495:14:TimerIntStatusClear	8	static
C:/dev/System23/freetribe/cpu/lib/am1802-csl/src/csl_timer.c:512:6:TimerPreScalarCount34Set	0	static
C:/dev/System23/freetribe/cpu/lib/am1802-csl/src/csl_timer.c:528:14:TimerPreScalarCount34Get	0	static
C:/dev/System23/freetribe/cpu/lib/am1802-csl/src/csl_timer.c:546:6:TimerDivDwnRatio34Set	0	static
C:/dev/System23/freetribe/cpu/lib/am1802-csl/src/csl_timer.c:562:14:TimerDivDwnRatio34Get	0	static
C:/dev/System23/freetribe/cpu/lib/am1802-csl/src/csl_timer.c:590:6:TimerCaptureConfigure	0	static
C:/dev/System23/freetribe/cpu/lib/am1802-csl/src/csl_timer.c:619:6:TimerReadResetEnable	0	static
C:/dev/System23/freetribe/cpu/lib/am1802-csl/src/csl_timer.c:642:6:TimerReadResetDisable	0	static
C:/dev/System23/freetribe/cpu/lib/am1802-csl/src/csl_timer.c:665:6:TimerInputGateEnable	0	static
C:/dev/System23/freetribe/cpu/lib/am1802-csl/src/csl_timer.c:684:6:TimerInputGateDisable	0	static
C:/dev/System23/freetribe/cpu/lib/am1802-csl/src/csl_timer.c:711:6:TimerPulseWidthSet	0	static
C:/dev/System23/freetribe/cpu/lib/am1802-csl/src/csl_timer.c:735:6:TimerClockModeSet	0	static
C:/dev/System23/freetribe/cpu/lib/am1802-csl/src/csl_timer.c:755:6:TimerPulseModeSet	0	static
C:/dev/System23/freetribe/cpu/lib/am1802-csl/src/csl_timer.c:783:14:TimerOUTStatusGet	0	static
C:/dev/System23/freetribe/cpu/lib/am1802-csl/src/csl_timer.c:803:6:TimerInvertINEnable	0	static
C:/dev/System23/freetribe/cpu/lib/am1802-csl/src/csl_timer.c:823:6:TimerInvertINDisable	0	static
C:/dev/System23/freetribe/cpu/lib/am1802-csl/src/csl_timer.c:843:6:TimerInvertOUTEnable	0	static
C:/dev/System23/freetribe/cpu/lib/am1802-csl/src/csl_timer.c:863:6:TimerInvertOUTDisable	0	static
