C:/dev/System23/freetribe/cpu/lib/tinyusb/src/device/usbd.c:82:19:tud_vendor_control_xfer_cb	0	static
C:/dev/System23/freetribe/cpu/lib/tinyusb/src/device/usbd.c:650:13:configuration_reset	24	static
C:/dev/System23/freetribe/cpu/lib/tinyusb/src/device/usbd.c:1490:6:usbd_int_set	0	static
C:/dev/System23/freetribe/cpu/lib/tinyusb/src/device/usbd.c:960:13:invoke_class_control.constprop.isra	0	static
C:/dev/System23/freetribe/cpu/lib/tinyusb/src/device/usbd.c:48:19:tud_event_hook_cb	0	static
C:/dev/System23/freetribe/cpu/lib/tinyusb/src/device/usbd.c:52:19:tud_sof_cb	0	static
C:/dev/System23/freetribe/cpu/lib/tinyusb/src/device/usbd.c:56:29:tud_descriptor_bos_cb	0	static
C:/dev/System23/freetribe/cpu/lib/tinyusb/src/device/usbd.c:60:29:tud_descriptor_device_qualifier_cb	0	static
C:/dev/System23/freetribe/cpu/lib/tinyusb/src/device/usbd.c:64:29:tud_descriptor_other_speed_configuration_cb	0	static
C:/dev/System23/freetribe/cpu/lib/tinyusb/src/device/usbd.c:69:19:tud_mount_cb	0	static
C:/dev/System23/freetribe/cpu/lib/tinyusb/src/device/usbd.c:72:19:tud_umount_cb	0	static
C:/dev/System23/freetribe/cpu/lib/tinyusb/src/device/usbd.c:75:19:tud_suspend_cb	0	static
C:/dev/System23/freetribe/cpu/lib/tinyusb/src/device/usbd.c:79:19:tud_resume_cb	0	static
C:/dev/System23/freetribe/cpu/lib/tinyusb/src/device/usbd.c:87:19:dcd_deinit	0	static
C:/dev/System23/freetribe/cpu/lib/tinyusb/src/device/usbd.c:92:19:dcd_connect	0	static
C:/dev/System23/freetribe/cpu/lib/tinyusb/src/device/usbd.c:96:19:dcd_disconnect	0	static
C:/dev/System23/freetribe/cpu/lib/tinyusb/src/device/usbd.c:100:19:dcd_dcache_clean	0	static
C:/dev/System23/freetribe/cpu/lib/tinyusb/src/device/usbd.c:105:19:dcd_dcache_invalidate	0	static
C:/dev/System23/freetribe/cpu/lib/tinyusb/src/device/usbd.c:110:19:dcd_dcache_clean_invalidate	0	static
C:/dev/System23/freetribe/cpu/lib/tinyusb/src/device/usbd.c:457:41:usbd_app_driver_get_cb	0	static
C:/dev/System23/freetribe/cpu/lib/tinyusb/src/device/usbd.c:462:19:dcd_edpt_xfer_fifo	0	static
C:/dev/System23/freetribe/cpu/lib/tinyusb/src/device/usbd.c:467:19:dcd_configure	0	static
C:/dev/System23/freetribe/cpu/lib/tinyusb/src/device/usbd.c:493:14:tud_speed_get	0	static
C:/dev/System23/freetribe/cpu/lib/tinyusb/src/device/usbd.c:497:6:tud_connected	0	static
C:/dev/System23/freetribe/cpu/lib/tinyusb/src/device/usbd.c:501:6:tud_mounted	0	static
C:/dev/System23/freetribe/cpu/lib/tinyusb/src/device/usbd.c:505:6:tud_suspended	0	static
C:/dev/System23/freetribe/cpu/lib/tinyusb/src/device/usbd.c:509:6:tud_remote_wakeup	8	static
C:/dev/System23/freetribe/cpu/lib/tinyusb/src/device/usbd.c:516:6:tud_disconnect	8	static
C:/dev/System23/freetribe/cpu/lib/tinyusb/src/device/usbd.c:521:6:tud_connect	8	static
C:/dev/System23/freetribe/cpu/lib/tinyusb/src/device/usbd.c:530:6:tud_inited	0	static
C:/dev/System23/freetribe/cpu/lib/tinyusb/src/device/usbd.c:534:6:tud_configure	8	static
C:/dev/System23/freetribe/cpu/lib/tinyusb/src/device/usbd.c:538:6:tud_rhport_init	40	static
C:/dev/System23/freetribe/cpu/lib/tinyusb/src/device/usbd.c:604:6:tud_deinit	32	static
C:/dev/System23/freetribe/cpu/lib/tinyusb/src/device/usbd.c:666:6:tud_task_event_ready	0	static
C:/dev/System23/freetribe/cpu/lib/tinyusb/src/device/usbd.c:830:19:dcd_edpt0_status_complete	0	static
C:/dev/System23/freetribe/cpu/lib/tinyusb/src/device/usbd.c:835:10:usbd_get_ctrl_buf	0	static
C:/dev/System23/freetribe/cpu/lib/tinyusb/src/device/usbd.c:1391:24:dcd_event_handler	48	static
C:/dev/System23/freetribe/cpu/lib/tinyusb/src/device/usbd.c:1498:6:usbd_spin_lock	8	static
C:/dev/System23/freetribe/cpu/lib/tinyusb/src/device/usbd.c:1501:6:usbd_spin_unlock	0	static
C:/dev/System23/freetribe/cpu/lib/tinyusb/src/device/usbd.c:1527:6:usbd_defer_func	32	static
C:/dev/System23/freetribe/cpu/lib/tinyusb/src/device/usbd.c:1542:6:usbd_edpt_open	0	static
C:/dev/System23/freetribe/cpu/lib/tinyusb/src/device/usbd.c:1506:6:usbd_open_edpt_pair	32	static
C:/dev/System23/freetribe/cpu/lib/tinyusb/src/device/usbd.c:1551:6:usbd_edpt_claim	0	static
C:/dev/System23/freetribe/cpu/lib/tinyusb/src/device/usbd.c:1562:6:usbd_edpt_release	0	static
C:/dev/System23/freetribe/cpu/lib/tinyusb/src/device/usbd.c:1570:6:usbd_edpt_xfer	16	static
C:/dev/System23/freetribe/cpu/lib/tinyusb/src/device/usbd.c:869:6:tud_control_status	16	static
C:/dev/System23/freetribe/cpu/lib/tinyusb/src/device/usbd.c:853:13:data_stage_xact	24	static
C:/dev/System23/freetribe/cpu/lib/tinyusb/src/device/usbd.c:876:6:tud_control_xfer	16	static
C:/dev/System23/freetribe/cpu/lib/tinyusb/src/device/usbd.c:1608:6:usbd_edpt_xfer_fifo	16	static
C:/dev/System23/freetribe/cpu/lib/tinyusb/src/device/usbd.c:1644:6:usbd_edpt_busy	0	static
C:/dev/System23/freetribe/cpu/lib/tinyusb/src/device/usbd.c:1653:6:usbd_edpt_stall	8	static
C:/dev/System23/freetribe/cpu/lib/tinyusb/src/device/usbd.c:1665:6:usbd_edpt_clear_stall	8	static
C:/dev/System23/freetribe/cpu/lib/tinyusb/src/device/usbd.c:1677:6:usbd_edpt_stalled	0	static
C:/dev/System23/freetribe/cpu/lib/tinyusb/src/device/usbd.c:688:6:tud_task_ext	72	static
C:/dev/System23/freetribe/cpu/lib/tinyusb/src/device/usbd.c:1690:6:usbd_edpt_close	0	static
C:/dev/System23/freetribe/cpu/lib/tinyusb/src/device/usbd.c:1709:6:usbd_sof_enable	4	static
C:/dev/System23/freetribe/cpu/lib/tinyusb/src/device/usbd.c:526:6:tud_sof_cb_enable	0	static
C:/dev/System23/freetribe/cpu/lib/tinyusb/src/device/usbd.c:1726:6:usbd_edpt_iso_alloc	0	static
C:/dev/System23/freetribe/cpu/lib/tinyusb/src/device/usbd.c:1738:6:usbd_edpt_iso_activate	0	static
