Archive member included to satisfy reference by file (symbol)

c:/program files (x86)/gnu arm embedded toolchain/10 2021.10/bin/../lib/gcc/arm-none-eabi/10.3.1\libgcc.a(_udivsi3.o)
                              C:/dev/System23/freetribe/build/debug_bringup/obj/cpu/lib/am1802-csl/src/csl_spi.c.o (__aeabi_uidiv)
c:/program files (x86)/gnu arm embedded toolchain/10 2021.10/bin/../lib/gcc/arm-none-eabi/10.3.1\libgcc.a(_divsi3.o)
                              (__aeabi_idiv)
c:/program files (x86)/gnu arm embedded toolchain/10 2021.10/bin/../lib/gcc/arm-none-eabi/10.3.1\libgcc.a(_dvmd_tls.o)
                              c:/program files (x86)/gnu arm embedded toolchain/10 2021.10/bin/../lib/gcc/arm-none-eabi/10.3.1\libgcc.a(_udivsi3.o) (__aeabi_idiv0)
c:/program files (x86)/gnu arm embedded toolchain/10 2021.10/bin/../lib/gcc/arm-none-eabi/10.3.1/../../../../arm-none-eabi/lib\libc.a(lib_a-exit.o)
                              c:/program files (x86)/gnu arm embedded toolchain/10 2021.10/bin/../lib/gcc/arm-none-eabi/10.3.1/../../../../arm-none-eabi/lib/crt0.o (exit)
c:/program files (x86)/gnu arm embedded toolchain/10 2021.10/bin/../lib/gcc/arm-none-eabi/10.3.1/../../../../arm-none-eabi/lib\libc.a(lib_a-impure.o)
                              c:/program files (x86)/gnu arm embedded toolchain/10 2021.10/bin/../lib/gcc/arm-none-eabi/10.3.1/../../../../arm-none-eabi/lib\libc.a(lib_a-exit.o) (_global_impure_ptr)
c:/program files (x86)/gnu arm embedded toolchain/10 2021.10/bin/../lib/gcc/arm-none-eabi/10.3.1/../../../../arm-none-eabi/lib\libc.a(lib_a-init.o)
                              c:/program files (x86)/gnu arm embedded toolchain/10 2021.10/bin/../lib/gcc/arm-none-eabi/10.3.1/../../../../arm-none-eabi/lib/crt0.o (__libc_init_array)
c:/program files (x86)/gnu arm embedded toolchain/10 2021.10/bin/../lib/gcc/arm-none-eabi/10.3.1/../../../../arm-none-eabi/lib\libc.a(lib_a-memset.o)
                              c:/program files (x86)/gnu arm embedded toolchain/10 2021.10/bin/../lib/gcc/arm-none-eabi/10.3.1/../../../../arm-none-eabi/lib/crt0.o (memset)
c:/program files (x86)/gnu arm embedded toolchain/10 2021.10/bin/../lib/gcc/arm-none-eabi/10.3.1/../../../../arm-none-eabi/lib\libc.a(lib_a-__call_atexit.o)
                              c:/program files (x86)/gnu arm embedded toolchain/10 2021.10/bin/../lib/gcc/arm-none-eabi/10.3.1/../../../../arm-none-eabi/lib\libc.a(lib_a-exit.o) (__call_exitprocs)
c:/program files (x86)/gnu arm embedded toolchain/10 2021.10/bin/../lib/gcc/arm-none-eabi/10.3.1/../../../../arm-none-eabi/lib\libc.a(lib_a-atexit.o)
                              c:/program files (x86)/gnu arm embedded toolchain/10 2021.10/bin/../lib/gcc/arm-none-eabi/10.3.1/../../../../arm-none-eabi/lib\libc.a(lib_a-__call_atexit.o) (atexit)
c:/program files (x86)/gnu arm embedded toolchain/10 2021.10/bin/../lib/gcc/arm-none-eabi/10.3.1/../../../../arm-none-eabi/lib\libc.a(lib_a-fini.o)
                              c:/program files (x86)/gnu arm embedded toolchain/10 2021.10/bin/../lib/gcc/arm-none-eabi/10.3.1/../../../../arm-none-eabi/lib\libc.a(lib_a-__call_atexit.o) (__libc_fini_array)
c:/program files (x86)/gnu arm embedded toolchain/10 2021.10/bin/../lib/gcc/arm-none-eabi/10.3.1/../../../../arm-none-eabi/lib\libc.a(lib_a-lock.o)
                              c:/program files (x86)/gnu arm embedded toolchain/10 2021.10/bin/../lib/gcc/arm-none-eabi/10.3.1/../../../../arm-none-eabi/lib\libc.a(lib_a-__call_atexit.o) (__retarget_lock_acquire_recursive)
c:/program files (x86)/gnu arm embedded toolchain/10 2021.10/bin/../lib/gcc/arm-none-eabi/10.3.1/../../../../arm-none-eabi/lib\libc.a(lib_a-__atexit.o)
                              c:/program files (x86)/gnu arm embedded toolchain/10 2021.10/bin/../lib/gcc/arm-none-eabi/10.3.1/../../../../arm-none-eabi/lib\libc.a(lib_a-atexit.o) (__register_exitproc)

Discarded input sections

 .text          0x00000000        0x0 c:/program files (x86)/gnu arm embedded toolchain/10 2021.10/bin/../lib/gcc/arm-none-eabi/10.3.1/crti.o
 .data          0x00000000        0x0 c:/program files (x86)/gnu arm embedded toolchain/10 2021.10/bin/../lib/gcc/arm-none-eabi/10.3.1/crti.o
 .bss           0x00000000        0x0 c:/program files (x86)/gnu arm embedded toolchain/10 2021.10/bin/../lib/gcc/arm-none-eabi/10.3.1/crti.o
 .text          0x00000000       0x70 c:/program files (x86)/gnu arm embedded toolchain/10 2021.10/bin/../lib/gcc/arm-none-eabi/10.3.1/crtbegin.o
 .data          0x00000000        0x4 c:/program files (x86)/gnu arm embedded toolchain/10 2021.10/bin/../lib/gcc/arm-none-eabi/10.3.1/crtbegin.o
 .bss           0x00000000       0x1c c:/program files (x86)/gnu arm embedded toolchain/10 2021.10/bin/../lib/gcc/arm-none-eabi/10.3.1/crtbegin.o
 .rodata        0x00000000       0x24 c:/program files (x86)/gnu arm embedded toolchain/10 2021.10/bin/../lib/gcc/arm-none-eabi/10.3.1/crtbegin.o
[...]
Memory Configuration

Name             Origin             Length             Attributes
OC_RAM           0x80000000         0x00020000         xrw
ARM_RAM          0xffff0000         0x00002000         xrw
DDR2_RAM         0xc0000000         0x04000000         rw
*default*        0x00000000         0xffffffff

Linker script and memory map

LOAD c:/program files (x86)/gnu arm embedded toolchain/10 2021.10/bin/../lib/gcc/arm-none-eabi/10.3.1/crti.o
LOAD c:/program files (x86)/gnu arm embedded toolchain/10 2021.10/bin/../lib/gcc/arm-none-eabi/10.3.1/crtbegin.o
LOAD c:/program files (x86)/gnu arm embedded toolchain/10 2021.10/bin/../lib/gcc/arm-none-eabi/10.3.1/../../../../arm-none-eabi/lib/crt0.o
LOAD C:/dev/System23/freetribe/build/debug_bringup/obj/cpu/src/debug_bringup.c.o
LOAD C:/dev/System23/freetribe/build/debug_bringup/obj/cpu/src/kernel/system/startup.c.o
LOAD C:/dev/System23/freetribe/build/debug_bringup/obj/cpu/src/kernel/peripheral/per_ddr.c.o
LOAD C:/dev/System23/freetribe/build/debug_bringup/obj/cpu/lib/am1802-csl/src/csl_cp15.c.o
LOAD C:/dev/System23/freetribe/build/debug_bringup/obj/cpu/lib/am1802-csl/src/csl_cppi41dma.c.o
LOAD C:/dev/System23/freetribe/build/debug_bringup/obj/cpu/lib/am1802-csl/src/csl_cpu.c.o
LOAD C:/dev/System23/freetribe/build/debug_bringup/obj/cpu/lib/am1802-csl/src/csl_edma.c.o
LOAD C:/dev/System23/freetribe/build/debug_bringup/obj/cpu/lib/am1802-csl/src/csl_emifa.c.o
LOAD C:/dev/System23/freetribe/build/debug_bringup/obj/cpu/lib/am1802-csl/src/csl_gpio.c.o
LOAD C:/dev/System23/freetribe/build/debug_bringup/obj/cpu/lib/am1802-csl/src/csl_interrupt.c.o
LOAD C:/dev/System23/freetribe/build/debug_bringup/obj/cpu/lib/am1802-csl/src/csl_mcasp.c.o
LOAD C:/dev/System23/freetribe/build/debug_bringup/obj/cpu/lib/am1802-csl/src/csl_psc.c.o
LOAD C:/dev/System23/freetribe/build/debug_bringup/obj/cpu/lib/am1802-csl/src/csl_rtc.c.o
LOAD C:/dev/System23/freetribe/build/debug_bringup/obj/cpu/lib/am1802-csl/src/csl_spi.c.o
LOAD C:/dev/System23/freetribe/build/debug_bringup/obj/cpu/lib/am1802-csl/src/csl_syscfg.c.o
LOAD C:/dev/System23/freetribe/build/debug_bringup/obj/cpu/lib/am1802-csl/src/csl_timer.c.o
LOAD C:/dev/System23/freetribe/build/debug_bringup/obj/cpu/lib/am1802-csl/src/csl_uart.c.o
LOAD C:/dev/System23/freetribe/build/debug_bringup/obj/cpu/lib/am1802-csl/src/csl_usb.c.o
LOAD C:/dev/System23/freetribe/build/debug_bringup/obj/cpu/lib/am1802-csl/src/csl_usbphyGS60.c.o
LOAD C:/dev/System23/freetribe/build/debug_bringup/obj/cpu/lib/am1802-csl/src/csl_watchdog.c.o
START GROUP
LOAD c:/program files (x86)/gnu arm embedded toolchain/10 2021.10/bin/../lib/gcc/arm-none-eabi/10.3.1\libgcc.a
LOAD c:/program files (x86)/gnu arm embedded toolchain/10 2021.10/bin/../lib/gcc/arm-none-eabi/10.3.1/../../../../arm-none-eabi/lib\libc.a
END GROUP
LOAD c:/program files (x86)/gnu arm embedded toolchain/10 2021.10/bin/../lib/gcc/arm-none-eabi/10.3.1/crtend.o
LOAD c:/program files (x86)/gnu arm embedded toolchain/10 2021.10/bin/../lib/gcc/arm-none-eabi/10.3.1/crtn.o

.text           0x80000000      0x9e0
 *(.text.start)
 .text.start    0x80000000       0x68 C:/dev/System23/freetribe/build/debug_bringup/obj/cpu/src/debug_bringup.c.o
                0x80000000                start
 *(.text*)
 .text.delay    0x80000068        0xc C:/dev/System23/freetribe/build/debug_bringup/obj/cpu/src/kernel/system/startup.c.o
                0x80000068                delay
 .text._psc0_init
                0x80000074      0x124 C:/dev/System23/freetribe/build/debug_bringup/obj/cpu/src/kernel/system/startup.c.o
                0x80000074                _psc0_init
 .text._psc1_init
                0x80000198      0x138 C:/dev/System23/freetribe/build/debug_bringup/obj/cpu/src/kernel/system/startup.c.o
                0x80000198                _psc1_init
 .text._pll0_init
                0x800002d0      0x164 C:/dev/System23/freetribe/build/debug_bringup/obj/cpu/src/kernel/system/startup.c.o
                0x800002d0                _pll0_init
 .text._pll1_init
                0x80000434      0x114 C:/dev/System23/freetribe/build/debug_bringup/obj/cpu/src/kernel/system/startup.c.o
                0x80000434                _pll1_init
 .text.per_ddr_init
                0x80000548      0x134 C:/dev/System23/freetribe/build/debug_bringup/obj/cpu/src/kernel/peripheral/per_ddr.c.o
                0x80000548                per_ddr_init
 .text.PSCModuleControl
                0x8000067c       0xe0 C:/dev/System23/freetribe/build/debug_bringup/obj/cpu/lib/am1802-csl/src/csl_psc.c.o
                0x8000067c                PSCModuleControl
 .text.SysCfgRegistersUnlock
                0x8000075c       0x24 C:/dev/System23/freetribe/build/debug_bringup/obj/cpu/lib/am1802-csl/src/csl_syscfg.c.o
                0x8000075c                SysCfgRegistersUnlock
 .text          0x80000780      0x114 c:/program files (x86)/gnu arm embedded toolchain/10 2021.10/bin/../lib/gcc/arm-none-eabi/10.3.1\libgcc.a(_udivsi3.o)
                0x80000780                __aeabi_uidiv
                0x80000780                __udivsi3
                0x80000874                __aeabi_uidivmod
 .text          0x80000894      0x148 c:/program files (x86)/gnu arm embedded toolchain/10 2021.10/bin/../lib/gcc/arm-none-eabi/10.3.1\libgcc.a(_divsi3.o)
                0x80000894                __divsi3
                0x80000894                __aeabi_idiv
                0x800009bc                __aeabi_idivmod
 .text          0x800009dc        0x4 c:/program files (x86)/gnu arm embedded toolchain/10 2021.10/bin/../lib/gcc/arm-none-eabi/10.3.1\libgcc.a(_dvmd_tls.o)
                0x800009dc                __aeabi_idiv0
                0x800009dc                __aeabi_ldiv0
 *(.rodata*)

.glue_7         0x800009e0        0x0
 .glue_7        0x800009e0        0x0 linker stubs

.glue_7t        0x800009e0        0x0
 .glue_7t       0x800009e0        0x0 linker stubs

.vfp11_veneer   0x800009e0        0x0
 .vfp11_veneer  0x800009e0        0x0 linker stubs

.v4_bx          0x800009e0        0x0
 .v4_bx         0x800009e0        0x0 linker stubs

.init           0x800009e0        0xc
 .init          0x800009e0        0xc c:/program files (x86)/gnu arm embedded toolchain/10 2021.10/bin/../lib/gcc/arm-none-eabi/10.3.1/crti.o
                0x800009e0                _init

.fini           0x800009ec        0xc
 .fini          0x800009ec        0xc c:/program files (x86)/gnu arm embedded toolchain/10 2021.10/bin/../lib/gcc/arm-none-eabi/10.3.1/crti.o
                0x800009ec                _fini

.iplt           0x800009f8        0x0
 .iplt          0x800009f8        0x0 C:/dev/System23/freetribe/build/debug_bringup/obj/cpu/src/debug_bringup.c.o

.rel.dyn        0x800009f8        0x0
 .rel.iplt      0x800009f8        0x0 C:/dev/System23/freetribe/build/debug_bringup/obj/cpu/src/debug_bringup.c.o

.data
 *(.data)
OUTPUT(C:/dev/System23/freetribe/build/debug_bringup/debug_bringup.elf elf32-littlearm)
LOAD linker stubs

.igot.plt       0x800009f8        0x0
 .igot.plt      0x800009f8        0x0 C:/dev/System23/freetribe/build/debug_bringup/obj/cpu/src/debug_bringup.c.o

.ARM.attributes
                0x00000000       0x28
 .ARM.attributes
                0x00000000       0x1c c:/program files (x86)/gnu arm embedded toolchain/10 2021.10/bin/../lib/gcc/arm-none-eabi/10.3.1/crti.o
 .ARM.attributes
                0x0000001c       0x2c C:/dev/System23/freetribe/build/debug_bringup/obj/cpu/src/debug_bringup.c.o
 .ARM.attributes
                0x00000048       0x2c C:/dev/System23/freetribe/build/debug_bringup/obj/cpu/src/kernel/system/startup.c.o
 .ARM.attributes
                0x00000074       0x2c C:/dev/System23/freetribe/build/debug_bringup/obj/cpu/src/kernel/peripheral/per_ddr.c.o
 .ARM.attributes
                0x000000a0       0x2c C:/dev/System23/freetribe/build/debug_bringup/obj/cpu/lib/am1802-csl/src/csl_psc.c.o
 .ARM.attributes
                0x000000cc       0x2c C:/dev/System23/freetribe/build/debug_bringup/obj/cpu/lib/am1802-csl/src/csl_syscfg.c.o
 .ARM.attributes
                0x000000f8       0x1c c:/program files (x86)/gnu arm embedded toolchain/10 2021.10/bin/../lib/gcc/arm-none-eabi/10.3.1\libgcc.a(_udivsi3.o)
 .ARM.attributes
                0x00000114       0x1c c:/program files (x86)/gnu arm embedded toolchain/10 2021.10/bin/../lib/gcc/arm-none-eabi/10.3.1\libgcc.a(_divsi3.o)
 .ARM.attributes
                0x00000130       0x1c c:/program files (x86)/gnu arm embedded toolchain/10 2021.10/bin/../lib/gcc/arm-none-eabi/10.3.1\libgcc.a(_dvmd_tls.o)

.comment        0x00000000       0x49
 .comment       0x00000000       0x49 C:/dev/System23/freetribe/build/debug_bringup/obj/cpu/src/debug_bringup.c.o
                                 0x4a (size before relaxing)
 .comment       0x00000049       0x4a C:/dev/System23/freetribe/build/debug_bringup/obj/cpu/src/kernel/system/startup.c.o
 .comment       0x00000049       0x4a C:/dev/System23/freetribe/build/debug_bringup/obj/cpu/src/kernel/peripheral/per_ddr.c.o
 .comment       0x00000049       0x4a C:/dev/System23/freetribe/build/debug_bringup/obj/cpu/lib/am1802-csl/src/csl_psc.c.o
 .comment       0x00000049       0x4a C:/dev/System23/freetribe/build/debug_bringup/obj/cpu/lib/am1802-csl/src/csl_syscfg.c.o

.debug_info     0x00000000     0x1088
 .debug_info    0x00000000      0x10b C:/dev/System23/freetribe/build/debug_bringup/obj/cpu/src/debug_bringup.c.o
 .debug_info    0x0000010b      0xbd0 C:/dev/System23/freetribe/build/debug_bringup/obj/cpu/src/kernel/system/startup.c.o
 .debug_info    0x00000cdb      0x27a C:/dev/System23/freetribe/build/debug_bringup/obj/cpu/src/kernel/peripheral/per_ddr.c.o
 .debug_info    0x00000f55       0xe2 C:/dev/System23/freetribe/build/debug_bringup/obj/cpu/lib/am1802-csl/src/csl_psc.c.o
 .debug_info    0x00001037       0x51 C:/dev/System23/freetribe/build/debug_bringup/obj/cpu/lib/am1802-csl/src/csl_syscfg.c.o

.debug_abbrev   0x00000000      0x491
 .debug_abbrev  0x00000000       0x6a C:/dev/System23/freetribe/build/debug_bringup/obj/cpu/src/debug_bringup.c.o
 .debug_abbrev  0x0000006a      0x261 C:/dev/System23/freetribe/build/debug_bringup/obj/cpu/src/kernel/system/startup.c.o
 .debug_abbrev  0x000002cb      0x105 C:/dev/System23/freetribe/build/debug_bringup/obj/cpu/src/kernel/peripheral/per_ddr.c.o
 .debug_abbrev  0x000003d0       0x88 C:/dev/System23/freetribe/build/debug_bringup/obj/cpu/lib/am1802-csl/src/csl_psc.c.o
 .debug_abbrev  0x00000458       0x39 C:/dev/System23/freetribe/build/debug_bringup/obj/cpu/lib/am1802-csl/src/csl_syscfg.c.o

.debug_aranges  0x00000000       0xe0
 .debug_aranges
                0x00000000       0x20 C:/dev/System23/freetribe/build/debug_bringup/obj/cpu/src/debug_bringup.c.o
 .debug_aranges
                0x00000020       0x48 C:/dev/System23/freetribe/build/debug_bringup/obj/cpu/src/kernel/system/startup.c.o
 .debug_aranges
                0x00000068       0x30 C:/dev/System23/freetribe/build/debug_bringup/obj/cpu/src/kernel/peripheral/per_ddr.c.o
 .debug_aranges
                0x00000098       0x20 C:/dev/System23/freetribe/build/debug_bringup/obj/cpu/lib/am1802-csl/src/csl_psc.c.o
 .debug_aranges
                0x000000b8       0x28 C:/dev/System23/freetribe/build/debug_bringup/obj/cpu/lib/am1802-csl/src/csl_syscfg.c.o

.debug_ranges   0x00000000       0xd0
 .debug_ranges  0x00000000       0x10 C:/dev/System23/freetribe/build/debug_bringup/obj/cpu/src/debug_bringup.c.o
 .debug_ranges  0x00000010       0x78 C:/dev/System23/freetribe/build/debug_bringup/obj/cpu/src/kernel/system/startup.c.o
 .debug_ranges  0x00000088       0x20 C:/dev/System23/freetribe/build/debug_bringup/obj/cpu/src/kernel/peripheral/per_ddr.c.o
 .debug_ranges  0x000000a8       0x10 C:/dev/System23/freetribe/build/debug_bringup/obj/cpu/lib/am1802-csl/src/csl_psc.c.o
 .debug_ranges  0x000000b8       0x18 C:/dev/System23/freetribe/build/debug_bringup/obj/cpu/lib/am1802-csl/src/csl_syscfg.c.o

.debug_line     0x00000000      0xd2c
 .debug_line    0x00000000       0xfa C:/dev/System23/freetribe/build/debug_bringup/obj/cpu/src/debug_bringup.c.o
 .debug_line    0x000000fa      0x655 C:/dev/System23/freetribe/build/debug_bringup/obj/cpu/src/kernel/system/startup.c.o
 .debug_line    0x0000074f      0x3b6 C:/dev/System23/freetribe/build/debug_bringup/obj/cpu/src/kernel/peripheral/per_ddr.c.o
 .debug_line    0x00000b05      0x182 C:/dev/System23/freetribe/build/debug_bringup/obj/cpu/lib/am1802-csl/src/csl_psc.c.o
 .debug_line    0x00000c87       0xa5 C:/dev/System23/freetribe/build/debug_bringup/obj/cpu/lib/am1802-csl/src/csl_syscfg.c.o

.debug_str      0x00000000      0x801
 .debug_str     0x00000000      0x151 C:/dev/System23/freetribe/build/debug_bringup/obj/cpu/src/debug_bringup.c.o
                                0x157 (size before relaxing)
 .debug_str     0x00000151      0x502 C:/dev/System23/freetribe/build/debug_bringup/obj/cpu/src/kernel/system/startup.c.o
                                0x64f (size before relaxing)
 .debug_str     0x00000653       0xb3 C:/dev/System23/freetribe/build/debug_bringup/obj/cpu/src/kernel/peripheral/per_ddr.c.o
                                0x398 (size before relaxing)
 .debug_str     0x00000706       0xbd C:/dev/System23/freetribe/build/debug_bringup/obj/cpu/lib/am1802-csl/src/csl_psc.c.o
                                0x17f (size before relaxing)
 .debug_str     0x000007c3       0x3e C:/dev/System23/freetribe/build/debug_bringup/obj/cpu/lib/am1802-csl/src/csl_syscfg.c.o
                                0x155 (size before relaxing)

.debug_frame    0x00000000      0x1b8
 .debug_frame   0x00000000       0x20 C:/dev/System23/freetribe/build/debug_bringup/obj/cpu/src/debug_bringup.c.o
 .debug_frame   0x00000020       0xb0 C:/dev/System23/freetribe/build/debug_bringup/obj/cpu/src/kernel/system/startup.c.o
 .debug_frame   0x000000d0       0x4c C:/dev/System23/freetribe/build/debug_bringup/obj/cpu/src/kernel/peripheral/per_ddr.c.o
 .debug_frame   0x0000011c       0x2c C:/dev/System23/freetribe/build/debug_bringup/obj/cpu/lib/am1802-csl/src/csl_psc.c.o
 .debug_frame   0x00000148       0x30 C:/dev/System23/freetribe/build/debug_bringup/obj/cpu/lib/am1802-csl/src/csl_syscfg.c.o
 .debug_frame   0x00000178       0x20 c:/program files (x86)/gnu arm embedded toolchain/10 2021.10/bin/../lib/gcc/arm-none-eabi/10.3.1\libgcc.a(_udivsi3.o)
 .debug_frame   0x00000198       0x20 c:/program files (x86)/gnu arm embedded toolchain/10 2021.10/bin/../lib/gcc/arm-none-eabi/10.3.1\libgcc.a(_divsi3.o)

.debug_loc      0x00000000      0x4e6
 .debug_loc     0x00000000      0x2b5 C:/dev/System23/freetribe/build/debug_bringup/obj/cpu/src/kernel/system/startup.c.o
 .debug_loc     0x000002b5       0xe1 C:/dev/System23/freetribe/build/debug_bringup/obj/cpu/src/kernel/peripheral/per_ddr.c.o
 .debug_loc     0x00000396      0x150 C:/dev/System23/freetribe/build/debug_bringup/obj/cpu/lib/am1802-csl/src/csl_psc.c.o
