C:/dev/System23/freetribe/cpu/src/bootloader/file_browser.c:238:13:_move_last_item_before_files	296	static
C:/dev/System23/freetribe/cpu/src/bootloader/file_browser.c:356:13:_refresh_view	40	static
C:/dev/System23/freetribe/cpu/src/bootloader/file_browser.c:427:13:_set_error	8	static
C:/dev/System23/freetribe/cpu/src/bootloader/file_browser.c:565:13:_seek_file	8	static
C:/dev/System23/freetribe/cpu/src/bootloader/file_browser.c:450:13:_build_child_path.constprop	16	static
C:/dev/System23/freetribe/cpu/src/bootloader/file_browser.c:214:19:_append_cached_item.isra	16	static
C:/dev/System23/freetribe/cpu/src/bootloader/file_browser.c:395:13:_has_extension	16	static
C:/dev/System23/freetribe/cpu/src/bootloader/file_browser.c:278:13:_show_flash_only_view	16	static
C:/dev/System23/freetribe/cpu/src/bootloader/file_browser.c:319:13:_unmount_sdcard	8	static
C:/dev/System23/freetribe/cpu/src/bootloader/file_browser.c:160:13:_load_current_dir	24	static
C:/dev/System23/freetribe/cpu/src/bootloader/file_browser.c:442:13:_set_current_dir	8	static
C:/dev/System23/freetribe/cpu/src/bootloader/file_browser.c:296:13:_mount_sdcard	8	static
C:/dev/System23/freetribe/cpu/src/bootloader/file_browser.c:809:13:_action_open	664	static
C:/dev/System23/freetribe/cpu/src/bootloader/file_browser.c:775:13:_button_callback	0	static
C:/dev/System23/freetribe/cpu/src/bootloader/file_browser.c:756:13:_encoder_callback	8	static
C:/dev/System23/freetribe/cpu/src/bootloader/file_browser.c:133:6:file_browser_init	8	static
C:/dev/System23/freetribe/cpu/src/bootloader/file_browser.c:149:18:file_browser_get_view	0	static
C:/dev/System23/freetribe/cpu/src/bootloader/file_browser.c:153:6:file_browser_tick	8	static
