C:/dev/System23/freetribe/cpu/src/bootloader/gui.c:175:13:_put_pixel	4	static
C:/dev/System23/freetribe/cpu/src/bootloader/gui.c:195:17:_boot_effect_rand	0	static
C:/dev/System23/freetribe/cpu/src/bootloader/gui.c:270:13:_xor_framebuffer_column	12	static
C:/dev/System23/freetribe/cpu/src/bootloader/gui.c:340:13:_draw_popup	104	static
C:/dev/System23/freetribe/cpu/src/bootloader/gui.c:479:13:_append_text.constprop	16	static
C:/dev/System23/freetribe/cpu/src/bootloader/gui.c:115:6:gui_init	8	static
C:/dev/System23/freetribe/cpu/src/bootloader/gui.c:133:6:gui_tick	80	static
C:/dev/System23/freetribe/cpu/src/bootloader/gui.c:151:6:gui_show_message_box	8	static
C:/dev/System23/freetribe/cpu/src/bootloader/gui.c:159:6:gui_boot_effect_begin	0	static
C:/dev/System23/freetribe/cpu/src/bootloader/gui.c:166:6:gui_boot_effect_step	40	static
