C:/dev/System23/freetribe/cpu/src/apps/monosynth/gui_task.c:225:17:_init	24	static
C:/dev/System23/freetribe/cpu/src/apps/monosynth/gui_task.c:322:13:_put_pixel	8	static
C:/dev/System23/freetribe/cpu/src/apps/monosynth/gui_task.c:138:6:gui_post	40	static
C:/dev/System23/freetribe/cpu/src/apps/monosynth/gui_task.c:154:6:gui_print	40	static
C:/dev/System23/freetribe/cpu/src/apps/monosynth/gui_task.c:171:6:gui_print_int	24	static
C:/dev/System23/freetribe/cpu/src/apps/monosynth/gui_task.c:191:6:gui_post_param	32	static
C:/dev/System23/freetribe/cpu/src/apps/monosynth/gui_task.c:208:6:gui_draw_line	40	static
C:/dev/System23/freetribe/cpu/src/apps/monosynth/gui_task.c:277:10:_parse_event	16	static
C:/dev/System23/freetribe/cpu/src/apps/monosynth/gui_task.c:266:13:_run	40	static
C:/dev/System23/freetribe/cpu/src/apps/monosynth/gui_task.c:103:6:gui_task	8	static
