C:/dev/System23/freetribe/cpu/src/apps/monosynth/monosynth.c:197:13:_profile_callback	24	static
C:/dev/System23/freetribe/cpu/src/apps/monosynth/monosynth.c:183:13:_tick_callback	8	static
C:/dev/System23/freetribe/cpu/src/apps/monosynth/monosynth.c:389:13:_trigger_callback	16	static
C:/dev/System23/freetribe/cpu/src/apps/monosynth/monosynth.c:321:13:_encoder_callback	8	static
C:/dev/System23/freetribe/cpu/src/apps/monosynth/monosynth.c:516:13:_set_mod_depth	8	static
C:/dev/System23/freetribe/cpu/src/apps/monosynth/monosynth.c:540:13:_set_mod_speed	8	static
C:/dev/System23/freetribe/cpu/src/apps/monosynth/monosynth.c:226:13:_knob_callback	8	static
C:/dev/System23/freetribe/cpu/src/apps/monosynth/monosynth.c:479:13:_set_filter_type	8	static
C:/dev/System23/freetribe/cpu/src/apps/monosynth/monosynth.c:428:13:_button_callback	8	static
C:/dev/System23/freetribe/cpu/src/apps/monosynth/monosynth.c:564:13:_lut_init	8	static
C:/dev/System23/freetribe/cpu/src/apps/monosynth/monosynth.c:142:10:app_init	24	static
C:/dev/System23/freetribe/cpu/src/apps/monosynth/monosynth.c:179:6:app_run	8	static
