C:/dev/System23/freetribe/cpu/src/kernel/knl_main.c:203:13:_create_user_event_queue	8	static
C:/dev/System23/freetribe/cpu/src/kernel/knl_main.c:214:13:_init_services	8	static
C:/dev/System23/freetribe/cpu/src/kernel/knl_main.c:249:13:_held_buttons_callback	8	static
C:/dev/System23/freetribe/cpu/src/kernel/knl_main.c:241:13:_panel_ack_callback	8	static
C:/dev/System23/freetribe/cpu/src/kernel/knl_main.c:226:13:_register_service_callbacks	8	static
C:/dev/System23/freetribe/cpu/src/kernel/knl_main.c:301:13:_take_user_tick_pending	8	static
C:/dev/System23/freetribe/cpu/src/kernel/knl_main.c:315:13:_clear_user_tick_pending	8	static
C:/dev/System23/freetribe/cpu/src/kernel/knl_main.c:291:13:_user_tick_event	8	static
C:/dev/System23/freetribe/cpu/src/kernel/knl_main.c:257:13:_print_callback	8	static
C:/dev/System23/freetribe/cpu/src/kernel/knl_main.c:329:13:_create_task	16	static
C:/dev/System23/freetribe/cpu/src/kernel/knl_main.c:234:13:_create_service_tasks	8	static
C:/dev/System23/freetribe/cpu/src/kernel/knl_main.c:322:13:_notify_user_task	16	static
C:/dev/System23/freetribe/cpu/src/kernel/knl_main.c:137:6:knl_init	8	static
C:/dev/System23/freetribe/cpu/src/kernel/knl_main.c:145:6:knl_register_user_task	8	static
C:/dev/System23/freetribe/cpu/src/kernel/knl_main.c:150:6:knl_post_user_event	40	static
C:/dev/System23/freetribe/cpu/src/kernel/knl_main.c:277:13:_post_user_tick_event	8	static
C:/dev/System23/freetribe/cpu/src/kernel/knl_main.c:259:13:_systick_callback	8	static
C:/dev/System23/freetribe/cpu/src/kernel/knl_main.c:175:6:knl_user_event_process	32	static
C:/dev/System23/freetribe/cpu/src/kernel/knl_main.c:192:6:knl_register_user_tick_callback	0	static
