C:/dev/System23/freetribe/cpu/src/bootloader/usb/usb_descriptors.c:123:16:tud_descriptor_device_cb	0	static
C:/dev/System23/freetribe/cpu/src/bootloader/usb/usb_descriptors.c:127:16:tud_descriptor_device_qualifier_cb	0	static
C:/dev/System23/freetribe/cpu/src/bootloader/usb/usb_descriptors.c:131:16:tud_descriptor_configuration_cb	8	static
C:/dev/System23/freetribe/cpu/src/bootloader/usb/usb_descriptors.c:138:16:tud_descriptor_other_speed_configuration_cb	8	static
C:/dev/System23/freetribe/cpu/src/bootloader/usb/usb_descriptors.c:151:17:tud_descriptor_string_cb	0	static
