C:/dev/System23/freetribe/cpu/src/bootloader/usb/usb_descriptors.c:151:11:tud_descriptor_device_cb	0	static
C:/dev/System23/freetribe/cpu/src/bootloader/usb/usb_descriptors.c:155:11:tud_descriptor_device_qualifier_cb	0	static
C:/dev/System23/freetribe/cpu/src/bootloader/usb/usb_descriptors.c:159:11:tud_descriptor_configuration_cb	8	static
C:/dev/System23/freetribe/cpu/src/bootloader/usb/usb_descriptors.c:166:11:tud_descriptor_other_speed_configuration_cb	8	static
C:/dev/System23/freetribe/cpu/src/bootloader/usb/usb_descriptors.c:179:12:tud_descriptor_string_cb	0	static
