Archive member included to satisfy reference by file (symbol)

c:/program files (x86)/gnu arm embedded toolchain/10 2021.10/bin/../lib/gcc/arm-none-eabi/10.3.1/../../../../arm-none-eabi/lib\libm.a(lib_a-s_ceil.o)
                              C:/dev/System23/freetribe/build/kernel/obj/cpu/lib/LEAF/leaf/Src/leaf-analysis.c.o (ceil)
c:/program files (x86)/gnu arm embedded toolchain/10 2021.10/bin/../lib/gcc/arm-none-eabi/10.3.1/../../../../arm-none-eabi/lib\libm.a(lib_a-s_fmax.o)
                              C:/dev/System23/freetribe/build/kernel/obj/cpu/lib/LEAF/leaf/Src/leaf-analysis.c.o (fmax)
c:/program files (x86)/gnu arm embedded toolchain/10 2021.10/bin/../lib/gcc/arm-none-eabi/10.3.1/../../../../arm-none-eabi/lib\libm.a(lib_a-s_fmin.o)
                              C:/dev/System23/freetribe/build/kernel/obj/cpu/lib/LEAF/leaf/Src/leaf-analysis.c.o (fmin)
c:/program files (x86)/gnu arm embedded toolchain/10 2021.10/bin/../lib/gcc/arm-none-eabi/10.3.1/../../../../arm-none-eabi/lib\libm.a(lib_a-s_fpclassify.o)
                              c:/program files (x86)/gnu arm embedded toolchain/10 2021.10/bin/../lib/gcc/arm-none-eabi/10.3.1/../../../../arm-none-eabi/lib\libm.a(lib_a-s_fmax.o) (__fpclassifyd)
c:/program files (x86)/gnu arm embedded toolchain/10 2021.10/bin/../lib/gcc/arm-none-eabi/10.3.1/../../../../arm-none-eabi/lib\libm.a(lib_a-s_tan.o)
                              C:/dev/System23/freetribe/build/kernel/obj/cpu/lib/LEAF/leaf/Src/leaf-filters.c.o (tan)
c:/program files (x86)/gnu arm embedded toolchain/10 2021.10/bin/../lib/gcc/arm-none-eabi/10.3.1/../../../../arm-none-eabi/lib\libm.a(lib_a-sf_atan.o)
                              C:/dev/System23/freetribe/build/kernel/obj/cpu/lib/LEAF/leaf/Src/leaf-effects.c.o (atanf)
c:/program files (x86)/gnu arm embedded toolchain/10 2021.10/bin/../lib/gcc/arm-none-eabi/10.3.1/../../../../arm-none-eabi/lib\libm.a(lib_a-sf_ceil.o)
                              C:/dev/System23/freetribe/build/kernel/obj/cpu/lib/LEAF/leaf/Src/leaf-vocal.c.o (ceilf)
c:/program files (x86)/gnu arm embedded toolchain/10 2021.10/bin/../lib/gcc/arm-none-eabi/10.3.1/../../../../arm-none-eabi/lib\libm.a(lib_a-sf_cos.o)
                              C:/dev/System23/freetribe/build/kernel/obj/cpu/lib/LEAF/leaf/Src/leaf-analysis.c.o (cosf)
c:/program files (x86)/gnu arm embedded toolchain/10 2021.10/bin/../lib/gcc/arm-none-eabi/10.3.1/../../../../arm-none-eabi/lib\libm.a(lib_a-sf_fabs.o)
                              c:/program files (x86)/gnu arm embedded toolchain/10 2021.10/bin/../lib/gcc/arm-none-eabi/10.3.1/../../../../arm-none-eabi/lib\libm.a(lib_a-sf_atan.o) (fabsf)
c:/program files (x86)/gnu arm embedded toolchain/10 2021.10/bin/../lib/gcc/arm-none-eabi/10.3.1/../../../../arm-none-eabi/lib\libm.a(lib_a-sf_floor.o)
                              C:/dev/System23/freetribe/build/kernel/obj/cpu/lib/LEAF/leaf/Src/leaf-vocal.c.o (floorf)
c:/program files (x86)/gnu arm embedded toolchain/10 2021.10/bin/../lib/gcc/arm-none-eabi/10.3.1/../../../../arm-none-eabi/lib\libm.a(lib_a-sf_fma.o)
                              C:/dev/System23/freetribe/build/kernel/obj/cpu/lib/LEAF/leaf/Src/leaf-vocal.c.o (fmaf)
c:/program files (x86)/gnu arm embedded toolchain/10 2021.10/bin/../lib/gcc/arm-none-eabi/10.3.1/../../../../arm-none-eabi/lib\libm.a(lib_a-sf_fmax.o)
                              C:/dev/System23/freetribe/build/kernel/obj/cpu/lib/LEAF/leaf/Src/leaf-analysis.c.o (fmaxf)
c:/program files (x86)/gnu arm embedded toolchain/10 2021.10/bin/../lib/gcc/arm-none-eabi/10.3.1/../../../../arm-none-eabi/lib\libm.a(lib_a-sf_fmin.o)
                              C:/dev/System23/freetribe/build/kernel/obj/cpu/lib/LEAF/leaf/Src/leaf-sampling.c.o (fminf)
c:/program files (x86)/gnu arm embedded toolchain/10 2021.10/bin/../lib/gcc/arm-none-eabi/10.3.1/../../../../arm-none-eabi/lib\libm.a(lib_a-sf_fpclassify.o)
                              c:/program files (x86)/gnu arm embedded toolchain/10 2021.10/bin/../lib/gcc/arm-none-eabi/10.3.1/../../../../arm-none-eabi/lib\libm.a(lib_a-sf_fmax.o) (__fpclassifyf)
c:/program files (x86)/gnu arm embedded toolchain/10 2021.10/bin/../lib/gcc/arm-none-eabi/10.3.1/../../../../arm-none-eabi/lib\libm.a(lib_a-sf_frexp.o)
                              C:/dev/System23/freetribe/build/kernel/obj/cpu/lib/LEAF/leaf/Src/leaf-dynamics.c.o (frexpf)
c:/program files (x86)/gnu arm embedded toolchain/10 2021.10/bin/../lib/gcc/arm-none-eabi/10.3.1/../../../../arm-none-eabi/lib\libm.a(lib_a-sf_lrint.o)
                              C:/dev/System23/freetribe/build/kernel/obj/cpu/lib/LEAF/leaf/Src/leaf-math.c.o (lrintf)
c:/program files (x86)/gnu arm embedded toolchain/10 2021.10/bin/../lib/gcc/arm-none-eabi/10.3.1/../../../../arm-none-eabi/lib\libm.a(lib_a-sf_round.o)
                              C:/dev/System23/freetribe/build/kernel/obj/cpu/lib/LEAF/leaf/Src/leaf-analysis.c.o (roundf)
[...]
Memory Configuration

Name             Origin             Length             Attributes
OC_RAM           0x80000000         0x00020000         xrw
EXT_RAM          0xc0000000         0x04000000         xrw
ARM_RAM          0xffff0000         0x00002000         xrw
*default*        0x00000000         0xffffffff

Linker script and memory map

LOAD c:/program files (x86)/gnu arm embedded toolchain/10 2021.10/bin/../lib/gcc/arm-none-eabi/10.3.1/crti.o
LOAD c:/program files (x86)/gnu arm embedded toolchain/10 2021.10/bin/../lib/gcc/arm-none-eabi/10.3.1/crtbegin.o
LOAD c:/program files (x86)/gnu arm embedded toolchain/10 2021.10/bin/../lib/gcc/arm-none-eabi/10.3.1/../../../../arm-none-eabi/lib/crt0.o
LOAD C:/dev/System23/freetribe/build/kernel/obj/common/ft_error.c.o
LOAD C:/dev/System23/freetribe/build/kernel/obj/common/ring_buffer.c.o
LOAD C:/dev/System23/freetribe/build/kernel/obj/common/utils.c.o
LOAD C:/dev/System23/freetribe/build/kernel/obj/cpu/src/api/freetribe.c.o
LOAD C:/dev/System23/freetribe/build/kernel/obj/cpu/src/kernel/device/dev_board.c.o
LOAD C:/dev/System23/freetribe/build/kernel/obj/cpu/src/kernel/device/dev_dsp.c.o
LOAD C:/dev/System23/freetribe/build/kernel/obj/cpu/src/kernel/device/dev_dsp_ipc.c.o
LOAD C:/dev/System23/freetribe/build/kernel/obj/cpu/src/kernel/device/dev_flash.c.o
LOAD C:/dev/System23/freetribe/build/kernel/obj/cpu/src/kernel/device/dev_lcd.c.o
LOAD C:/dev/System23/freetribe/build/kernel/obj/cpu/src/kernel/device/dev_mcu.c.o
LOAD C:/dev/System23/freetribe/build/kernel/obj/cpu/src/kernel/device/dev_sdcard.c.o
LOAD C:/dev/System23/freetribe/build/kernel/obj/cpu/src/kernel/device/dev_trs.c.o
LOAD C:/dev/System23/freetribe/build/kernel/obj/cpu/src/kernel/device/dev_usb.c.o
LOAD C:/dev/System23/freetribe/build/kernel/obj/cpu/src/kernel/knl_main.c.o
LOAD C:/dev/System23/freetribe/build/kernel/obj/cpu/src/kernel/main.c.o
LOAD C:/dev/System23/freetribe/build/kernel/obj/cpu/src/kernel/peripheral/per_aintc.c.o
LOAD C:/dev/System23/freetribe/build/kernel/obj/cpu/src/kernel/peripheral/per_ddr.c.o
LOAD C:/dev/System23/freetribe/build/kernel/obj/cpu/src/kernel/peripheral/per_emifa.c.o
LOAD C:/dev/System23/freetribe/build/kernel/obj/cpu/src/kernel/peripheral/per_gpio.c.o
LOAD C:/dev/System23/freetribe/build/kernel/obj/cpu/src/kernel/peripheral/per_mmcsd.c.o
LOAD C:/dev/System23/freetribe/build/kernel/obj/cpu/src/kernel/peripheral/per_mmcsd_prot.c.o
LOAD C:/dev/System23/freetribe/build/kernel/obj/cpu/src/kernel/peripheral/per_mpu.c.o
LOAD C:/dev/System23/freetribe/build/kernel/obj/cpu/src/kernel/peripheral/per_pinmux.c.o
LOAD C:/dev/System23/freetribe/build/kernel/obj/cpu/src/kernel/peripheral/per_spi.c.o
LOAD C:/dev/System23/freetribe/build/kernel/obj/cpu/src/kernel/peripheral/per_timer.c.o
LOAD C:/dev/System23/freetribe/build/kernel/obj/cpu/src/kernel/peripheral/per_uart.c.o
LOAD C:/dev/System23/freetribe/build/kernel/obj/cpu/src/kernel/peripheral/per_usb.c.o
LOAD C:/dev/System23/freetribe/build/kernel/obj/cpu/src/kernel/service/svc_clock.c.o
LOAD C:/dev/System23/freetribe/build/kernel/obj/cpu/src/kernel/service/svc_delay.c.o
LOAD C:/dev/System23/freetribe/build/kernel/obj/cpu/src/kernel/service/svc_display.c.o
LOAD C:/dev/System23/freetribe/build/kernel/obj/cpu/src/kernel/service/svc_dsp.c.o
LOAD C:/dev/System23/freetribe/build/kernel/obj/cpu/src/kernel/service/svc_fatfs.c.o
LOAD C:/dev/System23/freetribe/build/kernel/obj/cpu/src/kernel/service/svc_logger.c.o
LOAD C:/dev/System23/freetribe/build/kernel/obj/cpu/src/kernel/service/svc_midi.c.o
LOAD C:/dev/System23/freetribe/build/kernel/obj/cpu/src/kernel/service/svc_panel.c.o
LOAD C:/dev/System23/freetribe/build/kernel/obj/cpu/src/kernel/service/svc_sysex.c.o
LOAD C:/dev/System23/freetribe/build/kernel/obj/cpu/src/kernel/service/svc_system.c.o
LOAD C:/dev/System23/freetribe/build/kernel/obj/cpu/src/kernel/service/svc_systick.c.o
LOAD C:/dev/System23/freetribe/build/kernel/obj/cpu/src/kernel/service/svc_usb.c.o
LOAD C:/dev/System23/freetribe/build/kernel/obj/cpu/src/kernel/service/usb/usb_descriptors.c.o
LOAD C:/dev/System23/freetribe/build/kernel/obj/cpu/src/kernel/system/exceptionhandler.S.o
LOAD C:/dev/System23/freetribe/build/kernel/obj/cpu/src/kernel/system/freertos_heap.c.o
LOAD C:/dev/System23/freetribe/build/kernel/obj/cpu/src/kernel/system/heap_4.c.o
LOAD C:/dev/System23/freetribe/build/kernel/obj/cpu/src/kernel/system/init.S.o
LOAD C:/dev/System23/freetribe/build/kernel/obj/cpu/src/kernel/system/startup.c.o
LOAD C:/dev/System23/freetribe/build/kernel/obj/cpu/src/kernel/system/syscalls.c.o
LOAD C:/dev/System23/freetribe/build/kernel/obj/cpu/src/user/usr_main.c.o
LOAD C:/dev/System23/freetribe/build/kernel/obj/cpu/lib/keyboard.c.o
LOAD C:/dev/System23/freetribe/build/kernel/obj/cpu/lib/micro_menu.c.o
LOAD C:/dev/System23/freetribe/build/kernel/obj/cpu/lib/midi_fsm.c.o
LOAD C:/dev/System23/freetribe/build/kernel/obj/cpu/lib/sysex_codec.c.o
LOAD C:/dev/System23/freetribe/build/kernel/obj/cpu/lib/LEAF/leaf/Externals/d_fft_mayer.c.o
LOAD C:/dev/System23/freetribe/build/kernel/obj/cpu/lib/LEAF/leaf/Src/leaf-analysis.c.o
LOAD C:/dev/System23/freetribe/build/kernel/obj/cpu/lib/LEAF/leaf/Src/leaf-delay.c.o
LOAD C:/dev/System23/freetribe/build/kernel/obj/cpu/lib/LEAF/leaf/Src/leaf-distortion.c.o
LOAD C:/dev/System23/freetribe/build/kernel/obj/cpu/lib/LEAF/leaf/Src/leaf-dynamics.c.o
LOAD C:/dev/System23/freetribe/build/kernel/obj/cpu/lib/LEAF/leaf/Src/leaf-effects.c.o
LOAD C:/dev/System23/freetribe/build/kernel/obj/cpu/lib/LEAF/leaf/Src/leaf-electrical.c.o
LOAD C:/dev/System23/freetribe/build/kernel/obj/cpu/lib/LEAF/leaf/Src/leaf-envelopes.c.o
LOAD C:/dev/System23/freetribe/build/kernel/obj/cpu/lib/LEAF/leaf/Src/leaf-filters.c.o
LOAD C:/dev/System23/freetribe/build/kernel/obj/cpu/lib/LEAF/leaf/Src/leaf-instruments.c.o
LOAD C:/dev/System23/freetribe/build/kernel/obj/cpu/lib/LEAF/leaf/Src/leaf-math.c.o
LOAD C:/dev/System23/freetribe/build/kernel/obj/cpu/lib/LEAF/leaf/Src/leaf-mempool.c.o
LOAD C:/dev/System23/freetribe/build/kernel/obj/cpu/lib/LEAF/leaf/Src/leaf-midi.c.o
LOAD C:/dev/System23/freetribe/build/kernel/obj/cpu/lib/LEAF/leaf/Src/leaf-oscillators.c.o
LOAD C:/dev/System23/freetribe/build/kernel/obj/cpu/lib/LEAF/leaf/Src/leaf-physical.c.o
LOAD C:/dev/System23/freetribe/build/kernel/obj/cpu/lib/LEAF/leaf/Src/leaf-reverb.c.o
LOAD C:/dev/System23/freetribe/build/kernel/obj/cpu/lib/LEAF/leaf/Src/leaf-sampling.c.o
LOAD C:/dev/System23/freetribe/build/kernel/obj/cpu/lib/LEAF/leaf/Src/leaf-tables.c.o
LOAD C:/dev/System23/freetribe/build/kernel/obj/cpu/lib/LEAF/leaf/Src/leaf-vocal.c.o
LOAD C:/dev/System23/freetribe/build/kernel/obj/cpu/lib/LEAF/leaf/Src/leaf.c.o
LOAD C:/dev/System23/freetribe/build/kernel/obj/cpu/lib/FatFS/ff.c.o
LOAD C:/dev/System23/freetribe/build/kernel/obj/cpu/lib/FatFS/ffsystem.c.o
LOAD C:/dev/System23/freetribe/build/kernel/obj/cpu/lib/FatFS/ffunicode.c.o
LOAD C:/dev/System23/freetribe/build/kernel/obj/cpu/lib/UGUI/Fonts/arial_10X13.c.o
LOAD C:/dev/System23/freetribe/build/kernel/obj/cpu/lib/UGUI/Fonts/arial_10X13_cyrillic.c.o
LOAD C:/dev/System23/freetribe/build/kernel/obj/cpu/lib/UGUI/Fonts/arial_12X15.c.o
LOAD C:/dev/System23/freetribe/build/kernel/obj/cpu/lib/UGUI/Fonts/arial_12X15_cyrillic.c.o
LOAD C:/dev/System23/freetribe/build/kernel/obj/cpu/lib/UGUI/Fonts/arial_16X18.c.o
LOAD C:/dev/System23/freetribe/build/kernel/obj/cpu/lib/UGUI/Fonts/arial_16X18_cyrillic.c.o
LOAD C:/dev/System23/freetribe/build/kernel/obj/cpu/lib/UGUI/Fonts/arial_20X23.c.o
LOAD C:/dev/System23/freetribe/build/kernel/obj/cpu/lib/UGUI/Fonts/arial_20X23_cyrillic.c.o
LOAD C:/dev/System23/freetribe/build/kernel/obj/cpu/lib/UGUI/Fonts/arial_25X28.c.o
LOAD C:/dev/System23/freetribe/build/kernel/obj/cpu/lib/UGUI/Fonts/arial_25X28_cyrillic.c.o
LOAD C:/dev/System23/freetribe/build/kernel/obj/cpu/lib/UGUI/Fonts/arial_29X35.c.o
LOAD C:/dev/System23/freetribe/build/kernel/obj/cpu/lib/UGUI/Fonts/arial_29X35_cyrillic.c.o
LOAD C:/dev/System23/freetribe/build/kernel/obj/cpu/lib/UGUI/Fonts/arial_35X40.c.o
LOAD C:/dev/System23/freetribe/build/kernel/obj/cpu/lib/UGUI/Fonts/arial_35X40_cyrillic.c.o
LOAD C:/dev/System23/freetribe/build/kernel/obj/cpu/lib/UGUI/Fonts/arial_39X45.c.o
LOAD C:/dev/System23/freetribe/build/kernel/obj/cpu/lib/UGUI/Fonts/arial_39X45_cyrillic.c.o
LOAD C:/dev/System23/freetribe/build/kernel/obj/cpu/lib/UGUI/Fonts/arial_45X52.c.o
LOAD C:/dev/System23/freetribe/build/kernel/obj/cpu/lib/UGUI/Fonts/arial_45X52_cyrillic.c.o
LOAD C:/dev/System23/freetribe/build/kernel/obj/cpu/lib/UGUI/Fonts/arial_49X57.c.o
LOAD C:/dev/System23/freetribe/build/kernel/obj/cpu/lib/UGUI/Fonts/arial_49X57_cyrillic.c.o
LOAD C:/dev/System23/freetribe/build/kernel/obj/cpu/lib/UGUI/Fonts/arial_6X6.c.o
LOAD C:/dev/System23/freetribe/build/kernel/obj/cpu/lib/UGUI/Fonts/arial_6X6_cyrillic.c.o
LOAD C:/dev/System23/freetribe/build/kernel/obj/cpu/lib/UGUI/Fonts/arial_9X10.c.o
LOAD C:/dev/System23/freetribe/build/kernel/obj/cpu/lib/UGUI/Fonts/arial_9X10_cyrillic.c.o
LOAD C:/dev/System23/freetribe/build/kernel/obj/cpu/lib/UGUI/Fonts/font_10x16.c.o
LOAD C:/dev/System23/freetribe/build/kernel/obj/cpu/lib/UGUI/Fonts/font_12x16.c.o
LOAD C:/dev/System23/freetribe/build/kernel/obj/cpu/lib/UGUI/Fonts/font_12x20.c.o
LOAD C:/dev/System23/freetribe/build/kernel/obj/cpu/lib/UGUI/Fonts/font_16x26.c.o
LOAD C:/dev/System23/freetribe/build/kernel/obj/cpu/lib/UGUI/Fonts/font_22x36.c.o
LOAD C:/dev/System23/freetribe/build/kernel/obj/cpu/lib/UGUI/Fonts/font_24x40.c.o
LOAD C:/dev/System23/freetribe/build/kernel/obj/cpu/lib/UGUI/Fonts/font_32x53.c.o
LOAD C:/dev/System23/freetribe/build/kernel/obj/cpu/lib/UGUI/Fonts/font_4x6.c.o
LOAD C:/dev/System23/freetribe/build/kernel/obj/cpu/lib/UGUI/Fonts/font_5x12.c.o
LOAD C:/dev/System23/freetribe/build/kernel/obj/cpu/lib/UGUI/Fonts/font_5x8.c.o
LOAD C:/dev/System23/freetribe/build/kernel/obj/cpu/lib/UGUI/Fonts/font_6x10.c.o
LOAD C:/dev/System23/freetribe/build/kernel/obj/cpu/lib/UGUI/Fonts/font_6x8.c.o
LOAD C:/dev/System23/freetribe/build/kernel/obj/cpu/lib/UGUI/Fonts/font_7x12.c.o
LOAD C:/dev/System23/freetribe/build/kernel/obj/cpu/lib/UGUI/Fonts/font_8x12.c.o
LOAD C:/dev/System23/freetribe/build/kernel/obj/cpu/lib/UGUI/Fonts/font_8x12_cyrillic.c.o
LOAD C:/dev/System23/freetribe/build/kernel/obj/cpu/lib/UGUI/Fonts/font_8x14.c.o
LOAD C:/dev/System23/freetribe/build/kernel/obj/cpu/lib/UGUI/Fonts/font_8x8.c.o
LOAD C:/dev/System23/freetribe/build/kernel/obj/cpu/lib/UGUI/ugui.c.o
LOAD C:/dev/System23/freetribe/build/kernel/obj/cpu/lib/UGUI/ugui_button.c.o
LOAD C:/dev/System23/freetribe/build/kernel/obj/cpu/lib/UGUI/ugui_checkbox.c.o
LOAD C:/dev/System23/freetribe/build/kernel/obj/cpu/lib/UGUI/ugui_image.c.o
LOAD C:/dev/System23/freetribe/build/kernel/obj/cpu/lib/UGUI/ugui_progress.c.o
LOAD C:/dev/System23/freetribe/build/kernel/obj/cpu/lib/UGUI/ugui_textbox.c.o
LOAD C:/dev/System23/freetribe/build/kernel/obj/cpu/lib/am1802-csl/src/csl_cp15.c.o
LOAD C:/dev/System23/freetribe/build/kernel/obj/cpu/lib/am1802-csl/src/csl_cppi41dma.c.o
LOAD C:/dev/System23/freetribe/build/kernel/obj/cpu/lib/am1802-csl/src/csl_cpu.c.o
LOAD C:/dev/System23/freetribe/build/kernel/obj/cpu/lib/am1802-csl/src/csl_edma.c.o
LOAD C:/dev/System23/freetribe/build/kernel/obj/cpu/lib/am1802-csl/src/csl_emifa.c.o
LOAD C:/dev/System23/freetribe/build/kernel/obj/cpu/lib/am1802-csl/src/csl_gpio.c.o
LOAD C:/dev/System23/freetribe/build/kernel/obj/cpu/lib/am1802-csl/src/csl_interrupt.c.o
LOAD C:/dev/System23/freetribe/build/kernel/obj/cpu/lib/am1802-csl/src/csl_mcasp.c.o
LOAD C:/dev/System23/freetribe/build/kernel/obj/cpu/lib/am1802-csl/src/csl_psc.c.o
LOAD C:/dev/System23/freetribe/build/kernel/obj/cpu/lib/am1802-csl/src/csl_rtc.c.o
LOAD C:/dev/System23/freetribe/build/kernel/obj/cpu/lib/am1802-csl/src/csl_spi.c.o
LOAD C:/dev/System23/freetribe/build/kernel/obj/cpu/lib/am1802-csl/src/csl_syscfg.c.o
LOAD C:/dev/System23/freetribe/build/kernel/obj/cpu/lib/am1802-csl/src/csl_timer.c.o
LOAD C:/dev/System23/freetribe/build/kernel/obj/cpu/lib/am1802-csl/src/csl_uart.c.o
LOAD C:/dev/System23/freetribe/build/kernel/obj/cpu/lib/am1802-csl/src/csl_usb.c.o
LOAD C:/dev/System23/freetribe/build/kernel/obj/cpu/lib/am1802-csl/src/csl_usbphyGS60.c.o
LOAD C:/dev/System23/freetribe/build/kernel/obj/cpu/lib/am1802-csl/src/csl_watchdog.c.o
LOAD C:/dev/System23/freetribe/build/kernel/obj/cpu/lib/tinyprintf/tinyprintf.c.o
LOAD C:/dev/System23/freetribe/build/kernel/obj/cpu/lib/tinyusb/src/tusb.c.o
LOAD C:/dev/System23/freetribe/build/kernel/obj/cpu/lib/tinyusb/src/common/tusb_fifo.c.o
LOAD C:/dev/System23/freetribe/build/kernel/obj/cpu/lib/tinyusb/src/device/usbd.c.o
LOAD C:/dev/System23/freetribe/build/kernel/obj/cpu/lib/tinyusb/src/class/cdc/cdc_device.c.o
LOAD C:/dev/System23/freetribe/build/kernel/obj/cpu/lib/tinyusb/src/class/dfu/dfu_device.c.o
LOAD C:/dev/System23/freetribe/build/kernel/obj/cpu/lib/tinyusb/src/class/msc/msc_device.c.o
LOAD C:/dev/System23/freetribe/build/kernel/obj/cpu/lib/tinyusb/src/class/vendor/vendor_device.c.o
LOAD C:/dev/System23/freetribe/build/kernel/obj/cpu/lib/tinyusb/src/portable/mentor/musb/dcd_musb.c.o
LOAD C:/dev/System23/freetribe/build/kernel/obj/cpu/lib/FreeRTOS-Kernel/croutine.c.o
LOAD C:/dev/System23/freetribe/build/kernel/obj/cpu/lib/FreeRTOS-Kernel/event_groups.c.o
LOAD C:/dev/System23/freetribe/build/kernel/obj/cpu/lib/FreeRTOS-Kernel/list.c.o
LOAD C:/dev/System23/freetribe/build/kernel/obj/cpu/lib/FreeRTOS-Kernel/queue.c.o
LOAD C:/dev/System23/freetribe/build/kernel/obj/cpu/lib/FreeRTOS-Kernel/stream_buffer.c.o
LOAD C:/dev/System23/freetribe/build/kernel/obj/cpu/lib/FreeRTOS-Kernel/tasks.c.o
LOAD C:/dev/System23/freetribe/build/kernel/obj/cpu/lib/FreeRTOS-Kernel/timers.c.o
LOAD C:/dev/System23/freetribe/build/kernel/obj/cpu/lib/FreeRTOS-Kernel/portable/GCC/AM1802/port.c.o
LOAD C:/dev/System23/freetribe/build/kernel/obj/cpu/lib/FreeRTOS-Kernel/portable/GCC/AM1802/portISR.c.o
LOAD c:/program files (x86)/gnu arm embedded toolchain/10 2021.10/bin/../lib/gcc/arm-none-eabi/10.3.1/../../../../arm-none-eabi/lib\libm.a
LOAD c:/program files (x86)/gnu arm embedded toolchain/10 2021.10/bin/../lib/gcc/arm-none-eabi/10.3.1/../../../../arm-none-eabi/lib\libc.a
LOAD c:/program files (x86)/gnu arm embedded toolchain/10 2021.10/bin/../lib/gcc/arm-none-eabi/10.3.1\libgcc.a
START GROUP
LOAD c:/program files (x86)/gnu arm embedded toolchain/10 2021.10/bin/../lib/gcc/arm-none-eabi/10.3.1\libgcc.a
LOAD c:/program files (x86)/gnu arm embedded toolchain/10 2021.10/bin/../lib/gcc/arm-none-eabi/10.3.1/../../../../arm-none-eabi/lib\libc.a
END GROUP
LOAD c:/program files (x86)/gnu arm embedded toolchain/10 2021.10/bin/../lib/gcc/arm-none-eabi/10.3.1/crtend.o
LOAD c:/program files (x86)/gnu arm embedded toolchain/10 2021.10/bin/../lib/gcc/arm-none-eabi/10.3.1/crtn.o
                0x00200000                HEAP_SIZE = 0x200000
                0x00200000                STACK_SIZE = 0x200000
                0x00000080                VECTOR_TABLE_SIZE = 0x80
                0xc0000000                . = 0xc0000000
                0xc0000000                . = ALIGN (0x4)
                0xc0000000                _kernel_cacheable_start = .

.rsthand        0xc0000000       0xe8
 *init.S.o(.text*)
 .text          0xc0000000       0xe8 C:/dev/System23/freetribe/build/kernel/obj/cpu/src/kernel/system/init.S.o
                0xc0000000                start
                0xc00000e8                . = ALIGN (0x4)

.text           0xc00000e8     0x87bc
 *(.text*)
 .text._failed  0xc00000e8        0x4 C:/dev/System23/freetribe/build/kernel/obj/common/ft_error.c.o
 .text.error_check
                0xc00000ec       0xf4 C:/dev/System23/freetribe/build/kernel/obj/common/ft_error.c.o
                0xc00000ec                error_check
 .text._ring_buffer_full
                0xc00001e0       0x20 C:/dev/System23/freetribe/build/kernel/obj/common/ring_buffer.c.o
 .text._ring_buffer_empty
                0xc0000200       0x18 C:/dev/System23/freetribe/build/kernel/obj/common/ring_buffer.c.o
 .text.ring_buffer_init
                0xc0000218       0xc0 C:/dev/System23/freetribe/build/kernel/obj/common/ring_buffer.c.o
                0xc0000218                ring_buffer_init
 .text.ring_buffer_put
                0xc00002d8       0x90 C:/dev/System23/freetribe/build/kernel/obj/common/ring_buffer.c.o
                0xc00002d8                ring_buffer_put
 .text.ring_buffer_put_force
                0xc0000368       0xb4 C:/dev/System23/freetribe/build/kernel/obj/common/ring_buffer.c.o
                0xc0000368                ring_buffer_put_force
 .text.ring_buffer_get
                0xc000041c       0x90 C:/dev/System23/freetribe/build/kernel/obj/common/ring_buffer.c.o
                0xc000041c                ring_buffer_get
 .text.rb_data_ready
                0xc00004ac       0x24 C:/dev/System23/freetribe/build/kernel/obj/common/ring_buffer.c.o
                0xc00004ac                rb_data_ready
 .text.ft_printf
                0xc00004d0       0x40 C:/dev/System23/freetribe/build/kernel/obj/cpu/src/api/freetribe.c.o
                0xc00004d0                ft_printf
 .text._hardware_init
                0xc0000510       0x88 C:/dev/System23/freetribe/build/kernel/obj/cpu/src/kernel/device/dev_board.c.o
 .text.dev_board_init
                0xc0000598       0x2c C:/dev/System23/freetribe/build/kernel/obj/cpu/src/kernel/device/dev_board.c.o
                0xc0000598                dev_board_init
 .text._ddr_uncached_alias
                0xc00005c4        0x8 C:/dev/System23/freetribe/build/kernel/obj/cpu/src/kernel/device/dev_dsp.c.o
 .text._dsp_spi_idle
                0xc00005cc       0x40 C:/dev/System23/freetribe/build/kernel/obj/cpu/src/kernel/device/dev_dsp.c.o
 .text._dsp_spi_rx_enqueue
                0xc000060c       0x1c C:/dev/System23/freetribe/build/kernel/obj/cpu/src/kernel/device/dev_dsp.c.o
 .text._dsp_spi_tx_dequeue
                0xc0000628       0x1c C:/dev/System23/freetribe/build/kernel/obj/cpu/src/kernel/device/dev_dsp.c.o
 .text._dsp_spi_tx_byte
                0xc0000644       0x74 C:/dev/System23/freetribe/build/kernel/obj/cpu/src/kernel/device/dev_dsp.c.o
 .text._dsp_spi_tx_next
                0xc00006b8       0x2c C:/dev/System23/freetribe/build/kernel/obj/cpu/src/kernel/device/dev_dsp.c.o
 .text._dsp_spi_rx_callback
                0xc00006e4       0x40 C:/dev/System23/freetribe/build/kernel/obj/cpu/src/kernel/device/dev_dsp.c.o
 .text._dsp_spi_tx_callback
                0xc0000724       0x30 C:/dev/System23/freetribe/build/kernel/obj/cpu/src/kernel/device/dev_dsp.c.o
 .text._dsp_spi_rx_byte
                0xc0000754       0x20 C:/dev/System23/freetribe/build/kernel/obj/cpu/src/kernel/device/dev_dsp.c.o
 .text._dsp_spi_init
                0xc0000774      0x178 C:/dev/System23/freetribe/build/kernel/obj/cpu/src/kernel/device/dev_dsp.c.o
 .text._dsp_spi_wait_boot_ena
                0xc00008ec       0x18 C:/dev/System23/freetribe/build/kernel/obj/cpu/src/kernel/device/dev_dsp.c.o
 .text._dsp_spi_tx_boot_blocking
                0xc0000904       0x7c C:/dev/System23/freetribe/build/kernel/obj/cpu/src/kernel/device/dev_dsp.c.o
 .text.dev_dsp_init
                0xc0000980        0xc C:/dev/System23/freetribe/build/kernel/obj/cpu/src/kernel/device/dev_dsp.c.o
                0xc0000980                dev_dsp_init
 .text.dev_dsp_spi_rx_dequeue
                0xc000098c       0x1c C:/dev/System23/freetribe/build/kernel/obj/cpu/src/kernel/device/dev_dsp.c.o
                0xc000098c                dev_dsp_spi_rx_dequeue
 .text.dev_dsp_spi_poll
                0xc00009a8       0x18 C:/dev/System23/freetribe/build/kernel/obj/cpu/src/kernel/device/dev_dsp.c.o
                0xc00009a8                dev_dsp_spi_poll
 .text.dev_dsp_spi_tx_boot
                0xc00009c0       0x30 C:/dev/System23/freetribe/build/kernel/obj/cpu/src/kernel/device/dev_dsp.c.o
                0xc00009c0                dev_dsp_spi_tx_boot
 .text.dev_dsp_reset
                0xc00009f0       0x14 C:/dev/System23/freetribe/build/kernel/obj/cpu/src/kernel/device/dev_dsp.c.o
                0xc00009f0                dev_dsp_reset
 .text._get_op_type
                0xc0000a04       0x18 C:/dev/System23/freetribe/build/kernel/obj/cpu/src/kernel/device/dev_dsp_ipc.c.o
 .text._on_hostwr_done
                0xc0000a1c       0x48 C:/dev/System23/freetribe/build/kernel/obj/cpu/src/kernel/device/dev_dsp_ipc.c.o
 .text._on_error
                0xc0000a64      0x100 C:/dev/System23/freetribe/build/kernel/obj/cpu/src/kernel/device/dev_dsp_ipc.c.o
 .text._store_inflight_read
                0xc0000b64       0x30 C:/dev/System23/freetribe/build/kernel/obj/cpu/src/kernel/device/dev_dsp_ipc.c.o
 .text._try_immediate_send
                0xc0000b94       0xd4 C:/dev/System23/freetribe/build/kernel/obj/cpu/src/kernel/device/dev_dsp_ipc.c.o
 .text._enqueue_transfer
                0xc0000c68       0x28 C:/dev/System23/freetribe/build/kernel/obj/cpu/src/kernel/device/dev_dsp_ipc.c.o
 .text._transfer
                0xc0000c90       0x8c C:/dev/System23/freetribe/build/kernel/obj/cpu/src/kernel/device/dev_dsp_ipc.c.o
 .text._serve_queued_transfer
                0xc0000d1c       0x68 C:/dev/System23/freetribe/build/kernel/obj/cpu/src/kernel/device/dev_dsp_ipc.c.o
 .text._on_hostrd_done
                0xc0000d84       0xdc C:/dev/System23/freetribe/build/kernel/obj/cpu/src/kernel/device/dev_dsp_ipc.c.o
 .text._on_idle
                0xc0000e60        0xc C:/dev/System23/freetribe/build/kernel/obj/cpu/src/kernel/device/dev_dsp_ipc.c.o
 .text.dev_dsp_ipc_init
                0xc0000e6c       0x78 C:/dev/System23/freetribe/build/kernel/obj/cpu/src/kernel/device/dev_dsp_ipc.c.o
                0xc0000e6c                dev_dsp_ipc_init
 .text._lcd_mode
                0xc0000ee4       0x18 C:/dev/System23/freetribe/build/kernel/obj/cpu/src/kernel/device/dev_lcd.c.o
 .text._lcd_tx  0xc0000efc       0x34 C:/dev/System23/freetribe/build/kernel/obj/cpu/src/kernel/device/dev_lcd.c.o
 .text.dev_lcd_init
                0xc0000f30       0xb4 C:/dev/System23/freetribe/build/kernel/obj/cpu/src/kernel/device/dev_lcd.c.o
                0xc0000f30                dev_lcd_init
 .text.dev_lcd_reset
                0xc0000fe4       0x28 C:/dev/System23/freetribe/build/kernel/obj/cpu/src/kernel/device/dev_lcd.c.o
                0xc0000fe4                dev_lcd_reset
 .text.dev_lcd_set_page
                0xc000100c       0x68 C:/dev/System23/freetribe/build/kernel/obj/cpu/src/kernel/device/dev_lcd.c.o
                0xc000100c                dev_lcd_set_page
 .text.dev_lcd_set_backlight
                0xc0001074       0x34 C:/dev/System23/freetribe/build/kernel/obj/cpu/src/kernel/device/dev_lcd.c.o
                0xc0001074                dev_lcd_set_backlight
 .text._mcu_rx_enqueue
                0xc00010a8       0x34 C:/dev/System23/freetribe/build/kernel/obj/cpu/src/kernel/device/dev_mcu.c.o
 .text._mcu_tx_dequeue
                0xc00010dc       0x1c C:/dev/System23/freetribe/build/kernel/obj/cpu/src/kernel/device/dev_mcu.c.o
 .text._mcu_tx_msg
                0xc00010f8       0x24 C:/dev/System23/freetribe/build/kernel/obj/cpu/src/kernel/device/dev_mcu.c.o
 .text._mcu_tx_callback
                0xc000111c       0x38 C:/dev/System23/freetribe/build/kernel/obj/cpu/src/kernel/device/dev_mcu.c.o
 .text._mcu_rx_msg
                0xc0001154       0x1c C:/dev/System23/freetribe/build/kernel/obj/cpu/src/kernel/device/dev_mcu.c.o
 .text._mcu_error_callback
                0xc0001170        0xc C:/dev/System23/freetribe/build/kernel/obj/cpu/src/kernel/device/dev_mcu.c.o
 .text._mcu_rx_callback
                0xc000117c       0x18 C:/dev/System23/freetribe/build/kernel/obj/cpu/src/kernel/device/dev_mcu.c.o
 .text.dev_mcu_init
                0xc0001194       0xc0 C:/dev/System23/freetribe/build/kernel/obj/cpu/src/kernel/device/dev_mcu.c.o
                0xc0001194                dev_mcu_init
 .text.dev_mcu_tx_enqueue
                0xc0001254       0x34 C:/dev/System23/freetribe/build/kernel/obj/cpu/src/kernel/device/dev_mcu.c.o
                0xc0001254                dev_mcu_tx_enqueue
 .text.dev_mcu_rx_dequeue
                0xc0001288       0x1c C:/dev/System23/freetribe/build/kernel/obj/cpu/src/kernel/device/dev_mcu.c.o
                0xc0001288                dev_mcu_rx_dequeue
 .text.dev_mcu_register_rx_callback
                0xc00012a4       0x10 C:/dev/System23/freetribe/build/kernel/obj/cpu/src/kernel/device/dev_mcu.c.o
                0xc00012a4                dev_mcu_register_rx_callback
 .text._trs_tx_dequeue
                0xc00012b4       0x1c C:/dev/System23/freetribe/build/kernel/obj/cpu/src/kernel/device/dev_trs.c.o
 .text._trs_tx_byte
                0xc00012d0       0x28 C:/dev/System23/freetribe/build/kernel/obj/cpu/src/kernel/device/dev_trs.c.o
 .text._trs_tx_callback
                0xc00012f8       0x38 C:/dev/System23/freetribe/build/kernel/obj/cpu/src/kernel/device/dev_trs.c.o
 .text.dev_trs_tx_enqueue
                0xc0001330       0x34 C:/dev/System23/freetribe/build/kernel/obj/cpu/src/kernel/device/dev_trs.c.o
                0xc0001330                dev_trs_tx_enqueue
 .text._create_user_event_queue
                0xc0001364       0x48 C:/dev/System23/freetribe/build/kernel/obj/cpu/src/kernel/knl_main.c.o
 .text._init_services
                0xc00013ac        0xc C:/dev/System23/freetribe/build/kernel/obj/cpu/src/kernel/knl_main.c.o
 .text._held_buttons_callback
                0xc00013b8       0x14 C:/dev/System23/freetribe/build/kernel/obj/cpu/src/kernel/knl_main.c.o
 .text._panel_ack_callback
                0xc00013cc       0x14 C:/dev/System23/freetribe/build/kernel/obj/cpu/src/kernel/knl_main.c.o
 .text._register_service_callbacks
                0xc00013e0       0x40 C:/dev/System23/freetribe/build/kernel/obj/cpu/src/kernel/knl_main.c.o
 .text._take_user_tick_pending
                0xc0001420       0x3c C:/dev/System23/freetribe/build/kernel/obj/cpu/src/kernel/knl_main.c.o
 .text._clear_user_tick_pending
                0xc000145c       0x20 C:/dev/System23/freetribe/build/kernel/obj/cpu/src/kernel/knl_main.c.o
 .text._user_tick_event
                0xc000147c       0x24 C:/dev/System23/freetribe/build/kernel/obj/cpu/src/kernel/knl_main.c.o
 .text._print_callback
                0xc00014a0        0xc C:/dev/System23/freetribe/build/kernel/obj/cpu/src/kernel/knl_main.c.o
 .text._create_task
                0xc00014ac       0x48 C:/dev/System23/freetribe/build/kernel/obj/cpu/src/kernel/knl_main.c.o
 .text._create_service_tasks
                0xc00014f4       0x34 C:/dev/System23/freetribe/build/kernel/obj/cpu/src/kernel/knl_main.c.o
 .text._notify_user_task
                0xc0001528       0x38 C:/dev/System23/freetribe/build/kernel/obj/cpu/src/kernel/knl_main.c.o
 .text.knl_init
                0xc0001560       0x18 C:/dev/System23/freetribe/build/kernel/obj/cpu/src/kernel/knl_main.c.o
                0xc0001560                knl_init
 .text.knl_register_user_task
                0xc0001578       0x18 C:/dev/System23/freetribe/build/kernel/obj/cpu/src/kernel/knl_main.c.o
                0xc0001578                knl_register_user_task
 .text.knl_post_user_event
                0xc0001590       0xb0 C:/dev/System23/freetribe/build/kernel/obj/cpu/src/kernel/knl_main.c.o
                0xc0001590                knl_post_user_event
 .text._post_user_tick_event
                0xc0001640       0x3c C:/dev/System23/freetribe/build/kernel/obj/cpu/src/kernel/knl_main.c.o
 .text._systick_callback
                0xc000167c       0x5c C:/dev/System23/freetribe/build/kernel/obj/cpu/src/kernel/knl_main.c.o
 .text.main     0xc00016d8       0x60 C:/dev/System23/freetribe/build/kernel/obj/cpu/src/kernel/main.c.o
                0xc00016d8                main
 .text.per_aintc_init
                0xc0001738       0x18 C:/dev/System23/freetribe/build/kernel/obj/cpu/src/kernel/peripheral/per_aintc.c.o
                0xc0001738                per_aintc_init
 .text.per_aintc_register_gpio_interrupt
                0xc0001750       0x88 C:/dev/System23/freetribe/build/kernel/obj/cpu/src/kernel/peripheral/per_aintc.c.o
                0xc0001750                per_aintc_register_gpio_interrupt
 .text.per_aintc_clear_status_gpio
                0xc00017d8       0x3c C:/dev/System23/freetribe/build/kernel/obj/cpu/src/kernel/peripheral/per_aintc.c.o
                0xc00017d8                per_aintc_clear_status_gpio
 .text._pic_IrqHandler
                0xc0001814       0x38 C:/dev/System23/freetribe/build/kernel/obj/cpu/src/kernel/peripheral/per_aintc.c.o
                0xc0001814                _pic_IrqHandler
 .text.per_ddr_init
                0xc000184c      0x148 C:/dev/System23/freetribe/build/kernel/obj/cpu/src/kernel/peripheral/per_ddr.c.o
                0xc000184c                per_ddr_init
 .text._hostdma_config
                0xc0001994       0x3c C:/dev/System23/freetribe/build/kernel/obj/cpu/src/kernel/peripheral/per_emifa.c.o
 .text._handle_host_write_header_config
                0xc00019d0       0x38 C:/dev/System23/freetribe/build/kernel/obj/cpu/src/kernel/peripheral/per_emifa.c.o
 .text._catch_dma_errors
                0xc0001a08       0x30 C:/dev/System23/freetribe/build/kernel/obj/cpu/src/kernel/peripheral/per_emifa.c.o
 .text._host_ack_isr
                0xc0001a38      0x2ec C:/dev/System23/freetribe/build/kernel/obj/cpu/src/kernel/peripheral/per_emifa.c.o
 .text.per_emifa_init
                0xc0001d24       0xc8 C:/dev/System23/freetribe/build/kernel/obj/cpu/src/kernel/peripheral/per_emifa.c.o
                0xc0001d24                per_emifa_init
 .text.per_emifa_transfer
                0xc0001dec       0xb8 C:/dev/System23/freetribe/build/kernel/obj/cpu/src/kernel/peripheral/per_emifa.c.o
                0xc0001dec                per_emifa_transfer
 .text.per_gpio_init
                0xc0001ea4       0x9c C:/dev/System23/freetribe/build/kernel/obj/cpu/src/kernel/peripheral/per_gpio.c.o
                0xc0001ea4                per_gpio_init
 .text.per_gpio_get_indexed
                0xc0001f40       0x20 C:/dev/System23/freetribe/build/kernel/obj/cpu/src/kernel/peripheral/per_gpio.c.o
                0xc0001f40                per_gpio_get_indexed
 .text.per_gpio_set_indexed
                0xc0001f60       0x1c C:/dev/System23/freetribe/build/kernel/obj/cpu/src/kernel/peripheral/per_gpio.c.o
                0xc0001f60                per_gpio_set_indexed
 .text.per_pinmux_init
                0xc0001f7c       0xc8 C:/dev/System23/freetribe/build/kernel/obj/cpu/src/kernel/peripheral/per_pinmux.c.o
                0xc0001f7c                per_pinmux_init
 .text._spi_set_format_register
                0xc0002044       0x48 C:/dev/System23/freetribe/build/kernel/obj/cpu/src/kernel/peripheral/per_spi.c.o
 .text._spi_set_dat1_control
                0xc000208c       0x2c C:/dev/System23/freetribe/build/kernel/obj/cpu/src/kernel/peripheral/per_spi.c.o
 .text._spi_dat1_control
                0xc00020b8       0x48 C:/dev/System23/freetribe/build/kernel/obj/cpu/src/kernel/peripheral/per_spi.c.o
 .text._spi_transmit_data1
                0xc0002100       0x24 C:/dev/System23/freetribe/build/kernel/obj/cpu/src/kernel/peripheral/per_spi.c.o
 .text._spi0_isr
                0xc0002124      0x10c C:/dev/System23/freetribe/build/kernel/obj/cpu/src/kernel/peripheral/per_spi.c.o
 .text._spi_wait_transmit_ready
                0xc0002230       0x20 C:/dev/System23/freetribe/build/kernel/obj/cpu/src/kernel/peripheral/per_spi.c.o
 .text._spi1_isr
                0xc0002250      0x10c C:/dev/System23/freetribe/build/kernel/obj/cpu/src/kernel/peripheral/per_spi.c.o
 .text.per_spi_init
                0xc000235c      0x148 C:/dev/System23/freetribe/build/kernel/obj/cpu/src/kernel/peripheral/per_spi.c.o
                0xc000235c                per_spi_init
 .text.per_spi_set_data_format
                0xc00024a4       0x50 C:/dev/System23/freetribe/build/kernel/obj/cpu/src/kernel/peripheral/per_spi.c.o
                0xc00024a4                per_spi_set_data_format
 .text.per_spi_initialised
                0xc00024f4       0x1c C:/dev/System23/freetribe/build/kernel/obj/cpu/src/kernel/peripheral/per_spi.c.o
                0xc00024f4                per_spi_initialised
 .text.per_spi_chip_format
                0xc0002510       0x30 C:/dev/System23/freetribe/build/kernel/obj/cpu/src/kernel/peripheral/per_spi.c.o
                0xc0002510                per_spi_chip_format
 .text.per_spi_write_blocking
                0xc0002540       0x58 C:/dev/System23/freetribe/build/kernel/obj/cpu/src/kernel/peripheral/per_spi.c.o
                0xc0002540                per_spi_write_blocking
 .text.per_spi_transfer_isr
                0xc0002598       0x5c C:/dev/System23/freetribe/build/kernel/obj/cpu/src/kernel/peripheral/per_spi.c.o
                0xc0002598                per_spi_transfer_isr
 .text.per_spi_register_callback
                0xc00025f4       0x44 C:/dev/System23/freetribe/build/kernel/obj/cpu/src/kernel/peripheral/per_spi.c.o
                0xc00025f4                per_spi_register_callback
 .text._timer_system_interrupt
                0xc0002638       0x40 C:/dev/System23/freetribe/build/kernel/obj/cpu/src/kernel/peripheral/per_timer.c.o
 .text.timer_init
                0xc0002678       0xb4 C:/dev/System23/freetribe/build/kernel/obj/cpu/src/kernel/peripheral/per_timer.c.o
                0xc0002678                timer_init
 .text.timer_count_get
                0xc000272c       0x14 C:/dev/System23/freetribe/build/kernel/obj/cpu/src/kernel/peripheral/per_timer.c.o
                0xc000272c                timer_count_get
 .text._uart_get
                0xc0002740       0x14 C:/dev/System23/freetribe/build/kernel/obj/cpu/src/kernel/peripheral/per_uart.c.o
 .text._uart_reset
                0xc0002754       0x44 C:/dev/System23/freetribe/build/kernel/obj/cpu/src/kernel/peripheral/per_uart.c.o
 .text._uart_word_length
                0xc0002798       0x38 C:/dev/System23/freetribe/build/kernel/obj/cpu/src/kernel/peripheral/per_uart.c.o
 .text._uart_configure_baud_line
                0xc00027d0       0x68 C:/dev/System23/freetribe/build/kernel/obj/cpu/src/kernel/peripheral/per_uart.c.o
 .text._uart_configure_line
                0xc0002838       0x40 C:/dev/System23/freetribe/build/kernel/obj/cpu/src/kernel/peripheral/per_uart.c.o
 .text._uart_enable
                0xc0002878        0xc C:/dev/System23/freetribe/build/kernel/obj/cpu/src/kernel/peripheral/per_uart.c.o
 .text._uart_enable_fifo
                0xc0002884        0xc C:/dev/System23/freetribe/build/kernel/obj/cpu/src/kernel/peripheral/per_uart.c.o
 .text._uart_set_fifo_rx_level
                0xc0002890       0x10 C:/dev/System23/freetribe/build/kernel/obj/cpu/src/kernel/peripheral/per_uart.c.o
 .text._uart_configure_fifo
                0xc00028a0       0x2c C:/dev/System23/freetribe/build/kernel/obj/cpu/src/kernel/peripheral/per_uart.c.o
 .text._uart_enable_interrupts
                0xc00028cc       0x14 C:/dev/System23/freetribe/build/kernel/obj/cpu/src/kernel/peripheral/per_uart.c.o
 .text._uart_disable_interrupts
                0xc00028e0       0x14 C:/dev/System23/freetribe/build/kernel/obj/cpu/src/kernel/peripheral/per_uart.c.o
 .text._uart_get_interrupt_id
                0xc00028f4       0x10 C:/dev/System23/freetribe/build/kernel/obj/cpu/src/kernel/peripheral/per_uart.c.o
 .text._uart_rx_errors
                0xc0002904        0xc C:/dev/System23/freetribe/build/kernel/obj/cpu/src/kernel/peripheral/per_uart.c.o
 .text._uart_put_char
                0xc0002910       0x18 C:/dev/System23/freetribe/build/kernel/obj/cpu/src/kernel/peripheral/per_uart.c.o
 .text._uart_get_char
                0xc0002928       0x14 C:/dev/System23/freetribe/build/kernel/obj/cpu/src/kernel/peripheral/per_uart.c.o
 .text._uart_get_char_nonblocking
                0xc000293c       0x1c C:/dev/System23/freetribe/build/kernel/obj/cpu/src/kernel/peripheral/per_uart.c.o
 .text._uart_start_tx
                0xc0002958       0x28 C:/dev/System23/freetribe/build/kernel/obj/cpu/src/kernel/peripheral/per_uart.c.o
 .text._uart_start_rx
                0xc0002980       0x28 C:/dev/System23/freetribe/build/kernel/obj/cpu/src/kernel/peripheral/per_uart.c.o
 .text._uart_handle_tx_empty
                0xc00029a8       0x78 C:/dev/System23/freetribe/build/kernel/obj/cpu/src/kernel/peripheral/per_uart.c.o
 .text._uart_handle_rx_data
                0xc0002a20       0x60 C:/dev/System23/freetribe/build/kernel/obj/cpu/src/kernel/peripheral/per_uart.c.o
 .text._uart_handle_rx_error
                0xc0002a80       0x5c C:/dev/System23/freetribe/build/kernel/obj/cpu/src/kernel/peripheral/per_uart.c.o
 .text._uart_dispatch_interrupt
                0xc0002adc       0x44 C:/dev/System23/freetribe/build/kernel/obj/cpu/src/kernel/peripheral/per_uart.c.o
 .text._uart_configure_interrupts
                0xc0002b20       0x48 C:/dev/System23/freetribe/build/kernel/obj/cpu/src/kernel/peripheral/per_uart.c.o
 .text._uart_ack_system_interrupt
                0xc0002b68       0x10 C:/dev/System23/freetribe/build/kernel/obj/cpu/src/kernel/peripheral/per_uart.c.o
 .text._uart0_isr
                0xc0002b78       0x34 C:/dev/System23/freetribe/build/kernel/obj/cpu/src/kernel/peripheral/per_uart.c.o
 .text._uart1_isr
                0xc0002bac       0x38 C:/dev/System23/freetribe/build/kernel/obj/cpu/src/kernel/peripheral/per_uart.c.o
 .text.per_uart_init
                0xc0002be4       0x50 C:/dev/System23/freetribe/build/kernel/obj/cpu/src/kernel/peripheral/per_uart.c.o
                0xc0002be4                per_uart_init
 .text.per_uart_transmit_int
                0xc0002c34       0x20 C:/dev/System23/freetribe/build/kernel/obj/cpu/src/kernel/peripheral/per_uart.c.o
                0xc0002c34                per_uart_transmit_int
 .text.per_uart_receive_int
                0xc0002c54       0x20 C:/dev/System23/freetribe/build/kernel/obj/cpu/src/kernel/peripheral/per_uart.c.o
                0xc0002c54                per_uart_receive_int
 .text.per_uart_register_callback
                0xc0002c74       0x54 C:/dev/System23/freetribe/build/kernel/obj/cpu/src/kernel/peripheral/per_uart.c.o
                0xc0002c74                per_uart_register_callback
 .text.delay_init
                0xc0002cc8       0x4c C:/dev/System23/freetribe/build/kernel/obj/cpu/src/kernel/service/svc_delay.c.o
                0xc0002cc8                delay_init
 .text.delay_get_current_count
                0xc0002d14       0x14 C:/dev/System23/freetribe/build/kernel/obj/cpu/src/kernel/service/svc_delay.c.o
                0xc0002d14                delay_get_current_count
 .text.delay_block_us
                0xc0002d28       0x64 C:/dev/System23/freetribe/build/kernel/obj/cpu/src/kernel/service/svc_delay.c.o
                0xc0002d28                delay_block_us
 .text.delay_us
                0xc0002d8c       0xa0 C:/dev/System23/freetribe/build/kernel/obj/cpu/src/kernel/service/svc_delay.c.o
                0xc0002d8c                delay_us
 .text.delay_start
                0xc0002e2c       0x2c C:/dev/System23/freetribe/build/kernel/obj/cpu/src/kernel/service/svc_delay.c.o
                0xc0002e2c                delay_start
 .text._display_init
                0xc0002e58       0x3c C:/dev/System23/freetribe/build/kernel/obj/cpu/src/kernel/service/svc_display.c.o
 .text.svc_display_process
                0xc0002e94      0x164 C:/dev/System23/freetribe/build/kernel/obj/cpu/src/kernel/service/svc_display.c.o
                0xc0002e94                svc_display_process
 .text.svc_display_task
                0xc0002ff8       0x14 C:/dev/System23/freetribe/build/kernel/obj/cpu/src/kernel/service/svc_display.c.o
                0xc0002ff8                svc_display_task
 .text._handle_system_ready
                0xc000300c        0x8 C:/dev/System23/freetribe/build/kernel/obj/cpu/src/kernel/service/svc_dsp.c.o
 .text._dispatch_module_param_value
                0xc0003014       0x2c C:/dev/System23/freetribe/build/kernel/obj/cpu/src/kernel/service/svc_dsp.c.o
 .text._dispatch_system_port_state
                0xc0003040       0x2c C:/dev/System23/freetribe/build/kernel/obj/cpu/src/kernel/service/svc_dsp.c.o
 .text._dispatch_system_profile
                0xc000306c       0x28 C:/dev/System23/freetribe/build/kernel/obj/cpu/src/kernel/service/svc_dsp.c.o
 .text._dsp_response_received
                0xc0003094       0x20 C:/dev/System23/freetribe/build/kernel/obj/cpu/src/kernel/service/svc_dsp.c.o
 .text._dsp_init
                0xc00030b4       0x10 C:/dev/System23/freetribe/build/kernel/obj/cpu/src/kernel/service/svc_dsp.c.o
 .text._dsp_boot
                0xc00030c4       0x20 C:/dev/System23/freetribe/build/kernel/obj/cpu/src/kernel/service/svc_dsp.c.o
 .text._dsp_signal_ready
                0xc00030e4       0x6c C:/dev/System23/freetribe/build/kernel/obj/cpu/src/kernel/service/svc_dsp.c.o
 .text._handle_module_param_value
                0xc0003150       0x98 C:/dev/System23/freetribe/build/kernel/obj/cpu/src/kernel/service/svc_dsp.c.o
 .text._handle_module_message
                0xc00031e8       0x38 C:/dev/System23/freetribe/build/kernel/obj/cpu/src/kernel/service/svc_dsp.c.o
 .text._handle_system_port_state
                0xc0003220       0x84 C:/dev/System23/freetribe/build/kernel/obj/cpu/src/kernel/service/svc_dsp.c.o
 .text._handle_system_profile
                0xc00032a4       0x9c C:/dev/System23/freetribe/build/kernel/obj/cpu/src/kernel/service/svc_dsp.c.o
 .text._handle_system_message
                0xc0003340       0x68 C:/dev/System23/freetribe/build/kernel/obj/cpu/src/kernel/service/svc_dsp.c.o
 .text._handle_message
                0xc00033a8       0x38 C:/dev/System23/freetribe/build/kernel/obj/cpu/src/kernel/service/svc_dsp.c.o
 .text._dsp_receive
                0xc00033e0      0x110 C:/dev/System23/freetribe/build/kernel/obj/cpu/src/kernel/service/svc_dsp.c.o
 .text.svc_dsp_process
                0xc00034f0      0x148 C:/dev/System23/freetribe/build/kernel/obj/cpu/src/kernel/service/svc_dsp.c.o
                0xc00034f0                svc_dsp_process
 .text.svc_dsp_task
                0xc0003638       0x14 C:/dev/System23/freetribe/build/kernel/obj/cpu/src/kernel/service/svc_dsp.c.o
                0xc0003638                svc_dsp_task
 .text.svc_dsp_wait_ready
                0xc000364c       0x68 C:/dev/System23/freetribe/build/kernel/obj/cpu/src/kernel/service/svc_dsp.c.o
                0xc000364c                svc_dsp_wait_ready
 .text._midi_out
                0xc00036b4       0x1c C:/dev/System23/freetribe/build/kernel/obj/cpu/src/kernel/service/svc_midi.c.o
 .text.svc_midi_send_string
                0xc00036d0       0x34 C:/dev/System23/freetribe/build/kernel/obj/cpu/src/kernel/service/svc_midi.c.o
                0xc00036d0                svc_midi_send_string
 .text._panel_dispatch_event
                0xc0003704      0x170 C:/dev/System23/freetribe/build/kernel/obj/cpu/src/kernel/service/svc_panel.c.o
 .text._panel_user_event_dispatch
                0xc0003874        0xc C:/dev/System23/freetribe/build/kernel/obj/cpu/src/kernel/service/svc_panel.c.o
 .text._panel_rx_notify_from_isr
                0xc0003880       0x40 C:/dev/System23/freetribe/build/kernel/obj/cpu/src/kernel/service/svc_panel.c.o
 .text._panel_post_user_event
                0xc00038c0       0x1c C:/dev/System23/freetribe/build/kernel/obj/cpu/src/kernel/service/svc_panel.c.o
 .text._panel_parse
                0xc00038dc      0x364 C:/dev/System23/freetribe/build/kernel/obj/cpu/src/kernel/service/svc_panel.c.o
 .text._panel_init
                0xc0003c40       0x60 C:/dev/System23/freetribe/build/kernel/obj/cpu/src/kernel/service/svc_panel.c.o
 .text.svc_panel_process
                0xc0003ca0       0x90 C:/dev/System23/freetribe/build/kernel/obj/cpu/src/kernel/service/svc_panel.c.o
                0xc0003ca0                svc_panel_process
 .text.svc_panel_task
                0xc0003d30       0x38 C:/dev/System23/freetribe/build/kernel/obj/cpu/src/kernel/service/svc_panel.c.o
                0xc0003d30                svc_panel_task
 .text.svc_panel_register_callback
                0xc0003d68       0xac C:/dev/System23/freetribe/build/kernel/obj/cpu/src/kernel/service/svc_panel.c.o
                0xc0003d68                svc_panel_register_callback
 .text.svc_system_init
                0xc0003e14       0x1c C:/dev/System23/freetribe/build/kernel/obj/cpu/src/kernel/service/svc_system.c.o
                0xc0003e14                svc_system_init
 .text.svc_system_register_print_callback
                0xc0003e30       0x14 C:/dev/System23/freetribe/build/kernel/obj/cpu/src/kernel/service/svc_system.c.o
                0xc0003e30                svc_system_register_print_callback
 .text.svc_systick_task
                0xc0003e44       0x58 C:/dev/System23/freetribe/build/kernel/obj/cpu/src/kernel/service/svc_systick.c.o
                0xc0003e44                svc_systick_task
 .text.svc_systick_register_callback
                0xc0003e9c       0x14 C:/dev/System23/freetribe/build/kernel/obj/cpu/src/kernel/service/svc_systick.c.o
                0xc0003e9c                svc_systick_register_callback
 .text          0xc0003eb0       0x7c C:/dev/System23/freetribe/build/kernel/obj/cpu/src/kernel/system/exceptionhandler.S.o
                0xc0003eb0                SWIHandler
                0xc0003ed0                IRQHandler
                0xc0003eec                FIQHandler
                0xc0003f08                AbortHandler
                0xc0003f08                UndefInstHandler
 .text.vApplicationGetRandomHeapCanary
                0xc0003f2c       0x1c C:/dev/System23/freetribe/build/kernel/obj/cpu/src/kernel/system/freertos_heap.c.o
                0xc0003f2c                vApplicationGetRandomHeapCanary
 .text.vApplicationStackOverflowHook
                0xc0003f48       0x10 C:/dev/System23/freetribe/build/kernel/obj/cpu/src/kernel/system/freertos_heap.c.o
                0xc0003f48                vApplicationStackOverflowHook
 .text.prvInsertBlockIntoFreeList
                0xc0003f58       0xfc C:/dev/System23/freetribe/build/kernel/obj/cpu/src/kernel/system/heap_4.c.o
 .text.prvHeapInit
                0xc0004054       0xac C:/dev/System23/freetribe/build/kernel/obj/cpu/src/kernel/system/heap_4.c.o
 .text.pvPortMalloc
                0xc0004100      0x270 C:/dev/System23/freetribe/build/kernel/obj/cpu/src/kernel/system/heap_4.c.o
                0xc0004100                pvPortMalloc
 .text.vPortFree
                0xc0004370       0xf0 C:/dev/System23/freetribe/build/kernel/obj/cpu/src/kernel/system/heap_4.c.o
                0xc0004370                vPortFree
 .text._psc_module_enabled
                0xc0004460       0x1c C:/dev/System23/freetribe/build/kernel/obj/cpu/src/kernel/system/startup.c.o
 .text._copy_vector_table
                0xc000447c       0x30 C:/dev/System23/freetribe/build/kernel/obj/cpu/src/kernel/system/startup.c.o
 .text._boot_abort
                0xc00044ac        0x4 C:/dev/System23/freetribe/build/kernel/obj/cpu/src/kernel/system/startup.c.o
 .text._config_cache_mmu
                0xc00044b0       0xdc C:/dev/System23/freetribe/build/kernel/obj/cpu/src/kernel/system/startup.c.o
 .text.delay    0xc000458c        0xc C:/dev/System23/freetribe/build/kernel/obj/cpu/src/kernel/system/startup.c.o
                0xc000458c                delay
 .text._psc0_init
                0xc0004598      0x128 C:/dev/System23/freetribe/build/kernel/obj/cpu/src/kernel/system/startup.c.o
                0xc0004598                _psc0_init
 .text._psc1_init
                0xc00046c0      0x13c C:/dev/System23/freetribe/build/kernel/obj/cpu/src/kernel/system/startup.c.o
                0xc00046c0                _psc1_init
 .text._pll0_init
                0xc00047fc      0x17c C:/dev/System23/freetribe/build/kernel/obj/cpu/src/kernel/system/startup.c.o
                0xc00047fc                _pll0_init
 .text._pll1_init
                0xc0004978      0x12c C:/dev/System23/freetribe/build/kernel/obj/cpu/src/kernel/system/startup.c.o
                0xc0004978                _pll1_init
 .text.start_boot
                0xc0004aa4       0x94 C:/dev/System23/freetribe/build/kernel/obj/cpu/src/kernel/system/startup.c.o
                0xc0004aa4                start_boot
 .text.app_init
                0xc0004b38        0x8 C:/dev/System23/freetribe/build/kernel/obj/cpu/src/user/usr_main.c.o
                0xc0004b38                app_init
 .text._usr_init
                0xc0004b40        0xc C:/dev/System23/freetribe/build/kernel/obj/cpu/src/user/usr_main.c.o
 .text.app_run  0xc0004b4c        0x4 C:/dev/System23/freetribe/build/kernel/obj/cpu/src/user/usr_main.c.o
                0xc0004b4c                app_run
 .text._usr_run
                0xc0004b50        0xc C:/dev/System23/freetribe/build/kernel/obj/cpu/src/user/usr_main.c.o
 .text.usr_main_process
                0xc0004b5c       0x74 C:/dev/System23/freetribe/build/kernel/obj/cpu/src/user/usr_main.c.o
                0xc0004b5c                usr_main_process
 .text.usr_main_task
                0xc0004bd0       0x1c C:/dev/System23/freetribe/build/kernel/obj/cpu/src/user/usr_main.c.o
                0xc0004bd0                usr_main_task
 .text.CP15ICacheEnable
                0xc0004bec       0x10 C:/dev/System23/freetribe/build/kernel/obj/cpu/lib/am1802-csl/src/csl_cp15.c.o
                0xc0004bec                CP15ICacheEnable
 .text.CP15DCacheEnable
                0xc0004bfc       0x10 C:/dev/System23/freetribe/build/kernel/obj/cpu/lib/am1802-csl/src/csl_cp15.c.o
                0xc0004bfc                CP15DCacheEnable
 .text.CP15DCacheFlush
                0xc0004c0c        0xc C:/dev/System23/freetribe/build/kernel/obj/cpu/lib/am1802-csl/src/csl_cp15.c.o
                0xc0004c0c                CP15DCacheFlush
 .text.CP15ICacheFlush
                0xc0004c18        0xc C:/dev/System23/freetribe/build/kernel/obj/cpu/lib/am1802-csl/src/csl_cp15.c.o
                0xc0004c18                CP15ICacheFlush
 .text.CP15TtbSet
                0xc0004c24        0x8 C:/dev/System23/freetribe/build/kernel/obj/cpu/lib/am1802-csl/src/csl_cp15.c.o
                0xc0004c24                CP15TtbSet
 .text.CP15MMUEnable
                0xc0004c2c       0x10 C:/dev/System23/freetribe/build/kernel/obj/cpu/lib/am1802-csl/src/csl_cp15.c.o
                0xc0004c2c                CP15MMUEnable
 .text.CP15HighVectorEnable
                0xc0004c3c       0x10 C:/dev/System23/freetribe/build/kernel/obj/cpu/lib/am1802-csl/src/csl_cp15.c.o
                0xc0004c3c                CP15HighVectorEnable
 .text.CP15DomainAccessManager
                0xc0004c4c        0xc C:/dev/System23/freetribe/build/kernel/obj/cpu/lib/am1802-csl/src/csl_cp15.c.o
                0xc0004c4c                CP15DomainAccessManager
 .text.CP15InvalidateTLB
                0xc0004c58        0xc C:/dev/System23/freetribe/build/kernel/obj/cpu/lib/am1802-csl/src/csl_cp15.c.o
                0xc0004c58                CP15InvalidateTLB
 .text.CPUAbortHandler
                0xc0004c64        0x4 C:/dev/System23/freetribe/build/kernel/obj/cpu/lib/am1802-csl/src/csl_cpu.c.o
                0xc0004c64                CPUAbortHandler
 .text.CPUirqe  0xc0004c68       0x10 C:/dev/System23/freetribe/build/kernel/obj/cpu/lib/am1802-csl/src/csl_cpu.c.o
                0xc0004c68                CPUirqe
 .text.EMIFAAsyncDevDataBusWidthSelect
                0xc0004c78       0x6c C:/dev/System23/freetribe/build/kernel/obj/cpu/lib/am1802-csl/src/csl_emifa.c.o
                0xc0004c78                EMIFAAsyncDevDataBusWidthSelect
 .text.EMIFAAsyncDevOpModeSelect
                0xc0004ce4       0x5c C:/dev/System23/freetribe/build/kernel/obj/cpu/lib/am1802-csl/src/csl_emifa.c.o
                0xc0004ce4                EMIFAAsyncDevOpModeSelect
 .text.EMIFAExtendedWaitConfig
                0xc0004d40       0x7c C:/dev/System23/freetribe/build/kernel/obj/cpu/lib/am1802-csl/src/csl_emifa.c.o
                0xc0004d40                EMIFAExtendedWaitConfig
 .text.EMIFAWaitTimingConfig
                0xc0004dbc       0x5c C:/dev/System23/freetribe/build/kernel/obj/cpu/lib/am1802-csl/src/csl_emifa.c.o
                0xc0004dbc                EMIFAWaitTimingConfig
 .text.EMIFAMskedIntDisable
                0xc0004e18       0x44 C:/dev/System23/freetribe/build/kernel/obj/cpu/lib/am1802-csl/src/csl_emifa.c.o
                0xc0004e18                EMIFAMskedIntDisable
 .text.GPIODirModeSet
                0xc0004e5c       0x4c C:/dev/System23/freetribe/build/kernel/obj/cpu/lib/am1802-csl/src/csl_gpio.c.o
                0xc0004e5c                GPIODirModeSet
 .text.GPIOPinWrite
                0xc0004ea8       0x4c C:/dev/System23/freetribe/build/kernel/obj/cpu/lib/am1802-csl/src/csl_gpio.c.o
                0xc0004ea8                GPIOPinWrite
 .text.GPIOPinRead
                0xc0004ef4       0x28 C:/dev/System23/freetribe/build/kernel/obj/cpu/lib/am1802-csl/src/csl_gpio.c.o
                0xc0004ef4                GPIOPinRead
 .text.GPIOIntTypeSet
                0xc0004f1c       0xb0 C:/dev/System23/freetribe/build/kernel/obj/cpu/lib/am1802-csl/src/csl_gpio.c.o
                0xc0004f1c                GPIOIntTypeSet
 .text.GPIOPinIntClear
                0xc0004fcc       0x24 C:/dev/System23/freetribe/build/kernel/obj/cpu/lib/am1802-csl/src/csl_gpio.c.o
                0xc0004fcc                GPIOPinIntClear
 .text.GPIOBankIntEnable
                0xc0004ff0       0x14 C:/dev/System23/freetribe/build/kernel/obj/cpu/lib/am1802-csl/src/csl_gpio.c.o
                0xc0004ff0                GPIOBankIntEnable
 .text.GPIOBankDirModeSet
                0xc0005004       0x10 C:/dev/System23/freetribe/build/kernel/obj/cpu/lib/am1802-csl/src/csl_gpio.c.o
                0xc0005004                GPIOBankDirModeSet
 .text.GPIOBankOutputDataSet
                0xc0005014       0x10 C:/dev/System23/freetribe/build/kernel/obj/cpu/lib/am1802-csl/src/csl_gpio.c.o
                0xc0005014                GPIOBankOutputDataSet
 .text.IntRegister
                0xc0005024       0x10 C:/dev/System23/freetribe/build/kernel/obj/cpu/lib/am1802-csl/src/csl_interrupt.c.o
                0xc0005024                IntRegister
 .text.IntChannelSet
                0xc0005034        0xc C:/dev/System23/freetribe/build/kernel/obj/cpu/lib/am1802-csl/src/csl_interrupt.c.o
                0xc0005034                IntChannelSet
 .text.IntGlobalEnable
                0xc0005040       0x10 C:/dev/System23/freetribe/build/kernel/obj/cpu/lib/am1802-csl/src/csl_interrupt.c.o
                0xc0005040                IntGlobalEnable
 .text.IntSystemEnable
                0xc0005050       0x24 C:/dev/System23/freetribe/build/kernel/obj/cpu/lib/am1802-csl/src/csl_interrupt.c.o
                0xc0005050                IntSystemEnable
 .text.IntSystemStatusClear
                0xc0005074       0x20 C:/dev/System23/freetribe/build/kernel/obj/cpu/lib/am1802-csl/src/csl_interrupt.c.o
                0xc0005074                IntSystemStatusClear
 .text.IntIRQEnable
                0xc0005094       0x14 C:/dev/System23/freetribe/build/kernel/obj/cpu/lib/am1802-csl/src/csl_interrupt.c.o
                0xc0005094                IntIRQEnable
 .text.IntAINTCInit
                0xc00050a8       0x6c C:/dev/System23/freetribe/build/kernel/obj/cpu/lib/am1802-csl/src/csl_interrupt.c.o
                0xc00050a8                IntAINTCInit
 .text.IntMasterIRQEnable
                0xc0005114        0xc C:/dev/System23/freetribe/build/kernel/obj/cpu/lib/am1802-csl/src/csl_interrupt.c.o
                0xc0005114                IntMasterIRQEnable
 .text.PSCModuleControl
                0xc0005120       0xe0 C:/dev/System23/freetribe/build/kernel/obj/cpu/lib/am1802-csl/src/csl_psc.c.o
                0xc0005120                PSCModuleControl
 .text.SPIEnable
                0xc0005200       0x10 C:/dev/System23/freetribe/build/kernel/obj/cpu/lib/am1802-csl/src/csl_spi.c.o
                0xc0005200                SPIEnable
 .text.SPIReset
                0xc0005210        0xc C:/dev/System23/freetribe/build/kernel/obj/cpu/lib/am1802-csl/src/csl_spi.c.o
                0xc0005210                SPIReset
 .text.SPIOutOfReset
                0xc000521c        0xc C:/dev/System23/freetribe/build/kernel/obj/cpu/lib/am1802-csl/src/csl_spi.c.o
                0xc000521c                SPIOutOfReset
 .text.SPIModeConfigure
                0xc0005228       0x10 C:/dev/System23/freetribe/build/kernel/obj/cpu/lib/am1802-csl/src/csl_spi.c.o
                0xc0005228                SPIModeConfigure
 .text.SPISetPinControl
                0xc0005238        0xc C:/dev/System23/freetribe/build/kernel/obj/cpu/lib/am1802-csl/src/csl_spi.c.o
                0xc0005238                SPISetPinControl
 .text.SPIDefaultCSSet
                0xc0005244        0x8 C:/dev/System23/freetribe/build/kernel/obj/cpu/lib/am1802-csl/src/csl_spi.c.o
                0xc0005244                SPIDefaultCSSet
 .text.SPIIntLevelSet
                0xc000524c       0x10 C:/dev/System23/freetribe/build/kernel/obj/cpu/lib/am1802-csl/src/csl_spi.c.o
                0xc000524c                SPIIntLevelSet
 .text.SPIIntEnable
                0xc000525c       0x10 C:/dev/System23/freetribe/build/kernel/obj/cpu/lib/am1802-csl/src/csl_spi.c.o
                0xc000525c                SPIIntEnable
 .text.SPIIntDisable
                0xc000526c       0x10 C:/dev/System23/freetribe/build/kernel/obj/cpu/lib/am1802-csl/src/csl_spi.c.o
                0xc000526c                SPIIntDisable
 .text.SPIIntStatus
                0xc000527c        0xc C:/dev/System23/freetribe/build/kernel/obj/cpu/lib/am1802-csl/src/csl_spi.c.o
                0xc000527c                SPIIntStatus
 .text.SPIDataReceive
                0xc0005288       0x10 C:/dev/System23/freetribe/build/kernel/obj/cpu/lib/am1802-csl/src/csl_spi.c.o
                0xc0005288                SPIDataReceive
 .text.SPIInterruptVectorGet
                0xc0005298        0xc C:/dev/System23/freetribe/build/kernel/obj/cpu/lib/am1802-csl/src/csl_spi.c.o
                0xc0005298                SPIInterruptVectorGet
 .text.SysCfgRegistersUnlock
                0xc00052a4       0x24 C:/dev/System23/freetribe/build/kernel/obj/cpu/lib/am1802-csl/src/csl_syscfg.c.o
                0xc00052a4                SysCfgRegistersUnlock
 .text.SysCfgRegistersLock
                0xc00052c8       0x18 C:/dev/System23/freetribe/build/kernel/obj/cpu/lib/am1802-csl/src/csl_syscfg.c.o
                0xc00052c8                SysCfgRegistersLock
 .text.TimerEmulationModeSet
                0xc00052e0       0x10 C:/dev/System23/freetribe/build/kernel/obj/cpu/lib/am1802-csl/src/csl_timer.c.o
                0xc00052e0                TimerEmulationModeSet
 .text.TimerEnable
                0xc00052f0       0x2c C:/dev/System23/freetribe/build/kernel/obj/cpu/lib/am1802-csl/src/csl_timer.c.o
                0xc00052f0                TimerEnable
 .text.TimerConfigure
                0xc000531c       0x3c C:/dev/System23/freetribe/build/kernel/obj/cpu/lib/am1802-csl/src/csl_timer.c.o
                0xc000531c                TimerConfigure
 .text.TimerPeriodSet
                0xc0005358       0x2c C:/dev/System23/freetribe/build/kernel/obj/cpu/lib/am1802-csl/src/csl_timer.c.o
                0xc0005358                TimerPeriodSet
 .text.TimerCounterGet
                0xc0005384       0x20 C:/dev/System23/freetribe/build/kernel/obj/cpu/lib/am1802-csl/src/csl_timer.c.o
                0xc0005384                TimerCounterGet
 .text.TimerIntEnable
                0xc00053a4       0x10 C:/dev/System23/freetribe/build/kernel/obj/cpu/lib/am1802-csl/src/csl_timer.c.o
                0xc00053a4                TimerIntEnable
 .text.TimerIntStatusClear
                0xc00053b4       0x2c C:/dev/System23/freetribe/build/kernel/obj/cpu/lib/am1802-csl/src/csl_timer.c.o
                0xc00053b4                TimerIntStatusClear
 .text.ulli2a   0xc00053e0      0x128 C:/dev/System23/freetribe/build/kernel/obj/cpu/lib/tinyprintf/tinyprintf.c.o
 .text.lli2a    0xc0005508       0x28 C:/dev/System23/freetribe/build/kernel/obj/cpu/lib/tinyprintf/tinyprintf.c.o
 .text.uli2a    0xc0005530       0xc8 C:/dev/System23/freetribe/build/kernel/obj/cpu/lib/tinyprintf/tinyprintf.c.o
 .text.li2a     0xc00055f8       0x24 C:/dev/System23/freetribe/build/kernel/obj/cpu/lib/tinyprintf/tinyprintf.c.o
 .text.ui2a     0xc000561c       0xc8 C:/dev/System23/freetribe/build/kernel/obj/cpu/lib/tinyprintf/tinyprintf.c.o
 .text.i2a      0xc00056e4       0x24 C:/dev/System23/freetribe/build/kernel/obj/cpu/lib/tinyprintf/tinyprintf.c.o
 .text.a2d      0xc0005708       0x50 C:/dev/System23/freetribe/build/kernel/obj/cpu/lib/tinyprintf/tinyprintf.c.o
 .text.a2u      0xc0005758       0x58 C:/dev/System23/freetribe/build/kernel/obj/cpu/lib/tinyprintf/tinyprintf.c.o
 .text.putchw   0xc00057b0      0x1a8 C:/dev/System23/freetribe/build/kernel/obj/cpu/lib/tinyprintf/tinyprintf.c.o
 .text._vsprintf_putcf
                0xc0005958       0x18 C:/dev/System23/freetribe/build/kernel/obj/cpu/lib/tinyprintf/tinyprintf.c.o
 .text.tfp_format
                0xc0005970      0x498 C:/dev/System23/freetribe/build/kernel/obj/cpu/lib/tinyprintf/tinyprintf.c.o
                0xc0005970                tfp_format
 .text.tfp_vsprintf
                0xc0005e08       0x44 C:/dev/System23/freetribe/build/kernel/obj/cpu/lib/tinyprintf/tinyprintf.c.o
                0xc0005e08                tfp_vsprintf
 .text.vListInitialise
                0xc0005e4c       0x2c C:/dev/System23/freetribe/build/kernel/obj/cpu/lib/FreeRTOS-Kernel/list.c.o
                0xc0005e4c                vListInitialise
 .text.vListInitialiseItem
                0xc0005e78        0xc C:/dev/System23/freetribe/build/kernel/obj/cpu/lib/FreeRTOS-Kernel/list.c.o
                0xc0005e78                vListInitialiseItem
 .text.vListInsert
                0xc0005e84       0x58 C:/dev/System23/freetribe/build/kernel/obj/cpu/lib/FreeRTOS-Kernel/list.c.o
                0xc0005e84                vListInsert
 .text.uxListRemove
                0xc0005edc       0x4c C:/dev/System23/freetribe/build/kernel/obj/cpu/lib/FreeRTOS-Kernel/list.c.o
                0xc0005edc                uxListRemove
 .text.prvIsQueueFull
                0xc0005f28       0x38 C:/dev/System23/freetribe/build/kernel/obj/cpu/lib/FreeRTOS-Kernel/queue.c.o
 .text.prvCopyDataToQueue
                0xc0005f60       0xf4 C:/dev/System23/freetribe/build/kernel/obj/cpu/lib/FreeRTOS-Kernel/queue.c.o
 .text.prvUnlockQueue
                0xc0006054       0xbc C:/dev/System23/freetribe/build/kernel/obj/cpu/lib/FreeRTOS-Kernel/queue.c.o
 .text.xQueueGenericReset
                0xc0006110       0xc4 C:/dev/System23/freetribe/build/kernel/obj/cpu/lib/FreeRTOS-Kernel/queue.c.o
                0xc0006110                xQueueGenericReset
 .text.prvInitialiseNewQueue
                0xc00061d4       0x3c C:/dev/System23/freetribe/build/kernel/obj/cpu/lib/FreeRTOS-Kernel/queue.c.o
 .text.xQueueGenericCreate
                0xc0006210       0x60 C:/dev/System23/freetribe/build/kernel/obj/cpu/lib/FreeRTOS-Kernel/queue.c.o
                0xc0006210                xQueueGenericCreate
 .text.xQueueGenericSend
                0xc0006270      0x200 C:/dev/System23/freetribe/build/kernel/obj/cpu/lib/FreeRTOS-Kernel/queue.c.o
                0xc0006270                xQueueGenericSend
 .text.prvResetNextTaskUnblockTime
                0xc0006470       0x48 C:/dev/System23/freetribe/build/kernel/obj/cpu/lib/FreeRTOS-Kernel/tasks.c.o
 .text.prvDeleteTCB
                0xc00064b8       0x1c C:/dev/System23/freetribe/build/kernel/obj/cpu/lib/FreeRTOS-Kernel/tasks.c.o
 .text.prvInitialiseNewTask
                0xc00064d4       0xdc C:/dev/System23/freetribe/build/kernel/obj/cpu/lib/FreeRTOS-Kernel/tasks.c.o
 .text.prvCreateTask
                0xc00065b0       0xa4 C:/dev/System23/freetribe/build/kernel/obj/cpu/lib/FreeRTOS-Kernel/tasks.c.o
 .text.prvInitialiseTaskLists
                0xc0006654       0x94 C:/dev/System23/freetribe/build/kernel/obj/cpu/lib/FreeRTOS-Kernel/tasks.c.o
 .text.prvAddNewTaskToReadyList
                0xc00066e8      0x154 C:/dev/System23/freetribe/build/kernel/obj/cpu/lib/FreeRTOS-Kernel/tasks.c.o
 .text.prvCheckTasksWaitingTermination
                0xc000683c       0x80 C:/dev/System23/freetribe/build/kernel/obj/cpu/lib/FreeRTOS-Kernel/tasks.c.o
 .text.prvIdleTask
                0xc00068bc       0x24 C:/dev/System23/freetribe/build/kernel/obj/cpu/lib/FreeRTOS-Kernel/tasks.c.o
 .text.prvAddCurrentTaskToDelayedList
                0xc00068e0      0x110 C:/dev/System23/freetribe/build/kernel/obj/cpu/lib/FreeRTOS-Kernel/tasks.c.o
 .text.xTaskCreate
                0xc00069f0       0x3c C:/dev/System23/freetribe/build/kernel/obj/cpu/lib/FreeRTOS-Kernel/tasks.c.o
                0xc00069f0                xTaskCreate
 .text.prvCreateIdleTasks
                0xc0006a2c       0xb4 C:/dev/System23/freetribe/build/kernel/obj/cpu/lib/FreeRTOS-Kernel/tasks.c.o
 .text.vTaskStartScheduler
                0xc0006ae0       0x7c C:/dev/System23/freetribe/build/kernel/obj/cpu/lib/FreeRTOS-Kernel/tasks.c.o
                0xc0006ae0                vTaskStartScheduler
 .text.vTaskSuspendAll
                0xc0006b5c       0x1c C:/dev/System23/freetribe/build/kernel/obj/cpu/lib/FreeRTOS-Kernel/tasks.c.o
                0xc0006b5c                vTaskSuspendAll
 .text.xTaskGetTickCount
                0xc0006b78       0x20 C:/dev/System23/freetribe/build/kernel/obj/cpu/lib/FreeRTOS-Kernel/tasks.c.o
                0xc0006b78                xTaskGetTickCount
 .text.xTaskIncrementTick
                0xc0006b98      0x294 C:/dev/System23/freetribe/build/kernel/obj/cpu/lib/FreeRTOS-Kernel/tasks.c.o
                0xc0006b98                xTaskIncrementTick
 .text.xTaskResumeAll
                0xc0006e2c      0x23c C:/dev/System23/freetribe/build/kernel/obj/cpu/lib/FreeRTOS-Kernel/tasks.c.o
                0xc0006e2c                xTaskResumeAll
 .text.xTaskDelayUntil
                0xc0007068       0xec C:/dev/System23/freetribe/build/kernel/obj/cpu/lib/FreeRTOS-Kernel/tasks.c.o
                0xc0007068                xTaskDelayUntil
 .text.vTaskDelay
                0xc0007154       0x58 C:/dev/System23/freetribe/build/kernel/obj/cpu/lib/FreeRTOS-Kernel/tasks.c.o
                0xc0007154                vTaskDelay
 .text.vTaskSwitchContext
                0xc00071ac      0x17c C:/dev/System23/freetribe/build/kernel/obj/cpu/lib/FreeRTOS-Kernel/tasks.c.o
                0xc00071ac                vTaskSwitchContext
 .text.vTaskPlaceOnEventList
                0xc0007328       0x44 C:/dev/System23/freetribe/build/kernel/obj/cpu/lib/FreeRTOS-Kernel/tasks.c.o
                0xc0007328                vTaskPlaceOnEventList
 .text.xTaskRemoveFromEventList
                0xc000736c      0x198 C:/dev/System23/freetribe/build/kernel/obj/cpu/lib/FreeRTOS-Kernel/tasks.c.o
                0xc000736c                xTaskRemoveFromEventList
 .text.vTaskInternalSetTimeOutState
                0xc0007504       0x24 C:/dev/System23/freetribe/build/kernel/obj/cpu/lib/FreeRTOS-Kernel/tasks.c.o
                0xc0007504                vTaskInternalSetTimeOutState
 .text.xTaskCheckForTimeOut
                0xc0007528       0xd4 C:/dev/System23/freetribe/build/kernel/obj/cpu/lib/FreeRTOS-Kernel/tasks.c.o
                0xc0007528                xTaskCheckForTimeOut
 .text.vTaskMissedYield
                0xc00075fc       0x14 C:/dev/System23/freetribe/build/kernel/obj/cpu/lib/FreeRTOS-Kernel/tasks.c.o
                0xc00075fc                vTaskMissedYield
 .text.xTaskGetCurrentTaskHandle
                0xc0007610       0x10 C:/dev/System23/freetribe/build/kernel/obj/cpu/lib/FreeRTOS-Kernel/tasks.c.o
                0xc0007610                xTaskGetCurrentTaskHandle
 .text.xTaskGetSchedulerState
                0xc0007620       0x48 C:/dev/System23/freetribe/build/kernel/obj/cpu/lib/FreeRTOS-Kernel/tasks.c.o
                0xc0007620                xTaskGetSchedulerState
 .text.xTaskPriorityDisinherit
                0xc0007668      0x110 C:/dev/System23/freetribe/build/kernel/obj/cpu/lib/FreeRTOS-Kernel/tasks.c.o
                0xc0007668                xTaskPriorityDisinherit
 .text.ulTaskGenericNotifyTake
                0xc0007778      0x128 C:/dev/System23/freetribe/build/kernel/obj/cpu/lib/FreeRTOS-Kernel/tasks.c.o
                0xc0007778                ulTaskGenericNotifyTake
 .text.xTaskGenericNotify
                0xc00078a0      0x224 C:/dev/System23/freetribe/build/kernel/obj/cpu/lib/FreeRTOS-Kernel/tasks.c.o
                0xc00078a0                xTaskGenericNotify
 .text.vTaskGenericNotifyGiveFromISR
                0xc0007ac4      0x1b4 C:/dev/System23/freetribe/build/kernel/obj/cpu/lib/FreeRTOS-Kernel/tasks.c.o
                0xc0007ac4                vTaskGenericNotifyGiveFromISR
 .text.prvSetupTimerInterrupt
                0xc0007c78       0x3c C:/dev/System23/freetribe/build/kernel/obj/cpu/lib/FreeRTOS-Kernel/portable/GCC/AM1802/port.c.o
 .text.vPortTickISR
                0xc0007cb4       0x30 C:/dev/System23/freetribe/build/kernel/obj/cpu/lib/FreeRTOS-Kernel/portable/GCC/AM1802/port.c.o
 .text.pxPortInitialiseStack
                0xc0007ce4       0xc4 C:/dev/System23/freetribe/build/kernel/obj/cpu/lib/FreeRTOS-Kernel/portable/GCC/AM1802/port.c.o
                0xc0007ce4                pxPortInitialiseStack
 .text.vPortStartFirstTask
                0xc0007da8       0x64 C:/dev/System23/freetribe/build/kernel/obj/cpu/lib/FreeRTOS-Kernel/portable/GCC/AM1802/port.c.o
                0xc0007da8                vPortStartFirstTask
 .text.xPortStartScheduler
                0xc0007e0c       0x14 C:/dev/System23/freetribe/build/kernel/obj/cpu/lib/FreeRTOS-Kernel/portable/GCC/AM1802/port.c.o
                0xc0007e0c                xPortStartScheduler
 .text.vPortEnterCritical
                0xc0007e20       0x2c C:/dev/System23/freetribe/build/kernel/obj/cpu/lib/FreeRTOS-Kernel/portable/GCC/AM1802/port.c.o
                0xc0007e20                vPortEnterCritical
 .text.vPortExitCritical
                0xc0007e4c       0x48 C:/dev/System23/freetribe/build/kernel/obj/cpu/lib/FreeRTOS-Kernel/portable/GCC/AM1802/port.c.o
                0xc0007e4c                vPortExitCritical
 .text.vPortYieldProcessor
                0xc0007e94       0xac C:/dev/System23/freetribe/build/kernel/obj/cpu/lib/FreeRTOS-Kernel/portable/GCC/AM1802/portISR.c.o
                0xc0007e94                vPortYieldProcessor
 .text.vFreeRTOS_ISR
                0xc0007f40       0xa8 C:/dev/System23/freetribe/build/kernel/obj/cpu/lib/FreeRTOS-Kernel/portable/GCC/AM1802/portISR.c.o
                0xc0007f40                vFreeRTOS_ISR
 .text.memcmp   0xc0007fe8       0xac c:/program files (x86)/gnu arm embedded toolchain/10 2021.10/bin/../lib/gcc/arm-none-eabi/10.3.1/../../../../arm-none-eabi/lib\libc.a(lib_a-memcmp.o)
                0xc0007fe8                memcmp
 .text.memcpy   0xc0008094      0x120 c:/program files (x86)/gnu arm embedded toolchain/10 2021.10/bin/../lib/gcc/arm-none-eabi/10.3.1/../../../../arm-none-eabi/lib\libc.a(lib_a-memcpy-stub.o)
                0xc0008094                memcpy
 .text.memset   0xc00081b4      0x11c c:/program files (x86)/gnu arm embedded toolchain/10 2021.10/bin/../lib/gcc/arm-none-eabi/10.3.1/../../../../arm-none-eabi/lib\libc.a(lib_a-memset.o)
                0xc00081b4                memset
 .text          0xc00082d0      0x114 c:/program files (x86)/gnu arm embedded toolchain/10 2021.10/bin/../lib/gcc/arm-none-eabi/10.3.1\libgcc.a(_udivsi3.o)
                0xc00082d0                __aeabi_uidiv
                0xc00082d0                __udivsi3
                0xc00083c4                __aeabi_uidivmod
 .text          0xc00083e4      0x148 c:/program files (x86)/gnu arm embedded toolchain/10 2021.10/bin/../lib/gcc/arm-none-eabi/10.3.1\libgcc.a(_divsi3.o)
                0xc00083e4                __divsi3
                0xc00083e4                __aeabi_idiv
                0xc000850c                __aeabi_idivmod
 .text          0xc000852c        0x4 c:/program files (x86)/gnu arm embedded toolchain/10 2021.10/bin/../lib/gcc/arm-none-eabi/10.3.1\libgcc.a(_dvmd_tls.o)
                0xc000852c                __aeabi_idiv0
                0xc000852c                __aeabi_ldiv0
 .text          0xc0008530       0x3c c:/program files (x86)/gnu arm embedded toolchain/10 2021.10/bin/../lib/gcc/arm-none-eabi/10.3.1\libgcc.a(_aeabi_uldivmod.o)
                0xc0008530                __aeabi_uldivmod
 .text          0xc000856c      0x128 c:/program files (x86)/gnu arm embedded toolchain/10 2021.10/bin/../lib/gcc/arm-none-eabi/10.3.1\libgcc.a(_udivmoddi4.o)
                0xc000856c                __udivmoddi4
 .text          0xc0008694       0x28 c:/program files (x86)/gnu arm embedded toolchain/10 2021.10/bin/../lib/gcc/arm-none-eabi/10.3.1\libgcc.a(_clzdi2.o)
                0xc0008694                __clzdi2
 .text          0xc00086bc       0x48 c:/program files (x86)/gnu arm embedded toolchain/10 2021.10/bin/../lib/gcc/arm-none-eabi/10.3.1\libgcc.a(_clzsi2.o)
                0xc00086bc                __clzsi2
 *(.rodata*)
 .rodata._on_hostwr_done.str1.4
                0xc0008704       0x10 C:/dev/System23/freetribe/build/kernel/obj/cpu/src/kernel/device/dev_dsp_ipc.c.o
 .rodata._on_error.str1.4
                0xc0008714        0xa C:/dev/System23/freetribe/build/kernel/obj/cpu/src/kernel/device/dev_dsp_ipc.c.o
 *fill*         0xc000871e        0x2 
 .rodata._store_inflight_read.str1.4
                0xc0008720       0x14 C:/dev/System23/freetribe/build/kernel/obj/cpu/src/kernel/device/dev_dsp_ipc.c.o
 .rodata._on_hostrd_done.str1.4
                0xc0008734       0x10 C:/dev/System23/freetribe/build/kernel/obj/cpu/src/kernel/device/dev_dsp_ipc.c.o
 .rodata        0xc0008744       0x18 C:/dev/System23/freetribe/build/kernel/obj/cpu/src/kernel/device/dev_dsp_ipc.c.o
 .rodata        0xc000875c        0xd C:/dev/System23/freetribe/build/kernel/obj/cpu/src/kernel/device/dev_lcd.c.o
 *fill*         0xc0008769        0x3 
 .rodata        0xc000876c       0x18 C:/dev/System23/freetribe/build/kernel/obj/cpu/src/kernel/device/dev_mcu.c.o
 .rodata.str1.4
                0xc0008784       0x1c C:/dev/System23/freetribe/build/kernel/obj/cpu/src/kernel/knl_main.c.o
 .rodata.g_service_tasks
                0xc00087a0       0x30 C:/dev/System23/freetribe/build/kernel/obj/cpu/src/kernel/knl_main.c.o
 .rodata.main.str1.4
                0xc00087d0        0x5 C:/dev/System23/freetribe/build/kernel/obj/cpu/src/kernel/main.c.o
 *fill*         0xc00087d5        0x3 
 .rodata.per_emifa_transfer.str1.4
                0xc00087d8       0x13 C:/dev/System23/freetribe/build/kernel/obj/cpu/src/kernel/peripheral/per_emifa.c.o
 *fill*         0xc00087eb        0x1 
 .rodata.g_base_address
                0xc00087ec        0x8 C:/dev/System23/freetribe/build/kernel/obj/cpu/src/kernel/peripheral/per_spi.c.o
 .rodata.g_isr_address
                0xc00087f4        0x8 C:/dev/System23/freetribe/build/kernel/obj/cpu/src/kernel/peripheral/per_spi.c.o
 .rodata.g_system_interrupt
                0xc00087fc        0x8 C:/dev/System23/freetribe/build/kernel/obj/cpu/src/kernel/peripheral/per_spi.c.o
 .rodata.g_base_address
                0xc0008804        0x8 C:/dev/System23/freetribe/build/kernel/obj/cpu/src/kernel/peripheral/per_uart.c.o
 .rodata.g_isr_address
                0xc000880c        0x8 C:/dev/System23/freetribe/build/kernel/obj/cpu/src/kernel/peripheral/per_uart.c.o
 .rodata.g_system_interrupt
                0xc0008814        0x8 C:/dev/System23/freetribe/build/kernel/obj/cpu/src/kernel/peripheral/per_uart.c.o
 .rodata        0xc000881c       0x18 C:/dev/System23/freetribe/build/kernel/obj/cpu/src/kernel/service/svc_delay.c.o
 .rodata.vecTbl
                0xc0008834       0x38 C:/dev/System23/freetribe/build/kernel/obj/cpu/src/kernel/system/startup.c.o
 .rodata.prvCreateIdleTasks.str1.4
                0xc000886c        0x5 C:/dev/System23/freetribe/build/kernel/obj/cpu/lib/FreeRTOS-Kernel/tasks.c.o
 *fill*         0xc0008871        0x3 
 .rodata        0xc0008874       0x18 C:/dev/System23/freetribe/build/kernel/obj/cpu/lib/FreeRTOS-Kernel/portable/GCC/AM1802/port.c.o
 *(.init*)
 .init          0xc000888c        0xc c:/program files (x86)/gnu arm embedded toolchain/10 2021.10/bin/../lib/gcc/arm-none-eabi/10.3.1/crti.o
                0xc000888c                _init
 *(.fini*)
 .fini          0xc0008898        0xc c:/program files (x86)/gnu arm embedded toolchain/10 2021.10/bin/../lib/gcc/arm-none-eabi/10.3.1/crti.o
                0xc0008898                _fini
 *(.iplt*)
 .iplt          0xc00088a4        0x0 C:/dev/System23/freetribe/build/kernel/obj/common/ft_error.c.o
 *(.rel.*)
 .rel.iplt      0xc00088a4        0x0 C:/dev/System23/freetribe/build/kernel/obj/common/ft_error.c.o
 *(.glue_7*)
 .glue_7        0xc00088a4        0x0 linker stubs
 .glue_7t       0xc00088a4        0x0 linker stubs
 *(.glue_7t*)
 *(.eh_frame*)

.vfp11_veneer   0xc00088a4        0x0
 .vfp11_veneer  0xc00088a4        0x0 linker stubs

.v4_bx          0xc00088a4        0x0
 .v4_bx         0xc00088a4        0x0 linker stubs
                0xc00088a4                . = ALIGN (0x4)

.ARM.exidx      0xc00088a4        0x8
 *(.ARM.exidx*)
 .ARM.exidx     0xc00088a4        0x8 c:/program files (x86)/gnu arm embedded toolchain/10 2021.10/bin/../lib/gcc/arm-none-eabi/10.3.1\libgcc.a(_udivmoddi4.o)
 *(.gnu.linkonce.armexidx.*)

.data           0xc0100000     0x2990
                0xc0100000                _kernel_cacheable_end = .
 *(.data*)
 .data.result.0
                0xc0100000        0x1 C:/dev/System23/freetribe/build/kernel/obj/common/ft_error.c.o
 .data.g_mcu_tx_complete
                0xc0100001        0x1 C:/dev/System23/freetribe/build/kernel/obj/cpu/src/kernel/device/dev_mcu.c.o
 *fill*         0xc0100002        0x2 
 .data.uart_cfg.1
                0xc0100004       0x10 C:/dev/System23/freetribe/build/kernel/obj/cpu/src/kernel/device/dev_mcu.c.o
 .data.bfin_ldr
                0xc0100014     0x2970 C:/dev/System23/freetribe/build/kernel/obj/cpu/src/kernel/service/svc_dsp.c.o
                0xc0100014                bfin_ldr
 .data.bfin_ldr_len
                0xc0102984        0x4 C:/dev/System23/freetribe/build/kernel/obj/cpu/src/kernel/service/svc_dsp.c.o
                0xc0102984                bfin_ldr_len
 .data.uxTopUsedPriority
                0xc0102988        0x1 C:/dev/System23/freetribe/build/kernel/obj/cpu/lib/FreeRTOS-Kernel/tasks.c.o
 *fill*         0xc0102989        0x3 
 .data.ulCriticalNesting
                0xc010298c        0x4 C:/dev/System23/freetribe/build/kernel/obj/cpu/lib/FreeRTOS-Kernel/portable/GCC/AM1802/port.c.o
                0xc010298c                ulCriticalNesting
 *(.init_array*)
 *(.fini_array*)

.igot.plt       0xc0102990        0x0
 .igot.plt      0xc0102990        0x0 C:/dev/System23/freetribe/build/kernel/obj/common/ft_error.c.o
                0xc0102990                . = ALIGN (0x4)
                0xc0102990                _bss_start = .

.bss            0xc0104000     0x82dd
 *(.bss*)
 .bss._rb       0xc0104000      0x500 C:/dev/System23/freetribe/build/kernel/obj/common/ring_buffer.c.o
 .bss.idx.0     0xc0104500        0x4 C:/dev/System23/freetribe/build/kernel/obj/common/ring_buffer.c.o
 .bss.str.1     0xc0104504      0x100 C:/dev/System23/freetribe/build/kernel/obj/cpu/src/api/freetribe.c.o
 *fill*         0xc0104604       0x1c 
 .bss.dsp_spi_rx_byte_mem
                0xc0104620       0x20 C:/dev/System23/freetribe/build/kernel/obj/cpu/src/kernel/device/dev_dsp.c.o
 .bss.dsp_spi_rx_rbd
                0xc0104640        0x4 C:/dev/System23/freetribe/build/kernel/obj/cpu/src/kernel/device/dev_dsp.c.o
 *fill*         0xc0104644       0x1c 
 .bss.dsp_spi_rx_rbmem
                0xc0104660      0x100 C:/dev/System23/freetribe/build/kernel/obj/cpu/src/kernel/device/dev_dsp.c.o
 .bss.dsp_spi_tx_byte_mem
                0xc0104760       0x20 C:/dev/System23/freetribe/build/kernel/obj/cpu/src/kernel/device/dev_dsp.c.o
 .bss.dsp_spi_tx_rbd
                0xc0104780        0x4 C:/dev/System23/freetribe/build/kernel/obj/cpu/src/kernel/device/dev_dsp.c.o
 *fill*         0xc0104784       0x1c 
 .bss.dsp_spi_tx_rbmem
                0xc01047a0      0x100 C:/dev/System23/freetribe/build/kernel/obj/cpu/src/kernel/device/dev_dsp.c.o
 .bss.g_dsp_spi_rx_complete
                0xc01048a0        0x1 C:/dev/System23/freetribe/build/kernel/obj/cpu/src/kernel/device/dev_dsp.c.o
 .bss.g_dsp_spi_tx_complete
                0xc01048a1        0x1 C:/dev/System23/freetribe/build/kernel/obj/cpu/src/kernel/device/dev_dsp.c.o
 *fill*         0xc01048a2        0x2 
 .bss.g_active_tx
                0xc01048a4       0x28 C:/dev/System23/freetribe/build/kernel/obj/cpu/src/kernel/device/dev_dsp_ipc.c.o
 .bss.g_inflight_rbd
                0xc01048cc        0x4 C:/dev/System23/freetribe/build/kernel/obj/cpu/src/kernel/device/dev_dsp_ipc.c.o
 .bss.g_inflight_reads
                0xc01048d0      0x500 C:/dev/System23/freetribe/build/kernel/obj/cpu/src/kernel/device/dev_dsp_ipc.c.o
 .bss.g_lock_driver
                0xc0104dd0        0x1 C:/dev/System23/freetribe/build/kernel/obj/cpu/src/kernel/device/dev_dsp_ipc.c.o
 *fill*         0xc0104dd1        0x3 
 .bss.g_queue   0xc0104dd4      0x500 C:/dev/System23/freetribe/build/kernel/obj/cpu/src/kernel/device/dev_dsp_ipc.c.o
 .bss.g_rbd     0xc01052d4        0x4 C:/dev/System23/freetribe/build/kernel/obj/cpu/src/kernel/device/dev_dsp_ipc.c.o
 .bss.g_tx_in_progress
                0xc01052d8        0x1 C:/dev/System23/freetribe/build/kernel/obj/cpu/src/kernel/device/dev_dsp_ipc.c.o
 .bss.s_initialised
                0xc01052d9        0x1 C:/dev/System23/freetribe/build/kernel/obj/cpu/src/kernel/device/dev_lcd.c.o
 *fill*         0xc01052da        0x2 
 .bss.g_mcu_rx_msg
                0xc01052dc        0x5 C:/dev/System23/freetribe/build/kernel/obj/cpu/src/kernel/device/dev_mcu.c.o
 *fill*         0xc01052e1        0x3 
 .bss.mcu_msg.0
                0xc01052e4        0x5 C:/dev/System23/freetribe/build/kernel/obj/cpu/src/kernel/device/dev_mcu.c.o
 *fill*         0xc01052e9        0x3 
 .bss.mcu_rx_rbd
                0xc01052ec        0x4 C:/dev/System23/freetribe/build/kernel/obj/cpu/src/kernel/device/dev_mcu.c.o
 .bss.mcu_rx_rbmem
                0xc01052f0      0xa00 C:/dev/System23/freetribe/build/kernel/obj/cpu/src/kernel/device/dev_mcu.c.o
 .bss.mcu_tx_rbd
                0xc0105cf0        0x4 C:/dev/System23/freetribe/build/kernel/obj/cpu/src/kernel/device/dev_mcu.c.o
 .bss.mcu_tx_rbmem
                0xc0105cf4      0xa00 C:/dev/System23/freetribe/build/kernel/obj/cpu/src/kernel/device/dev_mcu.c.o
 .bss.p_mcu_rx_callback
                0xc01066f4        0x4 C:/dev/System23/freetribe/build/kernel/obj/cpu/src/kernel/device/dev_mcu.c.o
 .bss.byte.0    0xc01066f8        0x1 C:/dev/System23/freetribe/build/kernel/obj/cpu/src/kernel/device/dev_trs.c.o
 .bss.g_trs_tx_complete
                0xc01066f9        0x1 C:/dev/System23/freetribe/build/kernel/obj/cpu/src/kernel/device/dev_trs.c.o
 *fill*         0xc01066fa        0x2 
 .bss.trs_tx_rbd
                0xc01066fc        0x4 C:/dev/System23/freetribe/build/kernel/obj/cpu/src/kernel/device/dev_trs.c.o
 .bss.g_user_event_queue
                0xc0106700        0x4 C:/dev/System23/freetribe/build/kernel/obj/cpu/src/kernel/knl_main.c.o
 .bss.g_user_task_handle
                0xc0106704        0x4 C:/dev/System23/freetribe/build/kernel/obj/cpu/src/kernel/knl_main.c.o
 .bss.g_user_tick_div
                0xc0106708        0x4 C:/dev/System23/freetribe/build/kernel/obj/cpu/src/kernel/knl_main.c.o
 .bss.g_user_tick_pending
                0xc010670c        0x1 C:/dev/System23/freetribe/build/kernel/obj/cpu/src/kernel/knl_main.c.o
 *fill*         0xc010670d        0x3 
 .bss.p_user_tick_callback
                0xc0106710        0x4 C:/dev/System23/freetribe/build/kernel/obj/cpu/src/kernel/knl_main.c.o
 .bss.user_tick.0
                0xc0106714        0x4 C:/dev/System23/freetribe/build/kernel/obj/cpu/src/kernel/knl_main.c.o
 .bss.g_error_callback
                0xc0106718        0x4 C:/dev/System23/freetribe/build/kernel/obj/cpu/src/kernel/peripheral/per_emifa.c.o
 .bss.g_idle_callback
                0xc010671c        0x4 C:/dev/System23/freetribe/build/kernel/obj/cpu/src/kernel/peripheral/per_emifa.c.o
 .bss.g_rx_callback
                0xc0106720        0x4 C:/dev/System23/freetribe/build/kernel/obj/cpu/src/kernel/peripheral/per_emifa.c.o
 .bss.g_rx_state
                0xc0106724       0x24 C:/dev/System23/freetribe/build/kernel/obj/cpu/src/kernel/peripheral/per_emifa.c.o
 .bss.g_state   0xc0106748        0x1 C:/dev/System23/freetribe/build/kernel/obj/cpu/src/kernel/peripheral/per_emifa.c.o
 *fill*         0xc0106749        0x3 
 .bss.g_tx_callback
                0xc010674c        0x4 C:/dev/System23/freetribe/build/kernel/obj/cpu/src/kernel/peripheral/per_emifa.c.o
 .bss.g_tx_state
                0xc0106750       0x24 C:/dev/System23/freetribe/build/kernel/obj/cpu/src/kernel/peripheral/per_emifa.c.o
 .bss.g_spi     0xc0106774       0x58 C:/dev/System23/freetribe/build/kernel/obj/cpu/src/kernel/peripheral/per_spi.c.o
 .bss.g_uart    0xc01067cc       0x48 C:/dev/System23/freetribe/build/kernel/obj/cpu/src/kernel/peripheral/per_uart.c.o
 .bss.g_delay_ready
                0xc0106814        0x1 C:/dev/System23/freetribe/build/kernel/obj/cpu/src/kernel/service/svc_delay.c.o
 *fill*         0xc0106815        0x3 
 .bss.g_frame_buffer_a
                0xc0106818      0x400 C:/dev/System23/freetribe/build/kernel/obj/cpu/src/kernel/service/svc_display.c.o
 .bss.g_frame_buffer_b
                0xc0106c18      0x400 C:/dev/System23/freetribe/build/kernel/obj/cpu/src/kernel/service/svc_display.c.o
 .bss.page_index.0
                0xc0107018        0x1 C:/dev/System23/freetribe/build/kernel/obj/cpu/src/kernel/service/svc_display.c.o
 *fill*         0xc0107019        0x3 
 .bss.reset_delay.1
                0xc010701c       0x14 C:/dev/System23/freetribe/build/kernel/obj/cpu/src/kernel/service/svc_display.c.o
 .bss.state.2   0xc0107030        0x1 C:/dev/System23/freetribe/build/kernel/obj/cpu/src/kernel/service/svc_display.c.o
 .bss.count.1   0xc0107031        0x1 C:/dev/System23/freetribe/build/kernel/obj/cpu/src/kernel/service/svc_dsp.c.o
 .bss.dsp_byte.6
                0xc0107032        0x1 C:/dev/System23/freetribe/build/kernel/obj/cpu/src/kernel/service/svc_dsp.c.o
 .bss.g_dsp_ready
                0xc0107033        0x1 C:/dev/System23/freetribe/build/kernel/obj/cpu/src/kernel/service/svc_dsp.c.o
 .bss.g_dsp_ready_wait_task
                0xc0107034        0x4 C:/dev/System23/freetribe/build/kernel/obj/cpu/src/kernel/service/svc_dsp.c.o
 .bss.g_pending_response
                0xc0107038        0x4 C:/dev/System23/freetribe/build/kernel/obj/cpu/src/kernel/service/svc_dsp.c.o
 .bss.length.2  0xc010703c        0x1 C:/dev/System23/freetribe/build/kernel/obj/cpu/src/kernel/service/svc_dsp.c.o
 .bss.msg_id.3  0xc010703d        0x1 C:/dev/System23/freetribe/build/kernel/obj/cpu/src/kernel/service/svc_dsp.c.o
 .bss.msg_type.4
                0xc010703e        0x1 C:/dev/System23/freetribe/build/kernel/obj/cpu/src/kernel/service/svc_dsp.c.o
 *fill*         0xc010703f        0x1 
 .bss.p_module_param_value_callback
                0xc0107040        0x4 C:/dev/System23/freetribe/build/kernel/obj/cpu/src/kernel/service/svc_dsp.c.o
 .bss.p_system_port_state_callback
                0xc0107044        0x4 C:/dev/System23/freetribe/build/kernel/obj/cpu/src/kernel/service/svc_dsp.c.o
 .bss.p_system_profile_callback
                0xc0107048        0x4 C:/dev/System23/freetribe/build/kernel/obj/cpu/src/kernel/service/svc_dsp.c.o
 .bss.payload.0
                0xc010704c       0xff C:/dev/System23/freetribe/build/kernel/obj/cpu/src/kernel/service/svc_dsp.c.o
 *fill*         0xc010714b        0x1 
 .bss.reset_delay.7
                0xc010714c       0x14 C:/dev/System23/freetribe/build/kernel/obj/cpu/src/kernel/service/svc_dsp.c.o
 .bss.state.5   0xc0107160        0x1 C:/dev/System23/freetribe/build/kernel/obj/cpu/src/kernel/service/svc_dsp.c.o
 .bss.state.8   0xc0107161        0x1 C:/dev/System23/freetribe/build/kernel/obj/cpu/src/kernel/service/svc_dsp.c.o
 *fill*         0xc0107162        0x2 
 .bss.g_panel_task_handle
                0xc0107164        0x4 C:/dev/System23/freetribe/build/kernel/obj/cpu/src/kernel/service/svc_panel.c.o
 .bss.held_buttons.0
                0xc0107168        0x8 C:/dev/System23/freetribe/build/kernel/obj/cpu/src/kernel/service/svc_panel.c.o
 .bss.p_button_callback
                0xc0107170        0x4 C:/dev/System23/freetribe/build/kernel/obj/cpu/src/kernel/service/svc_panel.c.o
 .bss.p_encoder_callback
                0xc0107174        0x4 C:/dev/System23/freetribe/build/kernel/obj/cpu/src/kernel/service/svc_panel.c.o
 .bss.p_held_buttons_callback
                0xc0107178        0x4 C:/dev/System23/freetribe/build/kernel/obj/cpu/src/kernel/service/svc_panel.c.o
 .bss.p_knob_callback
                0xc010717c        0x4 C:/dev/System23/freetribe/build/kernel/obj/cpu/src/kernel/service/svc_panel.c.o
 .bss.p_panel_ack_callback
                0xc0107180        0x4 C:/dev/System23/freetribe/build/kernel/obj/cpu/src/kernel/service/svc_panel.c.o
 .bss.p_trigger_callback
                0xc0107184        0x4 C:/dev/System23/freetribe/build/kernel/obj/cpu/src/kernel/service/svc_panel.c.o
 .bss.p_undefined_callback
                0xc0107188        0x4 C:/dev/System23/freetribe/build/kernel/obj/cpu/src/kernel/service/svc_panel.c.o
 .bss.p_xy_pad_callback
                0xc010718c        0x4 C:/dev/System23/freetribe/build/kernel/obj/cpu/src/kernel/service/svc_panel.c.o
 .bss.panel_msg.1
                0xc0107190        0x5 C:/dev/System23/freetribe/build/kernel/obj/cpu/src/kernel/service/svc_panel.c.o
 .bss.state.2   0xc0107195        0x1 C:/dev/System23/freetribe/build/kernel/obj/cpu/src/kernel/service/svc_panel.c.o
 *fill*         0xc0107196        0x2 
 .bss.p_print_callback
                0xc0107198        0x4 C:/dev/System23/freetribe/build/kernel/obj/cpu/src/kernel/service/svc_system.c.o
 .bss.g_systick
                0xc010719c        0x4 C:/dev/System23/freetribe/build/kernel/obj/cpu/src/kernel/service/svc_systick.c.o
 .bss.p_systick_callback
                0xc01071a0        0x4 C:/dev/System23/freetribe/build/kernel/obj/cpu/src/kernel/service/svc_systick.c.o
 .bss.pxEnd     0xc01071a4        0x4 C:/dev/System23/freetribe/build/kernel/obj/cpu/src/kernel/system/heap_4.c.o
 .bss.xFreeBytesRemaining
                0xc01071a8        0x4 C:/dev/System23/freetribe/build/kernel/obj/cpu/src/kernel/system/heap_4.c.o
 .bss.xHeapCanary
                0xc01071ac        0x4 C:/dev/System23/freetribe/build/kernel/obj/cpu/src/kernel/system/heap_4.c.o
 .bss.xMinimumEverFreeBytesRemaining
                0xc01071b0        0x4 C:/dev/System23/freetribe/build/kernel/obj/cpu/src/kernel/system/heap_4.c.o
 .bss.xNumberOfSuccessfulAllocations
                0xc01071b4        0x4 C:/dev/System23/freetribe/build/kernel/obj/cpu/src/kernel/system/heap_4.c.o
 .bss.xNumberOfSuccessfulFrees
                0xc01071b8        0x4 C:/dev/System23/freetribe/build/kernel/obj/cpu/src/kernel/system/heap_4.c.o
 .bss.xStart    0xc01071bc        0x8 C:/dev/System23/freetribe/build/kernel/obj/cpu/src/kernel/system/heap_4.c.o
 *fill*         0xc01071c4      0xe3c 
 .bss.page_table
                0xc0108000     0x4000 C:/dev/System23/freetribe/build/kernel/obj/cpu/src/kernel/system/startup.c.o
 .bss.state.0   0xc010c000        0x1 C:/dev/System23/freetribe/build/kernel/obj/cpu/src/user/usr_main.c.o
 *fill*         0xc010c001        0x3 
 .bss.fnRAMVectors
                0xc010c004      0x194 C:/dev/System23/freetribe/build/kernel/obj/cpu/lib/am1802-csl/src/csl_interrupt.c.o
                0xc010c004                fnRAMVectors
 .bss.pxCurrentTCB
                0xc010c198        0x4 C:/dev/System23/freetribe/build/kernel/obj/cpu/lib/FreeRTOS-Kernel/tasks.c.o
                0xc010c198                pxCurrentTCB
 .bss.pxDelayedTaskList
                0xc010c19c        0x4 C:/dev/System23/freetribe/build/kernel/obj/cpu/lib/FreeRTOS-Kernel/tasks.c.o
 .bss.pxOverflowDelayedTaskList
                0xc010c1a0        0x4 C:/dev/System23/freetribe/build/kernel/obj/cpu/lib/FreeRTOS-Kernel/tasks.c.o
 .bss.pxReadyTasksLists
                0xc010c1a4       0x8c C:/dev/System23/freetribe/build/kernel/obj/cpu/lib/FreeRTOS-Kernel/tasks.c.o
 .bss.uxCurrentNumberOfTasks
                0xc010c230        0x1 C:/dev/System23/freetribe/build/kernel/obj/cpu/lib/FreeRTOS-Kernel/tasks.c.o
 .bss.uxDeletedTasksWaitingCleanUp
                0xc010c231        0x1 C:/dev/System23/freetribe/build/kernel/obj/cpu/lib/FreeRTOS-Kernel/tasks.c.o
 .bss.uxSchedulerSuspended
                0xc010c232        0x1 C:/dev/System23/freetribe/build/kernel/obj/cpu/lib/FreeRTOS-Kernel/tasks.c.o
 .bss.uxTaskNumber
                0xc010c233        0x1 C:/dev/System23/freetribe/build/kernel/obj/cpu/lib/FreeRTOS-Kernel/tasks.c.o
 .bss.uxTopReadyPriority
                0xc010c234        0x1 C:/dev/System23/freetribe/build/kernel/obj/cpu/lib/FreeRTOS-Kernel/tasks.c.o
 *fill*         0xc010c235        0x3 
 .bss.xDelayedTaskList1
                0xc010c238       0x1c C:/dev/System23/freetribe/build/kernel/obj/cpu/lib/FreeRTOS-Kernel/tasks.c.o
 .bss.xDelayedTaskList2
                0xc010c254       0x1c C:/dev/System23/freetribe/build/kernel/obj/cpu/lib/FreeRTOS-Kernel/tasks.c.o
 .bss.xIdleTaskHandles
                0xc010c270        0x4 C:/dev/System23/freetribe/build/kernel/obj/cpu/lib/FreeRTOS-Kernel/tasks.c.o
 .bss.xNextTaskUnblockTime
                0xc010c274        0x4 C:/dev/System23/freetribe/build/kernel/obj/cpu/lib/FreeRTOS-Kernel/tasks.c.o
 .bss.xNumOfOverflows
                0xc010c278        0x1 C:/dev/System23/freetribe/build/kernel/obj/cpu/lib/FreeRTOS-Kernel/tasks.c.o
 *fill*         0xc010c279        0x3 
 .bss.xPendedTicks
                0xc010c27c        0x4 C:/dev/System23/freetribe/build/kernel/obj/cpu/lib/FreeRTOS-Kernel/tasks.c.o
 .bss.xPendingReadyList
                0xc010c280       0x1c C:/dev/System23/freetribe/build/kernel/obj/cpu/lib/FreeRTOS-Kernel/tasks.c.o
 .bss.xSchedulerRunning