C:/dev/System23/freetribe/cpu/lib/FreeRTOS-Kernel/queue.c:2375:24:prvGetHighestPriorityOfWaitToReceiveList	0	static
C:/dev/System23/freetribe/cpu/lib/FreeRTOS-Kernel/queue.c:2669:19:prvIsQueueFull	8	static
C:/dev/System23/freetribe/cpu/lib/FreeRTOS-Kernel/queue.c:2624:19:prvIsQueueEmpty	8	static
C:/dev/System23/freetribe/cpu/lib/FreeRTOS-Kernel/queue.c:2400:19:prvCopyDataToQueue	16	static
C:/dev/System23/freetribe/cpu/lib/FreeRTOS-Kernel/queue.c:2483:13:prvCopyDataFromQueue	8	static
C:/dev/System23/freetribe/cpu/lib/FreeRTOS-Kernel/queue.c:2504:13:prvUnlockQueue	16	static
C:/dev/System23/freetribe/cpu/lib/FreeRTOS-Kernel/queue.c:303:12:xQueueGenericReset	16	static
C:/dev/System23/freetribe/cpu/lib/FreeRTOS-Kernel/queue.c:569:13:prvInitialiseNewQueue	16	static
C:/dev/System23/freetribe/cpu/lib/FreeRTOS-Kernel/queue.c:502:19:xQueueGenericCreate	32	static
C:/dev/System23/freetribe/cpu/lib/FreeRTOS-Kernel/queue.c:949:12:xQueueGenericSend	40	static
C:/dev/System23/freetribe/cpu/lib/FreeRTOS-Kernel/queue.c:617:17:prvInitialiseMutex	8	static
C:/dev/System23/freetribe/cpu/lib/FreeRTOS-Kernel/queue.c:647:19:xQueueCreateMutex	8	static
C:/dev/System23/freetribe/cpu/lib/FreeRTOS-Kernel/queue.c:1167:12:xQueueGenericSendFromISR	16	static
C:/dev/System23/freetribe/cpu/lib/FreeRTOS-Kernel/queue.c:1339:12:xQueueGiveFromISR	16	static
C:/dev/System23/freetribe/cpu/lib/FreeRTOS-Kernel/queue.c:1512:12:xQueueReceive	40	static
C:/dev/System23/freetribe/cpu/lib/FreeRTOS-Kernel/queue.c:1662:12:xQueueSemaphoreTake	32	static
C:/dev/System23/freetribe/cpu/lib/FreeRTOS-Kernel/queue.c:1887:12:xQueuePeek	32	static
C:/dev/System23/freetribe/cpu/lib/FreeRTOS-Kernel/queue.c:2045:12:xQueueReceiveFromISR	24	static
C:/dev/System23/freetribe/cpu/lib/FreeRTOS-Kernel/queue.c:2145:12:xQueuePeekFromISR	16	static
C:/dev/System23/freetribe/cpu/lib/FreeRTOS-Kernel/queue.c:2207:13:uxQueueMessagesWaiting	8	static
C:/dev/System23/freetribe/cpu/lib/FreeRTOS-Kernel/queue.c:2227:13:uxQueueSpacesAvailable	8	static
C:/dev/System23/freetribe/cpu/lib/FreeRTOS-Kernel/queue.c:2248:13:uxQueueMessagesWaitingFromISR	0	static
C:/dev/System23/freetribe/cpu/lib/FreeRTOS-Kernel/queue.c:2264:6:vQueueDelete	8	static
C:/dev/System23/freetribe/cpu/lib/FreeRTOS-Kernel/queue.c:2312:17:uxQueueGetQueueNumber	0	static
C:/dev/System23/freetribe/cpu/lib/FreeRTOS-Kernel/queue.c:2326:10:vQueueSetQueueNumber	0	static
C:/dev/System23/freetribe/cpu/lib/FreeRTOS-Kernel/queue.c:2341:13:ucQueueGetQueueType	0	static
C:/dev/System23/freetribe/cpu/lib/FreeRTOS-Kernel/queue.c:2353:13:uxQueueGetQueueItemSize	0	static
C:/dev/System23/freetribe/cpu/lib/FreeRTOS-Kernel/queue.c:2363:13:uxQueueGetQueueLength	0	static
C:/dev/System23/freetribe/cpu/lib/FreeRTOS-Kernel/queue.c:2645:12:xQueueIsQueueEmptyFromISR	0	static
C:/dev/System23/freetribe/cpu/lib/FreeRTOS-Kernel/queue.c:2690:12:xQueueIsQueueFullFromISR	0	static
