C:/dev/System23/freetribe/cpu/lib/FreeRTOS-Kernel/tasks.c:3312:23:prvTaskIsTaskSuspended	0	static
C:/dev/System23/freetribe/cpu/lib/FreeRTOS-Kernel/tasks.c:6364:35:prvTaskCheckFreeStackSpace	0	static
C:/dev/System23/freetribe/cpu/lib/FreeRTOS-Kernel/tasks.c:6515:13:prvResetNextTaskUnblockTime	0	static
C:/dev/System23/freetribe/cpu/lib/FreeRTOS-Kernel/tasks.c:6462:17:prvDeleteTCB	8	static
C:/dev/System23/freetribe/cpu/lib/FreeRTOS-Kernel/tasks.c:1815:13:prvInitialiseNewTask	32	static
C:/dev/System23/freetribe/cpu/lib/FreeRTOS-Kernel/tasks.c:1642:20:prvCreateTask	48	static
C:/dev/System23/freetribe/cpu/lib/FreeRTOS-Kernel/tasks.c:6067:13:prvInitialiseTaskLists	16	static
C:/dev/System23/freetribe/cpu/lib/FreeRTOS-Kernel/tasks.c:2041:17:prvAddNewTaskToReadyList	8	static
C:/dev/System23/freetribe/cpu/lib/FreeRTOS-Kernel/tasks.c:6099:13:prvCheckTasksWaitingTermination	8	static
C:/dev/System23/freetribe/cpu/lib/FreeRTOS-Kernel/tasks.c:5801:8:prvIdleTask	8	static
C:/dev/System23/freetribe/cpu/lib/FreeRTOS-Kernel/tasks.c:8579:13:prvAddCurrentTaskToDelayedList	24	static
C:/dev/System23/freetribe/cpu/lib/FreeRTOS-Kernel/tasks.c:1740:16:xTaskCreate	16	static
C:/dev/System23/freetribe/cpu/lib/FreeRTOS-Kernel/tasks.c:3540:19:prvCreateIdleTasks	32	static
C:/dev/System23/freetribe/cpu/lib/FreeRTOS-Kernel/tasks.c:2213:10:vTaskDelete	16	static
C:/dev/System23/freetribe/cpu/lib/FreeRTOS-Kernel/tasks.c:2508:16:eTaskGetState	24	static
C:/dev/System23/freetribe/cpu/lib/FreeRTOS-Kernel/tasks.c:2640:17:uxTaskPriorityGet	8	static
C:/dev/System23/freetribe/cpu/lib/FreeRTOS-Kernel/tasks.c:2668:17:uxTaskPriorityGetFromISR	0	static
C:/dev/System23/freetribe/cpu/lib/FreeRTOS-Kernel/tasks.c:2718:17:uxTaskBasePriorityGet	8	static
C:/dev/System23/freetribe/cpu/lib/FreeRTOS-Kernel/tasks.c:2746:17:uxTaskBasePriorityGetFromISR	0	static
C:/dev/System23/freetribe/cpu/lib/FreeRTOS-Kernel/tasks.c:2796:10:vTaskPrioritySet	16	static
C:/dev/System23/freetribe/cpu/lib/FreeRTOS-Kernel/tasks.c:3382:10:vTaskResume	16	static
C:/dev/System23/freetribe/cpu/lib/FreeRTOS-Kernel/tasks.c:3443:16:xTaskResumeFromISR	16	static
C:/dev/System23/freetribe/cpu/lib/FreeRTOS-Kernel/tasks.c:3689:6:vTaskStartScheduler	8	static
C:/dev/System23/freetribe/cpu/lib/FreeRTOS-Kernel/tasks.c:3794:6:vTaskEndScheduler	8	static
C:/dev/System23/freetribe/cpu/lib/FreeRTOS-Kernel/tasks.c:3837:6:vTaskSuspendAll	0	static
C:/dev/System23/freetribe/cpu/lib/FreeRTOS-Kernel/tasks.c:4160:12:xTaskGetTickCount	8	static
C:/dev/System23/freetribe/cpu/lib/FreeRTOS-Kernel/tasks.c:4179:12:xTaskGetTickCountFromISR	0	static
C:/dev/System23/freetribe/cpu/lib/FreeRTOS-Kernel/tasks.c:4214:13:uxTaskGetNumberOfTasks	0	static
C:/dev/System23/freetribe/cpu/lib/FreeRTOS-Kernel/tasks.c:4226:8:pcTaskGetName	0	static
C:/dev/System23/freetribe/cpu/lib/FreeRTOS-Kernel/tasks.c:4725:12:xTaskIncrementTick	8	static
C:/dev/System23/freetribe/cpu/lib/FreeRTOS-Kernel/tasks.c:4011:12:xTaskResumeAll	8	static
C:/dev/System23/freetribe/cpu/lib/FreeRTOS-Kernel/tasks.c:2366:16:xTaskDelayUntil	16	static
C:/dev/System23/freetribe/cpu/lib/FreeRTOS-Kernel/tasks.c:2458:10:vTaskDelay	8	static
C:/dev/System23/freetribe/cpu/lib/FreeRTOS-Kernel/tasks.c:4601:12:xTaskCatchUpTicks	8	static
C:/dev/System23/freetribe/cpu/lib/FreeRTOS-Kernel/tasks.c:5109:10:vTaskSwitchContext	8	static
C:/dev/System23/freetribe/cpu/lib/FreeRTOS-Kernel/tasks.c:3149:10:vTaskSuspend	16	static
C:/dev/System23/freetribe/cpu/lib/FreeRTOS-Kernel/tasks.c:5296:6:vTaskPlaceOnEventList	8	static
C:/dev/System23/freetribe/cpu/lib/FreeRTOS-Kernel/tasks.c:5325:6:vTaskPlaceOnUnorderedEventList	8	static
C:/dev/System23/freetribe/cpu/lib/FreeRTOS-Kernel/tasks.c:5394:12:xTaskRemoveFromEventList	0	static
C:/dev/System23/freetribe/cpu/lib/FreeRTOS-Kernel/tasks.c:5487:6:vTaskRemoveFromUnorderedEventList	0	static
C:/dev/System23/freetribe/cpu/lib/FreeRTOS-Kernel/tasks.c:5559:6:vTaskSetTimeOutState	8	static
C:/dev/System23/freetribe/cpu/lib/FreeRTOS-Kernel/tasks.c:5575:6:vTaskInternalSetTimeOutState	0	static
C:/dev/System23/freetribe/cpu/lib/FreeRTOS-Kernel/tasks.c:5587:12:xTaskCheckForTimeOut	16	static
C:/dev/System23/freetribe/cpu/lib/FreeRTOS-Kernel/tasks.c:5656:6:vTaskMissedYield	0	static
C:/dev/System23/freetribe/cpu/lib/FreeRTOS-Kernel/tasks.c:5669:17:uxTaskGetTaskNumber	0	static
C:/dev/System23/freetribe/cpu/lib/FreeRTOS-Kernel/tasks.c:5696:10:vTaskSetTaskNumber	0	static
C:/dev/System23/freetribe/cpu/lib/FreeRTOS-Kernel/tasks.c:6177:10:vTaskGetInfo	16	static
C:/dev/System23/freetribe/cpu/lib/FreeRTOS-Kernel/tasks.c:6325:24:prvListTasksWithinSingleList	24	static
C:/dev/System23/freetribe/cpu/lib/FreeRTOS-Kernel/tasks.c:4440:17:uxTaskGetSystemState	24	static
C:/dev/System23/freetribe/cpu/lib/FreeRTOS-Kernel/tasks.c:6539:22:xTaskGetCurrentTaskHandle	0	static
C:/dev/System23/freetribe/cpu/lib/FreeRTOS-Kernel/tasks.c:6574:18:xTaskGetCurrentTaskHandleForCore	0	static
C:/dev/System23/freetribe/cpu/lib/FreeRTOS-Kernel/tasks.c:6599:16:xTaskGetSchedulerState	0	static
C:/dev/System23/freetribe/cpu/lib/FreeRTOS-Kernel/tasks.c:6639:16:xTaskPriorityInherit	16	static
C:/dev/System23/freetribe/cpu/lib/FreeRTOS-Kernel/tasks.c:6742:16:xTaskPriorityDisinherit	16	static
C:/dev/System23/freetribe/cpu/lib/FreeRTOS-Kernel/tasks.c:6836:10:vTaskPriorityDisinheritAfterTimeout	16	static
C:/dev/System23/freetribe/cpu/lib/FreeRTOS-Kernel/tasks.c:7646:12:uxTaskResetEventItemValue	0	static
C:/dev/System23/freetribe/cpu/lib/FreeRTOS-Kernel/tasks.c:7666:18:pvTaskIncrementMutexHeldCount	0	static
C:/dev/System23/freetribe/cpu/lib/FreeRTOS-Kernel/tasks.c:7691:14:ulTaskGenericNotifyTake	24	static
C:/dev/System23/freetribe/cpu/lib/FreeRTOS-Kernel/tasks.c:7793:16:xTaskGenericNotifyWait	24	static
C:/dev/System23/freetribe/cpu/lib/FreeRTOS-Kernel/tasks.c:7907:16:xTaskGenericNotify	24	static
C:/dev/System23/freetribe/cpu/lib/FreeRTOS-Kernel/tasks.c:8027:16:xTaskGenericNotifyFromISR	8	static
C:/dev/System23/freetribe/cpu/lib/FreeRTOS-Kernel/tasks.c:8209:10:vTaskGenericNotifyGiveFromISR	4	static
C:/dev/System23/freetribe/cpu/lib/FreeRTOS-Kernel/tasks.c:8341:16:xTaskGenericNotifyStateClear	16	static
C:/dev/System23/freetribe/cpu/lib/FreeRTOS-Kernel/tasks.c:8380:14:ulTaskGenericNotifyValueClear	16	static
C:/dev/System23/freetribe/cpu/lib/FreeRTOS-Kernel/tasks.c:8810:6:vTaskResetState	0	static
