C:/dev/System23/freetribe/cpu/src/api/freetribe.c:354:13:_midi_user_event_dispatch	8	static
C:/dev/System23/freetribe/cpu/src/api/freetribe.c:381:30:_midi_wrapper_for_event	0	static
C:/dev/System23/freetribe/cpu/src/api/freetribe.c:367:13:_post_midi_user_event	16	static
C:/dev/System23/freetribe/cpu/src/api/freetribe.c:352:1:_midi_pitch_bend_callback	8	static
C:/dev/System23/freetribe/cpu/src/api/freetribe.c:351:1:_midi_aftertouch_callback	8	static
C:/dev/System23/freetribe/cpu/src/api/freetribe.c:350:1:_midi_program_change_callback	8	static
C:/dev/System23/freetribe/cpu/src/api/freetribe.c:349:1:_midi_control_change_callback	8	static
C:/dev/System23/freetribe/cpu/src/api/freetribe.c:348:1:_midi_poly_aftertouch_callback	8	static
C:/dev/System23/freetribe/cpu/src/api/freetribe.c:347:1:_midi_note_on_callback	8	static
C:/dev/System23/freetribe/cpu/src/api/freetribe.c:346:1:_midi_note_off_callback	8	static
C:/dev/System23/freetribe/cpu/src/api/freetribe.c:345:1:_midi_reset_callback	8	static
C:/dev/System23/freetribe/cpu/src/api/freetribe.c:344:1:_midi_active_sense_callback	8	static
C:/dev/System23/freetribe/cpu/src/api/freetribe.c:343:1:_midi_reserved_fd_callback	8	static
C:/dev/System23/freetribe/cpu/src/api/freetribe.c:342:1:_midi_seq_stop_callback	8	static
C:/dev/System23/freetribe/cpu/src/api/freetribe.c:341:1:_midi_seq_continue_callback	8	static
C:/dev/System23/freetribe/cpu/src/api/freetribe.c:340:1:_midi_seq_start_callback	8	static
C:/dev/System23/freetribe/cpu/src/api/freetribe.c:339:1:_midi_reserved_f9_callback	8	static
C:/dev/System23/freetribe/cpu/src/api/freetribe.c:338:1:_midi_timing_clock_callback	8	static
C:/dev/System23/freetribe/cpu/src/api/freetribe.c:107:6:ft_register_tick_callback	8	static
C:/dev/System23/freetribe/cpu/src/api/freetribe.c:124:6:ft_start_delay	8	static
C:/dev/System23/freetribe/cpu/src/api/freetribe.c:139:6:ft_delay	8	static
C:/dev/System23/freetribe/cpu/src/api/freetribe.c:144:6:ft_put_pixel	8	static
C:/dev/System23/freetribe/cpu/src/api/freetribe.c:149:8:ft_fill_frame	16	static
C:/dev/System23/freetribe/cpu/src/api/freetribe.c:158:6:ft_register_print_callback	8	static
C:/dev/System23/freetribe/cpu/src/api/freetribe.c:172:6:ft_print	8	static
C:/dev/System23/freetribe/cpu/src/api/freetribe.c:177:6:ft_printf	16	static
C:/dev/System23/freetribe/cpu/src/api/freetribe.c:199:6:ft_register_panel_callback	8	static
C:/dev/System23/freetribe/cpu/src/api/freetribe.c:204:6:ft_set_trigger_mode	8	static
C:/dev/System23/freetribe/cpu/src/api/freetribe.c:217:6:ft_register_midi_callback	8	static
C:/dev/System23/freetribe/cpu/src/api/freetribe.c:238:6:ft_send_note_on	8	static
C:/dev/System23/freetribe/cpu/src/api/freetribe.c:251:6:ft_send_note_off	8	static
C:/dev/System23/freetribe/cpu/src/api/freetribe.c:264:6:ft_send_cc	8	static
C:/dev/System23/freetribe/cpu/src/api/freetribe.c:277:6:ft_toggle_led	8	static
C:/dev/System23/freetribe/cpu/src/api/freetribe.c:285:6:ft_set_led	8	static
C:/dev/System23/freetribe/cpu/src/api/freetribe.c:299:6:ft_set_module_param	8	static
C:/dev/System23/freetribe/cpu/src/api/freetribe.c:315:6:ft_get_module_param	8	static
C:/dev/System23/freetribe/cpu/src/api/freetribe.c:320:6:ft_register_dsp_callback	8	static
C:/dev/System23/freetribe/cpu/src/api/freetribe.c:329:6:ft_shutdown	8	static
