C:/dev/System23/freetribe/cpu/lib/tinyprintf/tinyprintf.c:85:33:ulli2a	48	static
C:/dev/System23/freetribe/cpu/lib/tinyprintf/tinyprintf.c:105:13:lli2a	8	static
C:/dev/System23/freetribe/cpu/lib/tinyprintf/tinyprintf.c:116:13:uli2a	32	static
C:/dev/System23/freetribe/cpu/lib/tinyprintf/tinyprintf.c:135:13:li2a	8	static
C:/dev/System23/freetribe/cpu/lib/tinyprintf/tinyprintf.c:145:13:ui2a	32	static
C:/dev/System23/freetribe/cpu/lib/tinyprintf/tinyprintf.c:164:13:i2a	8	static
C:/dev/System23/freetribe/cpu/lib/tinyprintf/tinyprintf.c:173:12:a2d	0	static
C:/dev/System23/freetribe/cpu/lib/tinyprintf/tinyprintf.c:185:13:a2u	32	static
C:/dev/System23/freetribe/cpu/lib/tinyprintf/tinyprintf.c:201:13:putchw	24	static
C:/dev/System23/freetribe/cpu/lib/tinyprintf/tinyprintf.c:450:13:_vsnprintf_putcf	0	static
C:/dev/System23/freetribe/cpu/lib/tinyprintf/tinyprintf.c:495:13:_vsprintf_putcf	0	static
C:/dev/System23/freetribe/cpu/lib/tinyprintf/tinyprintf.c:253:6:tfp_format	72	static
C:/dev/System23/freetribe/cpu/lib/tinyprintf/tinyprintf.c:427:6:init_printf	0	static
C:/dev/System23/freetribe/cpu/lib/tinyprintf/tinyprintf.c:433:6:tfp_printf	16	static
C:/dev/System23/freetribe/cpu/lib/tinyprintf/tinyprintf.c:458:5:tfp_vsnprintf	24	static
C:/dev/System23/freetribe/cpu/lib/tinyprintf/tinyprintf.c:478:5:tfp_snprintf	16	static
C:/dev/System23/freetribe/cpu/lib/tinyprintf/tinyprintf.c:501:5:tfp_vsprintf	16	static
C:/dev/System23/freetribe/cpu/lib/tinyprintf/tinyprintf.c:511:5:tfp_sprintf	12	static
