C:/dev/System23/freetribe/cpu/lib/tinyusb/src/class/cdc/cdc_device.c:82:19:tud_cdc_rx_cb	0	static
C:/dev/System23/freetribe/cpu/lib/tinyusb/src/class/cdc/cdc_device.c:86:19:tud_cdc_rx_wanted_cb	0	static
C:/dev/System23/freetribe/cpu/lib/tinyusb/src/class/cdc/cdc_device.c:91:19:tud_cdc_tx_complete_cb	0	static
C:/dev/System23/freetribe/cpu/lib/tinyusb/src/class/cdc/cdc_device.c:95:19:tud_cdc_notify_complete_cb	0	static
C:/dev/System23/freetribe/cpu/lib/tinyusb/src/class/cdc/cdc_device.c:99:19:tud_cdc_line_state_cb	0	static
C:/dev/System23/freetribe/cpu/lib/tinyusb/src/class/cdc/cdc_device.c:105:19:tud_cdc_line_coding_cb	0	static
C:/dev/System23/freetribe/cpu/lib/tinyusb/src/class/cdc/cdc_device.c:110:19:tud_cdc_send_break_cb	0	static
C:/dev/System23/freetribe/cpu/lib/tinyusb/src/class/cdc/cdc_device.c:134:6:tud_cdc_n_ready	16	static
C:/dev/System23/freetribe/cpu/lib/tinyusb/src/class/cdc/cdc_device.c:144:6:tud_cdc_n_connected	16	static
C:/dev/System23/freetribe/cpu/lib/tinyusb/src/class/cdc/cdc_device.c:151:9:tud_cdc_n_get_line_state	0	static
C:/dev/System23/freetribe/cpu/lib/tinyusb/src/class/cdc/cdc_device.c:156:6:tud_cdc_n_get_line_coding	8	static
C:/dev/System23/freetribe/cpu/lib/tinyusb/src/class/cdc/cdc_device.c:181:6:tud_cdc_n_set_wanted_char	0	static
C:/dev/System23/freetribe/cpu/lib/tinyusb/src/class/cdc/cdc_device.c:189:10:tud_cdc_n_available	0	static
C:/dev/System23/freetribe/cpu/lib/tinyusb/src/class/cdc/cdc_device.c:194:10:tud_cdc_n_read	8	static
C:/dev/System23/freetribe/cpu/lib/tinyusb/src/class/cdc/cdc_device.c:200:6:tud_cdc_n_peek	8	static
C:/dev/System23/freetribe/cpu/lib/tinyusb/src/class/cdc/cdc_device.c:205:6:tud_cdc_n_read_flush	16	static
C:/dev/System23/freetribe/cpu/lib/tinyusb/src/class/cdc/cdc_device.c:215:10:tud_cdc_n_write	8	static
C:/dev/System23/freetribe/cpu/lib/tinyusb/src/class/cdc/cdc_device.c:221:10:tud_cdc_n_write_flush	8	static
C:/dev/System23/freetribe/cpu/lib/tinyusb/src/class/cdc/cdc_device.c:227:10:tud_cdc_n_write_available	8	static
C:/dev/System23/freetribe/cpu/lib/tinyusb/src/class/cdc/cdc_device.c:233:6:tud_cdc_n_write_clear	8	static
C:/dev/System23/freetribe/cpu/lib/tinyusb/src/class/cdc/cdc_device.c:243:6:cdcd_init	40	static
C:/dev/System23/freetribe/cpu/lib/tinyusb/src/class/cdc/cdc_device.c:273:6:cdcd_deinit	16	static
C:/dev/System23/freetribe/cpu/lib/tinyusb/src/class/cdc/cdc_device.c:282:6:cdcd_reset	16	static
C:/dev/System23/freetribe/cpu/lib/tinyusb/src/class/cdc/cdc_device.c:295:10:cdcd_open	40	static
C:/dev/System23/freetribe/cpu/lib/tinyusb/src/class/cdc/cdc_device.c:378:6:cdcd_control_xfer_cb	16	static
C:/dev/System23/freetribe/cpu/lib/tinyusb/src/class/cdc/cdc_device.c:460:6:cdcd_xfer_cb	48	static
