C:/dev/System23/freetribe/cpu/lib/am1802-csl/src/csl_cppi41dma.c:1314:6:Cppi41DmaProcessBD	24	static
C:/dev/System23/freetribe/cpu/lib/am1802-csl/src/csl_cppi41dma.c:155:6:Cppi41DmaInit	36	static
C:/dev/System23/freetribe/cpu/lib/am1802-csl/src/csl_cppi41dma.c:372:6:enableCoreTxDMA	4	static
C:/dev/System23/freetribe/cpu/lib/am1802-csl/src/csl_cppi41dma.c:404:6:enableCoreRxDMA	8	static
C:/dev/System23/freetribe/cpu/lib/am1802-csl/src/csl_cppi41dma.c:444:6:disableCoreRxDMA	0	static
C:/dev/System23/freetribe/cpu/lib/am1802-csl/src/csl_cppi41dma.c:473:6:disableCoreTxDMA	4	static
C:/dev/System23/freetribe/cpu/lib/am1802-csl/src/csl_cppi41dma.c:631:17:getFreeBd	0	static
C:/dev/System23/freetribe/cpu/lib/am1802-csl/src/csl_cppi41dma.c:653:6:putFreeBd	0	static
C:/dev/System23/freetribe/cpu/lib/am1802-csl/src/csl_cppi41dma.c:675:6:pushToSubmitQ	0	static
C:/dev/System23/freetribe/cpu/lib/am1802-csl/src/csl_cppi41dma.c:833:6:doDmaTxTransfer	56	static
C:/dev/System23/freetribe/cpu/lib/am1802-csl/src/csl_cppi41dma.c:999:6:doDmaRxTransfer	32	static
C:/dev/System23/freetribe/cpu/lib/am1802-csl/src/csl_cppi41dma.c:1168:14:dmaRxCompletion	16	static
C:/dev/System23/freetribe/cpu/lib/am1802-csl/src/csl_cppi41dma.c:1210:14:CppiDmaGetPendStatus	0	static
C:/dev/System23/freetribe/cpu/lib/am1802-csl/src/csl_cppi41dma.c:1246:14:CppiDmaGetINTD0Status	0	static
C:/dev/System23/freetribe/cpu/lib/am1802-csl/src/csl_cppi41dma.c:1405:15:cppiDmaAllocBuffer	0	static
C:/dev/System23/freetribe/cpu/lib/am1802-csl/src/csl_cppi41dma.c:1429:6:cppiDmaFreeBuffer	0	static
C:/dev/System23/freetribe/cpu/lib/am1802-csl/src/csl_cppi41dma.c:1451:15:cppiDmaAllocnBuffer	8	static
C:/dev/System23/freetribe/cpu/lib/am1802-csl/src/csl_cppi41dma.c:1486:6:cppiDmaFreenBuffer	4	static
C:/dev/System23/freetribe/cpu/lib/am1802-csl/src/csl_cppi41dma.c:1080:14:dmaTxCompletion	16	static
C:/dev/System23/freetribe/cpu/lib/am1802-csl/src/csl_cppi41dma.c:1516:6:cppiDmaHandleError	0	static
