C:/dev/System23/freetribe/cpu/src/kernel/system/heap_4.c:503:13:prvInsertBlockIntoFreeList	8	static
C:/dev/System23/freetribe/cpu/src/kernel/system/heap_4.c:455:13:prvHeapInit	16	static
C:/dev/System23/freetribe/cpu/src/kernel/system/heap_4.c:172:8:pvPortMalloc	16	static
C:/dev/System23/freetribe/cpu/src/kernel/system/heap_4.c:353:6:vPortFree	16	static
C:/dev/System23/freetribe/cpu/src/kernel/system/heap_4.c:412:8:xPortGetFreeHeapSize	0	static
C:/dev/System23/freetribe/cpu/src/kernel/system/heap_4.c:418:8:xPortGetMinimumEverFreeHeapSize	0	static
C:/dev/System23/freetribe/cpu/src/kernel/system/heap_4.c:424:6:xPortResetHeapMinimumEverFreeHeapSize	0	static
C:/dev/System23/freetribe/cpu/src/kernel/system/heap_4.c:430:6:vPortInitialiseBlocks	0	static
C:/dev/System23/freetribe/cpu/src/kernel/system/heap_4.c:436:8:pvPortCalloc	16	static
C:/dev/System23/freetribe/cpu/src/kernel/system/heap_4.c:571:6:vPortGetHeapStats	24	static
C:/dev/System23/freetribe/cpu/src/kernel/system/heap_4.c:628:6:vPortHeapResetState	0	static
