C:/dev/System23/freetribe/cpu/src/kernel/device/dev_flash.c:529:13:_flash_transaction_begin	0	static
C:/dev/System23/freetribe/cpu/src/kernel/device/dev_flash.c:592:13:_flash_tx_end.part.0	16	static
C:/dev/System23/freetribe/cpu/src/kernel/device/dev_flash.c:542:13:_flash_address	16	static
C:/dev/System23/freetribe/cpu/src/kernel/device/dev_flash.c:534:13:_flash_command	16	static
C:/dev/System23/freetribe/cpu/src/kernel/device/dev_flash.c:419:11:_read_reg_byte	32	static
C:/dev/System23/freetribe/cpu/src/kernel/device/dev_flash.c:409:13:_flash_busy	8	static
C:/dev/System23/freetribe/cpu/src/kernel/device/dev_flash.c:411:13:_write_enable	16	static
C:/dev/System23/freetribe/cpu/src/kernel/device/dev_flash.c:363:13:_sector_erase	16	static
C:/dev/System23/freetribe/cpu/src/kernel/device/dev_flash.c:350:13:_sector_write	24	static
C:/dev/System23/freetribe/cpu/src/kernel/device/dev_flash.c:137:10:dev_flash_init	40	static
C:/dev/System23/freetribe/cpu/src/kernel/device/dev_flash.c:178:6:dev_flash_read	24	static
C:/dev/System23/freetribe/cpu/src/kernel/device/dev_flash.c:197:6:dev_flash_write	32	static
C:/dev/System23/freetribe/cpu/src/kernel/device/dev_flash.c:259:6:dev_flash_verify	24	static
C:/dev/System23/freetribe/cpu/src/kernel/device/dev_flash.c:293:6:dev_flash_erase	24	static
C:/dev/System23/freetribe/cpu/src/kernel/device/dev_flash.c:346:6:dev_flash_unlock	16	static
